ARM Linker, 5.03 [Build 76] [MDK-ARM Standard]

==============================================================================

Section Cross References

    main.o(.text) refers to _printf_percent.o(.ARM.Collect$$_printf_percent$$00000000) for _printf_percent
    main.o(.text) refers to _printf_d.o(.ARM.Collect$$_printf_percent$$00000009) for _printf_d
    main.o(.text) refers to _printf_dec.o(.text) for _printf_int_dec
    main.o(.text) refers to _scanf_int.o(.text) for _scanf_int
    main.o(.text) refers to _printf_pad.o(.text) for _printf_pre_padding
    main.o(.text) refers to tb_usart.o(.text) for zx_uart_send_str
    main.o(.text) refers to fflt_clz.o(x$fpl$ffltu) for __aeabi_ui2f
    main.o(.text) refers to feqf.o(x$fpl$feqf) for __aeabi_cfcmpeq
    main.o(.text) refers to dflt_clz.o(x$fpl$dfltu) for __aeabi_ui2d
    main.o(.text) refers to daddsub_clz.o(x$fpl$dadd) for __aeabi_dadd
    main.o(.text) refers to dfixu.o(x$fpl$dfixu) for __aeabi_d2uiz
    main.o(.text) refers to ddiv.o(x$fpl$ddiv) for __aeabi_ddiv
    main.o(.text) refers to faddsub_clz.o(x$fpl$fsub) for __aeabi_fsub
    main.o(.text) refers to f2d.o(x$fpl$f2d) for __aeabi_f2d
    main.o(.text) refers to d2f.o(x$fpl$d2f) for __aeabi_d2f
    main.o(.text) refers to rt_memclr.o(.text) for __aeabi_memclr
    main.o(.text) refers to w25q64.o(.text) for W25Q_Read
    main.o(.text) refers to noretval__2sprintf.o(.text) for __2sprintf
    main.o(.text) refers to faddsub_clz.o(x$fpl$fadd) for __aeabi_fadd
    main.o(.text) refers to strlen.o(.text) for strlen
    main.o(.text) refers to stm32f10x_tim.o(.text) for TIM_SetCompare4
    main.o(.text) refers to tb_global.o(.text) for str_contain_str
    main.o(.text) refers to ffixu.o(x$fpl$ffixu) for __aeabi_f2uiz
    main.o(.text) refers to tb_global.o(.bss) for duoji_doing
    main.o(.text) refers to main.o(.data) for save_addr_sector
    main.o(.text) refers to __0sscanf.o(.text) for __0sscanf
    main.o(.text) refers to tb_gpio.o(.text) for gpioB_pin_set
    main.o(.text) refers to tb_delay.o(.text) for tb_delay_ms
    main.o(.text) refers to stm32f10x_usart.o(.text) for USART_ITConfig
    main.o(.text) refers to tb_global.o(.data) for uart1_get_ok
    main.o(.text) refers to main.o(.bss) for psx_buf
    main.o(.text) refers to rt_memcpy_v6.o(.text) for __aeabi_memcpy
    main.o(.text) refers to strcpy.o(.text) for strcpy
    main.o(.text) refers to ps2_sony.o(.text) for psx_write_read
    main.o(.text) refers to tb_rcc.o(.text) for tb_rcc_init
    main.o(.text) refers to tb_timer.o(.text) for TIM2_Int_Init
    main.o(.text) refers to w25q64.o(.data) for W25Q_TYPE
    main.o(.data) refers to main.o(.conststring) for .conststring
    system_stm32f10x.o(.text) refers to system_stm32f10x.o(.data) for SystemCoreClock
    stm32f10x_gpio.o(.text) refers to stm32f10x_rcc.o(.text) for RCC_APB2PeriphResetCmd
    stm32f10x_rcc.o(.text) refers to stm32f10x_rcc.o(.data) for APBAHBPrescTable
    stm32f10x_usart.o(.text) refers to stm32f10x_rcc.o(.text) for RCC_APB2PeriphResetCmd
    stm32f10x_i2c.o(.text) refers to stm32f10x_rcc.o(.text) for RCC_APB1PeriphResetCmd
    stm32f10x_tim.o(.text) refers to stm32f10x_rcc.o(.text) for RCC_APB2PeriphResetCmd
    stm32f10x_spi.o(.text) refers to stm32f10x_rcc.o(.text) for RCC_APB2PeriphResetCmd
    stm32f10x_adc.o(.text) refers to stm32f10x_rcc.o(.text) for RCC_APB2PeriphResetCmd
    startup_stm32f10x_hd.o(STACK) refers (Special) to heapauxi.o(.text) for __use_two_region_memory
    startup_stm32f10x_hd.o(HEAP) refers (Special) to heapauxi.o(.text) for __use_two_region_memory
    startup_stm32f10x_hd.o(RESET) refers (Special) to heapauxi.o(.text) for __use_two_region_memory
    startup_stm32f10x_hd.o(RESET) refers to startup_stm32f10x_hd.o(STACK) for __initial_sp
    startup_stm32f10x_hd.o(RESET) refers to startup_stm32f10x_hd.o(.text) for Reset_Handler
    startup_stm32f10x_hd.o(RESET) refers to stm32f10x_it.o(.text) for NMI_Handler
    startup_stm32f10x_hd.o(RESET) refers to tb_timer.o(.text) for SysTick_Handler
    startup_stm32f10x_hd.o(RESET) refers to tb_usart.o(.text) for USART1_IRQHandler
    startup_stm32f10x_hd.o(.text) refers (Special) to heapauxi.o(.text) for __use_two_region_memory
    startup_stm32f10x_hd.o(.text) refers to system_stm32f10x.o(.text) for SystemInit
    startup_stm32f10x_hd.o(.text) refers to __main.o(!!!main) for __main
    startup_stm32f10x_hd.o(.text) refers to startup_stm32f10x_hd.o(HEAP) for Heap_Mem
    startup_stm32f10x_hd.o(.text) refers to startup_stm32f10x_hd.o(STACK) for Stack_Mem
    tb_gpio.o(.text) refers to stm32f10x_rcc.o(.text) for RCC_APB2PeriphClockCmd
    tb_gpio.o(.text) refers to stm32f10x_gpio.o(.text) for GPIO_PinRemapConfig
    tb_gpio.o(.text) refers to tb_delay.o(.text) for tb_delay_ms
    tb_gpio.o(.text) refers to tb_gpio.o(.data) for flag
    tb_rcc.o(.text) refers to stm32f10x_rcc.o(.text) for RCC_DeInit
    tb_global.o(.text) refers to tb_global.o(.bss) for duoji_doing
[...]
    .ARM.Collect$$libinit$$0000002A          0x080001c2   Section        0  libinit2.o(.ARM.Collect$$libinit$$0000002A)
    .ARM.Collect$$libinit$$0000002C          0x080001c2   Section        0  libinit2.o(.ARM.Collect$$libinit$$0000002C)
    .ARM.Collect$$libinit$$0000002E          0x080001c2   Section        0  libinit2.o(.ARM.Collect$$libinit$$0000002E)
    .ARM.Collect$$libinit$$00000030          0x080001c2   Section        0  libinit2.o(.ARM.Collect$$libinit$$00000030)
    .ARM.Collect$$libinit$$00000031          0x080001c2   Section        2  libinit2.o(.ARM.Collect$$libinit$$00000031)
    .ARM.Collect$$libshutdown$$00000000      0x080001c4   Section        2  libshutdown.o(.ARM.Collect$$libshutdown$$00000000)
    .ARM.Collect$$libshutdown$$00000003      0x080001c6   Section        0  libshutdown2.o(.ARM.Collect$$libshutdown$$00000003)
    .ARM.Collect$$libshutdown$$00000006      0x080001c6   Section        0  libshutdown2.o(.ARM.Collect$$libshutdown$$00000006)
    .ARM.Collect$$libshutdown$$00000009      0x080001c6   Section        0  libshutdown2.o(.ARM.Collect$$libshutdown$$00000009)
    .ARM.Collect$$libshutdown$$0000000B      0x080001c6   Section        0  libshutdown2.o(.ARM.Collect$$libshutdown$$0000000B)
    .ARM.Collect$$libshutdown$$0000000E      0x080001c6   Section        0  libshutdown2.o(.ARM.Collect$$libshutdown$$0000000E)
    .ARM.Collect$$libshutdown$$0000000F      0x080001c6   Section        2  libshutdown2.o(.ARM.Collect$$libshutdown$$0000000F)
    .ARM.Collect$$rtentry$$00000000          0x080001c8   Section        0  rtentry.o(.ARM.Collect$$rtentry$$00000000)
    .ARM.Collect$$rtentry$$00000002          0x080001c8   Section        0  rtentry2.o(.ARM.Collect$$rtentry$$00000002)
    .ARM.Collect$$rtentry$$00000004          0x080001c8   Section        6  rtentry4.o(.ARM.Collect$$rtentry$$00000004)
    .ARM.Collect$$rtentry$$00000009          0x080001ce   Section        0  rtentry2.o(.ARM.Collect$$rtentry$$00000009)
    .ARM.Collect$$rtentry$$0000000A          0x080001ce   Section        4  rtentry2.o(.ARM.Collect$$rtentry$$0000000A)
    .ARM.Collect$$rtentry$$0000000C          0x080001d2   Section        0  rtentry2.o(.ARM.Collect$$rtentry$$0000000C)
    .ARM.Collect$$rtentry$$0000000D          0x080001d2   Section        8  rtentry2.o(.ARM.Collect$$rtentry$$0000000D)
    .ARM.Collect$$rtexit$$00000000           0x080001da   Section        2  rtexit.o(.ARM.Collect$$rtexit$$00000000)
    .ARM.Collect$$rtexit$$00000002           0x080001dc   Section        0  rtexit2.o(.ARM.Collect$$rtexit$$00000002)
    .ARM.Collect$$rtexit$$00000003           0x080001dc   Section        4  rtexit2.o(.ARM.Collect$$rtexit$$00000003)
    .ARM.Collect$$rtexit$$00000004           0x080001e0   Section        6  rtexit2.o(.ARM.Collect$$rtexit$$00000004)
    .text                                    0x080001e6   Section        0  stm32f10x_it.o(.text)
    .text                                    0x08000200   Section        0  main.o(.text)
    .text                                    0x08001190   Section        0  system_stm32f10x.o(.text)
    SetSysClockTo72                          0x08001191   Thumb Code   214  system_stm32f10x.o(.text)
    SetSysClock                              0x08001267   Thumb Code     8  system_stm32f10x.o(.text)
    .text                                    0x08001370   Section        0  stm32f10x_gpio.o(.text)
    .text                                    0x080016cc   Section        0  stm32f10x_rcc.o(.text)
    .text                                    0x08001a70   Section        0  misc.o(.text)
    .text                                    0x08001b4c   Section        0  stm32f10x_usart.o(.text)
    .text                                    0x08001f54   Section        0  stm32f10x_tim.o(.text)
    TI4_Config                               0x080023fb   Thumb Code   130  stm32f10x_tim.o(.text)
    TI3_Config                               0x0800248f   Thumb Code   122  stm32f10x_tim.o(.text)
    TI2_Config                               0x08002523   Thumb Code   130  stm32f10x_tim.o(.text)
    TI1_Config                               0x080025b7   Thumb Code   108  stm32f10x_tim.o(.text)
    .text                                    0x08002d70   Section        0  stm32f10x_spi.o(.text)
    .text                                    0x0800307c   Section       64  startup_stm32f10x_hd.o(.text)
    .text                                    0x080030bc   Section        0  tb_gpio.o(.text)
    .text                                    0x0800333c   Section        0  tb_rcc.o(.text)
    .text                                    0x0800339c   Section        0  tb_global.o(.text)
    .text                                    0x08003424   Section        0  tb_delay.o(.text)
    .text                                    0x08003474   Section        0  tb_usart.o(.text)
    .text                                    0x08003bdc   Section        0  tb_timer.o(.text)
    .text                                    0x08003f20   Section        0  ps2_sony.o(.text)
    .text                                    0x08004070   Section        0  w25q64.o(.text)
    .text                                    0x080044a8   Section        0  noretval__2sprintf.o(.text)
    .text                                    0x080044d0   Section        0  _printf_pad.o(.text)
    .text                                    0x08004524   Section        0  _printf_dec.o(.text)
    .text                                    0x0800459c   Section        0  __printf_flags_wp.o(.text)
    .text                                    0x080046d8   Section        0  __0sscanf.o(.text)
    .text                                    0x08004714   Section        0  _scanf_int.o(.text)
    .text                                    0x08004864   Section        0  strcpy.o(.text)
    .text                                    0x080048ac   Section        0  strlen.o(.text)
    .text                                    0x080048ea   Section      138  rt_memcpy_v6.o(.text)
    .text                                    0x08004974   Section       68  rt_memclr.o(.text)
    .text                                    0x080049b8   Section        0  heapauxi.o(.text)
    .text                                    0x080049be   Section        0  _printf_intcommon.o(.text)
    .text                                    0x08004a78   Section        0  _printf_char_common.o(.text)
    _printf_input_char                       0x08004a79   Thumb Code    10  _printf_char_common.o(.text)
    .text                                    0x08004aa8   Section        0  _sputc.o(.text)
    .text                                    0x08004ab2   Section        0  _chval.o(.text)
    .text                                    0x08004ad0   Section        0  scanf_char.o(.text)
    _scanf_char_input                        0x08004ad1   Thumb Code    12  scanf_char.o(.text)
    .text                                    0x08004afc   Section        0  _sgetc.o(.text)
    .text                                    0x08004b3c   Section      100  rt_memcpy_w.o(.text)
    .text                                    0x08004ba0   Section       78  rt_memclr_w.o(.text)
    .text                                    0x08004bee   Section        0  isspace.o(.text)
    .text                                    0x08004c00   Section        0  _scanf.o(.text)
    .text                                    0x08004f70   Section       74  sys_stackheap_outer.o(.text)
    .text                                    0x08004fbc   Section       16  rt_ctype_table.o(.text)
    .text                                    0x08004fcc   Section        0  exit.o(.text)
    .text                                    0x08004fd8   Section        8  libspace.o(.text)
    .text                                    0x08004fe0   Section        8  rt_locale_intlibspace.o(.text)
    .text                                    0x08004fe8   Section      128  strcmpv7m.o(.text)
    .text                                    0x08005068   Section        0  sys_exit.o(.text)
    .text                                    0x08005074   Section        2  use_no_semi.o(.text)
    .text                                    0x08005076   Section        0  indicate_semi.o(.text)
    i._is_digit                              0x08005076   Section        0  __printf_wp.o(i._is_digit)
    locale$$code                             0x08005084   Section       44  lc_ctype_c.o(locale$$code)
    x$fpl$d2f                                0x080050b0   Section       98  d2f.o(x$fpl$d2f)
    x$fpl$dadd                               0x08005114   Section      336  daddsub_clz.o(x$fpl$dadd)
    _dadd1                                   0x08005125   Thumb Code     0  daddsub_clz.o(x$fpl$dadd)
    x$fpl$ddiv                               0x08005264   Section      688  ddiv.o(x$fpl$ddiv)
    ddiv_entry                               0x0800526b   Thumb Code     0  ddiv.o(x$fpl$ddiv)
    x$fpl$dfixu                              0x08005514   Section       90  dfixu.o(x$fpl$dfixu)
    x$fpl$dfltu                              0x0800556e   Section       38  dflt_clz.o(x$fpl$dfltu)
    x$fpl$dnaninf                            0x08005594   Section      156  dnaninf.o(x$fpl$dnaninf)
    x$fpl$dretinf                            0x08005630   Section       12  dretinf.o(x$fpl$dretinf)
    x$fpl$dsub                               0x0800563c   Section      468  daddsub_clz.o(x$fpl$dsub)
    _dsub1                                   0x0800564d   Thumb Code     0  daddsub_clz.o(x$fpl$dsub)
    x$fpl$f2d                                0x08005810   Section       86  f2d.o(x$fpl$f2d)
    x$fpl$fadd                               0x08005868   Section      196  faddsub_clz.o(x$fpl$fadd)
    _fadd1                                   0x08005877   Thumb Code     0  faddsub_clz.o(x$fpl$fadd)
    x$fpl$fcmpinf                            0x0800592c   Section       24  fcmpi.o(x$fpl$fcmpinf)
    x$fpl$feqf                               0x08005944   Section      104  feqf.o(x$fpl$feqf)
    x$fpl$ffixu                              0x080059ac   Section       62  ffixu.o(x$fpl$ffixu)
    x$fpl$ffltu                              0x080059ec   Section       38  fflt_clz.o(x$fpl$ffltu)
    x$fpl$fleqf                              0x08005a14   Section      104  fleqf.o(x$fpl$fleqf)
    x$fpl$fnaninf                            0x08005a7c   Section      140  fnaninf.o(x$fpl$fnaninf)
    x$fpl$fretinf                            0x08005b08   Section       10  fretinf.o(x$fpl$fretinf)
    x$fpl$frleqf                             0x08005b12   Section       98  frleqf.o(x$fpl$frleqf)
    x$fpl$fsub                               0x08005b74   Section      234  faddsub_clz.o(x$fpl$fsub)
    _fsub1                                   0x08005b83   Thumb Code     0  faddsub_clz.o(x$fpl$fsub)
    .constdata                               0x08005c5e   Section       17  __printf_flags_wp.o(.constdata)
    x$fpl$usenofp                            0x08005c5e   Section        0  usenofp.o(x$fpl$usenofp)
    maptable                                 0x08005c5e   Data          17  __printf_flags_wp.o(.constdata)
    .conststring                             0x08005c6f   Section      751  main.o(.conststring)
    locale$$data                             0x08005f80   Section      272  lc_ctype_c.o(locale$$data)
    __lcctype_c_name                         0x08005f84   Data           2  lc_ctype_c.o(locale$$data)
    __lcctype_c_start                        0x08005f8c   Data           0  lc_ctype_c.o(locale$$data)
    __lcctype_c_end                          0x08006090   Data           0  lc_ctype_c.o(locale$$data)
    .data                                    0x20000000   Section      196  main.o(.data)
    time_count                               0x2000008c   Data           4  main.o(.data)
    flag                                     0x20000090   Data           1  main.o(.data)
    systick_ms_bak                           0x20000094   Data           4  main.o(.data)
    psx_button_bak                           0x20000098   Data           2  main.o(.data)
    bak                                      0x2000009a   Data           2  main.o(.data)
    temp                                     0x2000009c   Data           2  main.o(.data)
    temp2                                    0x2000009e   Data           2  main.o(.data)
    car_left                                 0x200000a0   Data           4  main.o(.data)
    car_right                                0x200000a4   Data           4  main.o(.data)
    car_left_bak                             0x200000a8   Data           4  main.o(.data)
    car_right_bak                            0x200000ac   Data           4  main.o(.data)
    .data                                    0x200000c4   Section       20  system_stm32f10x.o(.data)
    .data                                    0x200000d8   Section       20  stm32f10x_rcc.o(.data)
    APBAHBPrescTable                         0x200000d8   Data          16  stm32f10x_rcc.o(.data)
    ADCPrescTable                            0x200000e8   Data           4  stm32f10x_rcc.o(.data)
    .data                                    0x200000ec   Section        1  tb_gpio.o(.data)
    flag                                     0x200000ec   Data           1  tb_gpio.o(.data)
    .data                                    0x200000f0   Section       10  tb_global.o(.data)
    .data                                    0x200000fa   Section        6  tb_usart.o(.data)
    buf_index                                0x200000fa   Data           2  tb_usart.o(.data)
    buf_index                                0x200000fc   Data           2  tb_usart.o(.data)
    buf_index                                0x200000fe   Data           2  tb_usart.o(.data)
    .data                                    0x20000100   Section        2  tb_timer.o(.data)
    flag                                     0x20000100   Data           1  tb_timer.o(.data)
    duoji_index1                             0x20000101   Data           1  tb_timer.o(.data)
    .data                                    0x20000102   Section        2  w25q64.o(.data)
    .bss                                     0x20000104   Section        9  main.o(.bss)
    .bss                                     0x20000110   Section     2176  tb_global.o(.bss)
    .bss                                     0x20000990   Section     4114  w25q64.o(.bss)
    .bss                                     0x200019a4   Section       96  libspace.o(.bss)
    HEAP                                     0x20001a08   Section      512  startup_stm32f10x_hd.o(HEAP)
    Heap_Mem                                 0x20001a08   Data         512  startup_stm32f10x_hd.o(HEAP)
    STACK                                    0x20001c08   Section     1024  startup_stm32f10x_hd.o(STACK)
    Stack_Mem                                0x20001c08   Data        1024  startup_stm32f10x_hd.o(STACK)
    __initial_sp                             0x20002008   Data           0  startup_stm32f10x_hd.o(STACK)

    Global Symbols

    Symbol Name                              Value     Ov Type        Size  Object(Section)

    BuildAttributes$$THM_ISAv4$P$D$K$B$S$PE$A:L22UL41UL21$X:L11$S22US41US21$IEEE1$IW$USESV6$~STKCKD$USESV7$~SHL$OSPACE$ROPI$EBA8$UX$STANDARDLIB$REQ8$PRES8$EABIv2 0x00000000   Number         0  anon$$obj.o ABSOLUTE
    __ARM_use_no_argv                        0x00000000   Number         0  main.o ABSOLUTE
    _printf_flags                            0x00000000   Number         0  printf_stubs.o ABSOLUTE
    _printf_return_value                     0x00000000   Number         0  printf_stubs.o ABSOLUTE
    _printf_sizespec                         0x00000000   Number         0  printf_stubs.o ABSOLUTE
    _printf_widthprec                        0x00000000   Number         0  printf_stubs.o ABSOLUTE
    __ARM_exceptions_init                     - Undefined Weak Reference
    __alloca_initialize                       - Undefined Weak Reference
    __cpp_initialize__aeabi_                  - Undefined Weak Reference
    __cxa_finalize                            - Undefined Weak Reference
    __sigvec_lookup                           - Undefined Weak Reference
    _atexit_init                              - Undefined Weak Reference
    _call_atexit_fns                          - Undefined Weak Reference
    _clock_init                               - Undefined Weak Reference
    _fp_trap_init                             - Undefined Weak Reference
    _fp_trap_shutdown                         - Undefined Weak Reference
    _get_lc_collate                           - Undefined Weak Reference
    _get_lc_monetary                          - Undefined Weak Reference
    _get_lc_numeric                           - Undefined Weak Reference
    _get_lc_time                              - Undefined Weak Reference
    _getenv_init                              - Undefined Weak Reference
    _handle_redirection                       - Undefined Weak Reference
    _init_alloc                               - Undefined Weak Reference
    _init_user_alloc                          - Undefined Weak Reference
    _initio                                   - Undefined Weak Reference
    _printf_truncate_signed                   - Undefined Weak Reference
    _printf_truncate_unsigned                 - Undefined Weak Reference
    _rand_init                                - Undefined Weak Reference
    _scanf_longlong                           - Undefined Weak Reference
    _scanf_mbtowc                             - Undefined Weak Reference
    _scanf_real                               - Undefined Weak Reference
    _scanf_string                             - Undefined Weak Reference
    _scanf_wctomb                             - Undefined Weak Reference
    _scanf_wstring                            - Undefined Weak Reference
    _signal_finish                            - Undefined Weak Reference
    _signal_init                              - Undefined Weak Reference
    _terminate_alloc                          - Undefined Weak Reference
    _terminate_user_alloc                     - Undefined Weak Reference
    _terminateio                              - Undefined Weak Reference
    __Vectors_Size                           0x00000130   Number         0  startup_stm32f10x_hd.o ABSOLUTE
    __Vectors                                0x08000000   Data           4  startup_stm32f10x_hd.o(RESET)
    __Vectors_End                            0x08000130   Data           0  startup_stm32f10x_hd.o(RESET)
    __main                                   0x08000131   Thumb Code     8  __main.o(!!!main)
    __scatterload                            0x08000139   Thumb Code     0  __scatter.o(!!!scatter)
    __scatterload_rt2                        0x08000139   Thumb Code    44  __scatter.o(!!!scatter)
    __scatterload_rt2_thumb_only             0x08000139   Thumb Code     0  __scatter.o(!!!scatter)
    __scatterload_null                       0x08000147   Thumb Code     0  __scatter.o(!!!scatter)
    __scatterload_copy                       0x0800016d   Thumb Code    26  __scatter_copy.o(!!handler_copy)
    __scatterload_zeroinit                   0x08000189   Thumb Code    28  __scatter_zi.o(!!handler_zi)
    _printf_d                                0x080001a5   Thumb Code     0  _printf_d.o(.ARM.Collect$$_printf_percent$$00000009)
    _printf_percent                          0x080001a5   Thumb Code     0  _printf_percent.o(.ARM.Collect$$_printf_percent$$00000000)
    _printf_percent_end                      0x080001ab   Thumb Code     0  _printf_percent_end.o(.ARM.Collect$$_printf_percent$$00000017)
    __rt_lib_init                            0x080001af   Thumb Code     0  libinit.o(.ARM.Collect$$libinit$$00000000)
    __rt_lib_init_fp_1                       0x080001b1   Thumb Code     0  libinit2.o(.ARM.Collect$$libinit$$00000002)
    __rt_lib_init_heap_1                     0x080001b1   Thumb Code     0  libinit2.o(.ARM.Collect$$libinit$$00000008)
    __rt_lib_init_lc_common                  0x080001b1   Thumb Code     0  libinit2.o(.ARM.Collect$$libinit$$0000000D)
    __rt_lib_init_rand_1                     0x080001b1   Thumb Code     0  libinit2.o(.ARM.Collect$$libinit$$0000000C)
    __rt_lib_init_user_alloc_1               0x080001b1   Thumb Code     0  libinit2.o(.ARM.Collect$$libinit$$0000000A)
    __rt_lib_init_lc_collate_1               0x080001b7   Thumb Code     0  libinit2.o(.ARM.Collect$$libinit$$0000000F)
    __rt_lib_init_lc_ctype_2                 0x080001b7   Thumb Code     0  libinit2.o(.ARM.Collect$$libinit$$00000010)
    __rt_lib_init_alloca_1                   0x080001c3   Thumb Code     0  libinit2.o(.ARM.Collect$$libinit$$0000002C)
    __rt_lib_init_argv_1                     0x080001c3   Thumb Code     0  libinit2.o(.ARM.Collect$$libinit$$0000002A)
    __rt_lib_init_atexit_1                   0x080001c3   Thumb Code     0  libinit2.o(.ARM.Collect$$libinit$$00000019)
    __rt_lib_init_clock_1                    0x080001c3   Thumb Code     0  libinit2.o(.ARM.Collect$$libinit$$0000001F)
    __rt_lib_init_cpp_1                      0x080001c3   Thumb Code     0  libinit2.o(.ARM.Collect$$libinit$$00000030)
    __rt_lib_init_exceptions_1               0x080001c3   Thumb Code     0  libinit2.o(.ARM.Collect$$libinit$$0000002E)
    __rt_lib_init_fp_trap_1                  0x080001c3   Thumb Code     0  libinit2.o(.ARM.Collect$$libinit$$0000001D)
    __rt_lib_init_getenv_1                   0x080001c3   Thumb Code     0  libinit2.o(.ARM.Collect$$libinit$$00000021)
    __rt_lib_init_lc_ctype_1                 0x080001c3   Thumb Code     0  libinit2.o(.ARM.Collect$$libinit$$00000011)
    __rt_lib_init_lc_monetary_1              0x080001c3   Thumb Code     0  libinit2.o(.ARM.Collect$$libinit$$00000013)
    __rt_lib_init_lc_numeric_1               0x080001c3   Thumb Code     0  libinit2.o(.ARM.Collect$$libinit$$00000015)
    __rt_lib_init_lc_time_1                  0x080001c3   Thumb Code     0  libinit2.o(.ARM.Collect$$libinit$$00000017)
    __rt_lib_init_return                     0x080001c3   Thumb Code     0  libinit2.o(.ARM.Collect$$libinit$$00000031)
    __rt_lib_init_signal_1                   0x080001c3   Thumb Code     0  libinit2.o(.ARM.Collect$$libinit$$0000001B)
    __rt_lib_init_stdio_1                    0x080001c3   Thumb Code     0  libinit2.o(.ARM.Collect$$libinit$$00000023)
    __rt_lib_shutdown                        0x080001c5   Thumb Code     0  libshutdown.o(.ARM.Collect$$libshutdown$$00000000)
    __rt_lib_shutdown_fp_trap_1              0x080001c7   Thumb Code     0  libshutdown2.o(.ARM.Collect$$libshutdown$$00000006)
    __rt_lib_shutdown_heap_1                 0x080001c7   Thumb Code     0  libshutdown2.o(.ARM.Collect$$libshutdown$$0000000E)
    __rt_lib_shutdown_return                 0x080001c7   Thumb Code     0  libshutdown2.o(.ARM.Collect$$libshutdown$$0000000F)
    __rt_lib_shutdown_signal_1               0x080001c7   Thumb Code     0  libshutdown2.o(.ARM.Collect$$libshutdown$$00000009)
    __rt_lib_shutdown_stdio_1                0x080001c7   Thumb Code     0  libshutdown2.o(.ARM.Collect$$libshutdown$$00000003)
    __rt_lib_shutdown_user_alloc_1           0x080001c7   Thumb Code     0  libshutdown2.o(.ARM.Collect$$libshutdown$$0000000B)
    __rt_entry                               0x080001c9   Thumb Code     0  rtentry.o(.ARM.Collect$$rtentry$$00000000)
    __rt_entry_presh_1                       0x080001c9   Thumb Code     0  rtentry2.o(.ARM.Collect$$rtentry$$00000002)
    __rt_entry_sh                            0x080001c9   Thumb Code     0  rtentry4.o(.ARM.Collect$$rtentry$$00000004)
    __rt_entry_li                            0x080001cf   Thumb Code     0  rtentry2.o(.ARM.Collect$$rtentry$$0000000A)
    __rt_entry_postsh_1                      0x080001cf   Thumb Code     0  rtentry2.o(.ARM.Collect$$rtentry$$00000009)
    __rt_entry_main                          0x080001d3   Thumb Code     0  rtentry2.o(.ARM.Collect$$rtentry$$0000000D)
    __rt_entry_postli_1                      0x080001d3   Thumb Code     0  rtentry2.o(.ARM.Collect$$rtentry$$0000000C)
    __rt_exit                                0x080001db   Thumb Code     0  rtexit.o(.ARM.Collect$$rtexit$$00000000)
    __rt_exit_ls                             0x080001dd   Thumb Code     0  rtexit2.o(.ARM.Collect$$rtexit$$00000003)
    __rt_exit_prels_1                        0x080001dd   Thumb Code     0  rtexit2.o(.ARM.Collect$$rtexit$$00000002)
    __rt_exit_exit                           0x080001e1   Thumb Code     0  rtexit2.o(.ARM.Collect$$rtexit$$00000004)
    NMI_Handler                              0x080001e7   Thumb Code     2  stm32f10x_it.o(.text)
    HardFault_Handler                        0x080001e9   Thumb Code     4  stm32f10x_it.o(.text)
    MemManage_Handler                        0x080001ed   Thumb Code     4  stm32f10x_it.o(.text)
    BusFault_Handler                         0x080001f1   Thumb Code     4  stm32f10x_it.o(.text)
    UsageFault_Handler                       0x080001f5   Thumb Code     4  stm32f10x_it.o(.text)
    SVC_Handler                              0x080001f9   Thumb Code     2  stm32f10x_it.o(.text)
    DebugMon_Handler                         0x080001fb   Thumb Code     2  stm32f10x_it.o(.text)
    PendSV_Handler                           0x080001fd   Thumb Code     2  stm32f10x_it.o(.text)
    do_action                                0x08000201   Thumb Code   376  main.o(.text)
    do_group_once                            0x08000379   Thumb Code    56  main.o(.text)
    check_dj_state                           0x080003b1   Thumb Code    48  main.o(.text)
    handle_action                            0x080003e1   Thumb Code   164  main.o(.text)
    replace_char                             0x08000485   Thumb Code    20  main.o(.text)
    get_action_index                         0x08000499   Thumb Code    60  main.o(.text)
    action_save                              0x080004d5   Thumb Code   112  main.o(.text)
    car_pwm_set                              0x08000545   Thumb Code   140  main.o(.text)
    int_exchange                             0x080005d1   Thumb Code    10  main.o(.text)
    erase_sector                             0x080005db   Thumb Code    66  main.o(.text)
    print_group                              0x0800061d   Thumb Code    78  main.o(.text)
    parse_cmd                                0x0800066b   Thumb Code   984  main.o(.text)
    handle_uart                              0x08000a43   Thumb Code    94  main.o(.text)
    abs_int                                  0x08000aa1   Thumb Code    14  main.o(.text)
    handle_car                               0x08000aaf   Thumb Code   498  main.o(.text)
    parse_psx_buf                            0x08000ca1   Thumb Code   544  main.o(.text)
    handle_button                            0x08000ec1   Thumb Code    52  main.o(.text)
    handle_ps2                               0x08000ef5   Thumb Code    36  main.o(.text)
    handle_nled                              0x08000f19   Thumb Code    62  main.o(.text)
    beep_led_dis_init                        0x08000f57   Thumb Code   136  main.o(.text)
    main                                     0x08000fdf   Thumb Code   340  main.o(.text)
    soft_reset                               0x08001133   Thumb Code    38  main.o(.text)
    SystemInit                               0x0800126f   Thumb Code    78  system_stm32f10x.o(.text)
    SystemCoreClockUpdate                    0x080012bd   Thumb Code   142  system_stm32f10x.o(.text)
    GPIO_DeInit                              0x08001371   Thumb Code   172  stm32f10x_gpio.o(.text)
    GPIO_AFIODeInit                          0x0800141d   Thumb Code    20  stm32f10x_gpio.o(.text)
    GPIO_Init                                0x08001431   Thumb Code   278  stm32f10x_gpio.o(.text)
    GPIO_StructInit                          0x08001547   Thumb Code    16  stm32f10x_gpio.o(.text)
    GPIO_ReadInputDataBit                    0x08001557   Thumb Code    18  stm32f10x_gpio.o(.text)
    GPIO_ReadInputData                       0x08001569   Thumb Code     8  stm32f10x_gpio.o(.text)
    GPIO_ReadOutputDataBit                   0x08001571   Thumb Code    18  stm32f10x_gpio.o(.text)
    GPIO_ReadOutputData                      0x08001583   Thumb Code     8  stm32f10x_gpio.o(.text)
    GPIO_SetBits                             0x0800158b   Thumb Code     4  stm32f10x_gpio.o(.text)
    GPIO_ResetBits                           0x0800158f   Thumb Code     4  stm32f10x_gpio.o(.text)
    GPIO_WriteBit                            0x08001593   Thumb Code    10  stm32f10x_gpio.o(.text)
    GPIO_Write                               0x0800159d   Thumb Code     4  stm32f10x_gpio.o(.text)
    GPIO_PinLockConfig                       0x080015a1   Thumb Code    18  stm32f10x_gpio.o(.text)
    GPIO_EventOutputConfig                   0x080015b3   Thumb Code    26  stm32f10x_gpio.o(.text)
    GPIO_EventOutputCmd                      0x080015cd   Thumb Code     6  stm32f10x_gpio.o(.text)
    GPIO_PinRemapConfig                      0x080015d3   Thumb Code   138  stm32f10x_gpio.o(.text)
    GPIO_EXTILineConfig                      0x0800165d   Thumb Code    66  stm32f10x_gpio.o(.text)
    GPIO_ETH_MediaInterfaceConfig            0x0800169f   Thumb Code     8  stm32f10x_gpio.o(.text)
    RCC_DeInit                               0x080016cd   Thumb Code    64  stm32f10x_rcc.o(.text)
    RCC_HSEConfig                            0x0800170d   Thumb Code    70  stm32f10x_rcc.o(.text)
    RCC_GetFlagStatus                        0x08001753   Thumb Code    56  stm32f10x_rcc.o(.text)
    RCC_WaitForHSEStartUp                    0x0800178b   Thumb Code    56  stm32f10x_rcc.o(.text)
    RCC_AdjustHSICalibrationValue            0x080017c3   Thumb Code    20  stm32f10x_rcc.o(.text)
    RCC_HSICmd                               0x080017d7   Thumb Code     6  stm32f10x_rcc.o(.text)
    RCC_PLLConfig                            0x080017dd   Thumb Code    24  stm32f10x_rcc.o(.text)
    RCC_PLLCmd                               0x080017f5   Thumb Code     6  stm32f10x_rcc.o(.text)
    RCC_SYSCLKConfig                         0x080017fb   Thumb Code    18  stm32f10x_rcc.o(.text)
    RCC_GetSYSCLKSource                      0x0800180d   Thumb Code    10  stm32f10x_rcc.o(.text)
    RCC_HCLKConfig                           0x08001817   Thumb Code    18  stm32f10x_rcc.o(.text)
    RCC_PCLK1Config                          0x08001829   Thumb Code    18  stm32f10x_rcc.o(.text)
    RCC_PCLK2Config                          0x0800183b   Thumb Code    20  stm32f10x_rcc.o(.text)
    RCC_ITConfig                             0x0800184f   Thumb Code    26  stm32f10x_rcc.o(.text)
    RCC_USBCLKConfig                         0x08001869   Thumb Code     8  stm32f10x_rcc.o(.text)
    RCC_ADCCLKConfig                         0x08001871   Thumb Code    18  stm32f10x_rcc.o(.text)
    RCC_LSEConfig                            0x08001883   Thumb Code    50  stm32f10x_rcc.o(.text)
    RCC_LSICmd                               0x080018b5   Thumb Code     6  stm32f10x_rcc.o(.text)
    RCC_RTCCLKConfig                         0x080018bb   Thumb Code    12  stm32f10x_rcc.o(.text)
    RCC_RTCCLKCmd                            0x080018c7   Thumb Code     8  stm32f10x_rcc.o(.text)
    RCC_GetClocksFreq                        0x080018cf   Thumb Code   192  stm32f10x_rcc.o(.text)
    RCC_AHBPeriphClockCmd                    0x0800198f   Thumb Code    26  stm32f10x_rcc.o(.text)
    RCC_APB2PeriphClockCmd                   0x080019a9   Thumb Code    26  stm32f10x_rcc.o(.text)
    RCC_APB1PeriphClockCmd                   0x080019c3   Thumb Code    26  stm32f10x_rcc.o(.text)
    RCC_APB2PeriphResetCmd                   0x080019dd   Thumb Code    26  stm32f10x_rcc.o(.text)
    RCC_APB1PeriphResetCmd                   0x080019f7   Thumb Code    26  stm32f10x_rcc.o(.text)
    RCC_BackupResetCmd                       0x08001a11   Thumb Code     8  stm32f10x_rcc.o(.text)
    RCC_ClockSecuritySystemCmd               0x08001a19   Thumb Code     6  stm32f10x_rcc.o(.text)
    RCC_MCOConfig                            0x08001a1f   Thumb Code     6  stm32f10x_rcc.o(.text)
    RCC_ClearFlag                            0x08001a25   Thumb Code    14  stm32f10x_rcc.o(.text)
    RCC_GetITStatus                          0x08001a33   Thumb Code    20  stm32f10x_rcc.o(.text)
    RCC_ClearITPendingBit                    0x08001a47   Thumb Code     6  stm32f10x_rcc.o(.text)
    NVIC_PriorityGroupConfig                 0x08001a71   Thumb Code    10  misc.o(.text)
    NVIC_Init                                0x08001a7b   Thumb Code   100  misc.o(.text)
    NVIC_SetVectorTable                      0x08001adf   Thumb Code    14  misc.o(.text)
    NVIC_SystemLPConfig                      0x08001aed   Thumb Code    34  misc.o(.text)
    SysTick_CLKSourceConfig                  0x08001b0f   Thumb Code    40  misc.o(.text)
    USART_DeInit                             0x08001b4d   Thumb Code   134  stm32f10x_usart.o(.text)
    USART_Init                               0x08001bd3   Thumb Code   210  stm32f10x_usart.o(.text)
    USART_StructInit                         0x08001ca5   Thumb Code    24  stm32f10x_usart.o(.text)
    USART_ClockInit                          0x08001cbd   Thumb Code    34  stm32f10x_usart.o(.text)
    USART_ClockStructInit                    0x08001cdf   Thumb Code    12  stm32f10x_usart.o(.text)
    USART_Cmd                                0x08001ceb   Thumb Code    24  stm32f10x_usart.o(.text)
    USART_ITConfig                           0x08001d03   Thumb Code    74  stm32f10x_usart.o(.text)
    USART_DMACmd                             0x08001d4d   Thumb Code    18  stm32f10x_usart.o(.text)
    USART_SetAddress                         0x08001d5f   Thumb Code    18  stm32f10x_usart.o(.text)
    USART_WakeUpConfig                       0x08001d71   Thumb Code    18  stm32f10x_usart.o(.text)
    USART_ReceiverWakeUpCmd                  0x08001d83   Thumb Code    24  stm32f10x_usart.o(.text)
    USART_LINBreakDetectLengthConfig         0x08001d9b   Thumb Code    18  stm32f10x_usart.o(.text)
    USART_LINCmd                             0x08001dad   Thumb Code    24  stm32f10x_usart.o(.text)
    USART_SendData                           0x08001dc5   Thumb Code     8  stm32f10x_usart.o(.text)
    USART_ReceiveData                        0x08001dcd   Thumb Code    10  stm32f10x_usart.o(.text)
    USART_SendBreak                          0x08001dd7   Thumb Code    10  stm32f10x_usart.o(.text)
    USART_SetGuardTime                       0x08001de1   Thumb Code    16  stm32f10x_usart.o(.text)
    USART_SetPrescaler                       0x08001df1   Thumb Code    16  stm32f10x_usart.o(.text)
    USART_SmartCardCmd                       0x08001e01   Thumb Code    24  stm32f10x_usart.o(.text)
    USART_SmartCardNACKCmd                   0x08001e19   Thumb Code    24  stm32f10x_usart.o(.text)
    USART_HalfDuplexCmd                      0x08001e31   Thumb Code    24  stm32f10x_usart.o(.text)
    USART_OverSampling8Cmd                   0x08001e49   Thumb Code    22  stm32f10x_usart.o(.text)
    USART_OneBitMethodCmd                    0x08001e5f   Thumb Code    24  stm32f10x_usart.o(.text)
    USART_IrDAConfig                         0x08001e77   Thumb Code    18  stm32f10x_usart.o(.text)
    USART_IrDACmd                            0x08001e89   Thumb Code    24  stm32f10x_usart.o(.text)
    USART_GetFlagStatus                      0x08001ea1   Thumb Code    26  stm32f10x_usart.o(.text)
    USART_ClearFlag                          0x08001ebb   Thumb Code    18  stm32f10x_usart.o(.text)
    USART_GetITStatus                        0x08001ecd   Thumb Code    84  stm32f10x_usart.o(.text)
    USART_ClearITPendingBit                  0x08001f21   Thumb Code    52  stm32f10x_usart.o(.text)
    TIM_DeInit                               0x08001f55   Thumb Code   424  stm32f10x_tim.o(.text)
    TIM_TimeBaseInit                         0x080020fd   Thumb Code   122  stm32f10x_tim.o(.text)
    TIM_OC1Init                              0x08002177   Thumb Code   132  stm32f10x_tim.o(.text)
    TIM_OC2Init                              0x080021fb   Thumb Code   154  stm32f10x_tim.o(.text)
    TIM_OC3Init                              0x08002295   Thumb Code   150  stm32f10x_tim.o(.text)
    TIM_OC4Init                              0x0800232b   Thumb Code   182  stm32f10x_tim.o(.text)
    TIM_SetIC4Prescaler                      0x080023e1   Thumb Code    26  stm32f10x_tim.o(.text)
    TIM_SetIC3Prescaler                      0x0800247d   Thumb Code    18  stm32f10x_tim.o(.text)
    TIM_SetIC2Prescaler                      0x08002509   Thumb Code    26  stm32f10x_tim.o(.text)
    TIM_SetIC1Prescaler                      0x080025a5   Thumb Code    18  stm32f10x_tim.o(.text)
    TIM_ICInit                               0x08002623   Thumb Code   150  stm32f10x_tim.o(.text)
    TIM_PWMIConfig                           0x080026b9   Thumb Code   124  stm32f10x_tim.o(.text)
    TIM_BDTRConfig                           0x08002735   Thumb Code    32  stm32f10x_tim.o(.text)
    TIM_TimeBaseStructInit                   0x08002755   Thumb Code    18  stm32f10x_tim.o(.text)
    TIM_OCStructInit                         0x08002767   Thumb Code    20  stm32f10x_tim.o(.text)
    TIM_ICStructInit                         0x0800277b   Thumb Code    18  stm32f10x_tim.o(.text)
    TIM_BDTRStructInit                       0x0800278d   Thumb Code    40  stm32f10x_tim.o(.text)
    TIM_Cmd                                  0x080027b5   Thumb Code    24  stm32f10x_tim.o(.text)
    TIM_CtrlPWMOutputs                       0x080027cd   Thumb Code    30  stm32f10x_tim.o(.text)
    TIM_ITConfig                             0x080027eb   Thumb Code    18  stm32f10x_tim.o(.text)
    TIM_GenerateEvent                        0x080027fd   Thumb Code     4  stm32f10x_tim.o(.text)
    TIM_DMAConfig                            0x08002801   Thumb Code    10  stm32f10x_tim.o(.text)
    TIM_DMACmd                               0x0800280b   Thumb Code    18  stm32f10x_tim.o(.text)
    TIM_InternalClockConfig                  0x0800281d   Thumb Code    12  stm32f10x_tim.o(.text)
    TIM_SelectInputTrigger                   0x08002829   Thumb Code    18  stm32f10x_tim.o(.text)
    TIM_ITRxExternalClockConfig              0x0800283b   Thumb Code    24  stm32f10x_tim.o(.text)
    TIM_TIxExternalClockConfig               0x08002853   Thumb Code    62  stm32f10x_tim.o(.text)
    TIM_ETRConfig                            0x08002891   Thumb Code    28  stm32f10x_tim.o(.text)
    TIM_ETRClockMode1Config                  0x080028ad   Thumb Code    54  stm32f10x_tim.o(.text)
    TIM_ETRClockMode2Config                  0x080028e3   Thumb Code    32  stm32f10x_tim.o(.text)
    TIM_PrescalerConfig                      0x08002903   Thumb Code     6  stm32f10x_tim.o(.text)
    TIM_CounterModeConfig                    0x08002909   Thumb Code    18  stm32f10x_tim.o(.text)
    TIM_EncoderInterfaceConfig               0x0800291b   Thumb Code    66  stm32f10x_tim.o(.text)
    TIM_ForcedOC1Config                      0x0800295d   Thumb Code    18  stm32f10x_tim.o(.text)
    TIM_ForcedOC2Config                      0x0800296f   Thumb Code    26  stm32f10x_tim.o(.text)
    TIM_ForcedOC3Config                      0x08002989   Thumb Code    18  stm32f10x_tim.o(.text)
    TIM_ForcedOC4Config                      0x0800299b   Thumb Code    26  stm32f10x_tim.o(.text)
    TIM_ARRPreloadConfig                     0x080029b5   Thumb Code    24  stm32f10x_tim.o(.text)
    TIM_SelectCOM                            0x080029cd   Thumb Code    24  stm32f10x_tim.o(.text)
    TIM_SelectCCDMA                          0x080029e5   Thumb Code    24  stm32f10x_tim.o(.text)
    TIM_CCPreloadControl                     0x080029fd   Thumb Code    24  stm32f10x_tim.o(.text)
    TIM_OC1PreloadConfig                     0x08002a15   Thumb Code    18  stm32f10x_tim.o(.text)
    TIM_OC2PreloadConfig                     0x08002a27   Thumb Code    26  stm32f10x_tim.o(.text)
    TIM_OC3PreloadConfig                     0x08002a41   Thumb Code    18  stm32f10x_tim.o(.text)
    TIM_OC4PreloadConfig                     0x08002a53   Thumb Code    26  stm32f10x_tim.o(.text)
    TIM_OC1FastConfig                        0x08002a6d   Thumb Code    18  stm32f10x_tim.o(.text)
    TIM_OC2FastConfig                        0x08002a7f   Thumb Code    26  stm32f10x_tim.o(.text)
    TIM_OC3FastConfig                        0x08002a99   Thumb Code    18  stm32f10x_tim.o(.text)
    TIM_OC4FastConfig                        0x08002aab   Thumb Code    26  stm32f10x_tim.o(.text)
    TIM_ClearOC1Ref                          0x08002ac5   Thumb Code    18  stm32f10x_tim.o(.text)
    TIM_ClearOC2Ref                          0x08002ad7   Thumb Code    24  stm32f10x_tim.o(.text)
    TIM_ClearOC3Ref                          0x08002aef   Thumb Code    18  stm32f10x_tim.o(.text)
    TIM_ClearOC4Ref                          0x08002b01   Thumb Code    24  stm32f10x_tim.o(.text)
    TIM_OC1PolarityConfig                    0x08002b19   Thumb Code    18  stm32f10x_tim.o(.text)
    TIM_OC1NPolarityConfig                   0x08002b2b   Thumb Code    18  stm32f10x_tim.o(.text)
    TIM_OC2PolarityConfig                    0x08002b3d   Thumb Code    26  stm32f10x_tim.o(.text)
    TIM_OC2NPolarityConfig                   0x08002b57   Thumb Code    26  stm32f10x_tim.o(.text)
    TIM_OC3PolarityConfig                    0x08002b71   Thumb Code    26  stm32f10x_tim.o(.text)
    TIM_OC3NPolarityConfig                   0x08002b8b   Thumb Code    26  stm32f10x_tim.o(.text)
    TIM_OC4PolarityConfig                    0x08002ba5   Thumb Code    26  stm32f10x_tim.o(.text)
    TIM_CCxCmd                               0x08002bbf   Thumb Code    30  stm32f10x_tim.o(.text)
    TIM_CCxNCmd                              0x08002bdd   Thumb Code    30  stm32f10x_tim.o(.text)
    TIM_SelectOCxM                           0x08002bfb   Thumb Code    82  stm32f10x_tim.o(.text)
    TIM_UpdateDisableConfig                  0x08002c4d   Thumb Code    24  stm32f10x_tim.o(.text)
    TIM_UpdateRequestConfig                  0x08002c65   Thumb Code    24  stm32f10x_tim.o(.text)
    TIM_SelectHallSensor                     0x08002c7d   Thumb Code    24  stm32f10x_tim.o(.text)
    TIM_SelectOnePulseMode                   0x08002c95   Thumb Code    18  stm32f10x_tim.o(.text)
    TIM_SelectOutputTrigger                  0x08002ca7   Thumb Code    18  stm32f10x_tim.o(.text)
    TIM_SelectSlaveMode                      0x08002cb9   Thumb Code    18  stm32f10x_tim.o(.text)
    TIM_SelectMasterSlaveMode                0x08002ccb   Thumb Code    18  stm32f10x_tim.o(.text)
    TIM_SetCounter                           0x08002cdd   Thumb Code     4  stm32f10x_tim.o(.text)
    TIM_SetAutoreload                        0x08002ce1   Thumb Code     4  stm32f10x_tim.o(.text)
    TIM_SetCompare1                          0x08002ce5   Thumb Code     4  stm32f10x_tim.o(.text)
    TIM_SetCompare2                          0x08002ce9   Thumb Code     4  stm32f10x_tim.o(.text)
    TIM_SetCompare3                          0x08002ced   Thumb Code     4  stm32f10x_tim.o(.text)
    TIM_SetCompare4                          0x08002cf1   Thumb Code     6  stm32f10x_tim.o(.text)
    TIM_SetClockDivision                     0x08002cf7   Thumb Code    18  stm32f10x_tim.o(.text)
    TIM_GetCapture1                          0x08002d09   Thumb Code     6  stm32f10x_tim.o(.text)
    TIM_GetCapture2                          0x08002d0f   Thumb Code     6  stm32f10x_tim.o(.text)
    TIM_GetCapture3                          0x08002d15   Thumb Code     6  stm32f10x_tim.o(.text)
    TIM_GetCapture4                          0x08002d1b   Thumb Code     8  stm32f10x_tim.o(.text)
    TIM_GetCounter                           0x08002d23   Thumb Code     6  stm32f10x_tim.o(.text)
    TIM_GetPrescaler                         0x08002d29   Thumb Code     6  stm32f10x_tim.o(.text)
    TIM_GetFlagStatus                        0x08002d2f   Thumb Code    18  stm32f10x_tim.o(.text)
    TIM_ClearFlag                            0x08002d41   Thumb Code     6  stm32f10x_tim.o(.text)
    TIM_GetITStatus                          0x08002d47   Thumb Code    34  stm32f10x_tim.o(.text)
    TIM_ClearITPendingBit                    0x08002d69   Thumb Code     6  stm32f10x_tim.o(.text)
    SPI_I2S_DeInit                           0x08002d71   Thumb Code    76  stm32f10x_spi.o(.text)
    SPI_Init                                 0x08002dbd   Thumb Code    60  stm32f10x_spi.o(.text)
    I2S_Init                                 0x08002df9   Thumb Code   226  stm32f10x_spi.o(.text)
    SPI_StructInit                           0x08002edb   Thumb Code    24  stm32f10x_spi.o(.text)
    I2S_StructInit                           0x08002ef3   Thumb Code    20  stm32f10x_spi.o(.text)
    SPI_Cmd                                  0x08002f07   Thumb Code    24  stm32f10x_spi.o(.text)
    I2S_Cmd                                  0x08002f1f   Thumb Code    24  stm32f10x_spi.o(.text)
    SPI_I2S_ITConfig                         0x08002f37   Thumb Code    32  stm32f10x_spi.o(.text)
    SPI_I2S_DMACmd                           0x08002f57   Thumb Code    18  stm32f10x_spi.o(.text)
    SPI_I2S_SendData                         0x08002f69   Thumb Code     4  stm32f10x_spi.o(.text)
    SPI_I2S_ReceiveData                      0x08002f6d   Thumb Code     6  stm32f10x_spi.o(.text)
    SPI_NSSInternalSoftwareConfig            0x08002f73   Thumb Code    30  stm32f10x_spi.o(.text)
    SPI_SSOutputCmd                          0x08002f91   Thumb Code    24  stm32f10x_spi.o(.text)
    SPI_DataSizeConfig                       0x08002fa9   Thumb Code    18  stm32f10x_spi.o(.text)
    SPI_TransmitCRC                          0x08002fbb   Thumb Code    10  stm32f10x_spi.o(.text)
    SPI_CalculateCRC                         0x08002fc5   Thumb Code    24  stm32f10x_spi.o(.text)
    SPI_GetCRC                               0x08002fdd   Thumb Code    16  stm32f10x_spi.o(.text)
    SPI_GetCRCPolynomial                     0x08002fed   Thumb Code     6  stm32f10x_spi.o(.text)
    SPI_BiDirectionalLineConfig              0x08002ff3   Thumb Code    28  stm32f10x_spi.o(.text)
    SPI_I2S_GetFlagStatus                    0x0800300f   Thumb Code    18  stm32f10x_spi.o(.text)
    SPI_I2S_ClearFlag                        0x08003021   Thumb Code     6  stm32f10x_spi.o(.text)
    SPI_I2S_GetITStatus                      0x08003027   Thumb Code    52  stm32f10x_spi.o(.text)
    SPI_I2S_ClearITPendingBit                0x0800305b   Thumb Code    20  stm32f10x_spi.o(.text)
    Reset_Handler                            0x0800307d   Thumb Code     8  startup_stm32f10x_hd.o(.text)
    ADC1_2_IRQHandler                        0x08003097   Thumb Code     0  startup_stm32f10x_hd.o(.text)
    ADC3_IRQHandler                          0x08003097   Thumb Code     0  startup_stm32f10x_hd.o(.text)
    CAN1_RX1_IRQHandler                      0x08003097   Thumb Code     0  startup_stm32f10x_hd.o(.text)
    CAN1_SCE_IRQHandler                      0x08003097   Thumb Code     0  startup_stm32f10x_hd.o(.text)
    DMA1_Channel1_IRQHandler                 0x08003097   Thumb Code     0  startup_stm32f10x_hd.o(.text)
    DMA1_Channel2_IRQHandler                 0x08003097   Thumb Code     0  startup_stm32f10x_hd.o(.text)
    DMA1_Channel3_IRQHandler                 0x08003097   Thumb Code     0  startup_stm32f10x_hd.o(.text)
    DMA1_Channel4_IRQHandler                 0x08003097   Thumb Code     0  startup_stm32f10x_hd.o(.text)
    DMA1_Channel5_IRQHandler                 0x08003097   Thumb Code     0  startup_stm32f10x_hd.o(.text)
    DMA1_Channel6_IRQHandler                 0x08003097   Thumb Code     0  startup_stm32f10x_hd.o(.text)
    DMA1_Channel7_IRQHandler                 0x08003097   Thumb Code     0  startup_stm32f10x_hd.o(.text)
    DMA2_Channel1_IRQHandler                 0x08003097   Thumb Code     0  startup_stm32f10x_hd.o(.text)
    DMA2_Channel2_IRQHandler                 0x08003097   Thumb Code     0  startup_stm32f10x_hd.o(.text)
    DMA2_Channel3_IRQHandler                 0x08003097   Thumb Code     0  startup_stm32f10x_hd.o(.text)
    DMA2_Channel4_5_IRQHandler               0x08003097   Thumb Code     0  startup_stm32f10x_hd.o(.text)
    EXTI0_IRQHandler                         0x08003097   Thumb Code     0  startup_stm32f10x_hd.o(.text)
    EXTI15_10_IRQHandler                     0x08003097   Thumb Code     0  startup_stm32f10x_hd.o(.text)
    EXTI1_IRQHandler                         0x08003097   Thumb Code     0  startup_stm32f10x_hd.o(.text)
    EXTI2_IRQHandler                         0x08003097   Thumb Code     0  startup_stm32f10x_hd.o(.text)
    EXTI3_IRQHandler                         0x08003097   Thumb Code     0  startup_stm32f10x_hd.o(.text)
    EXTI4_IRQHandler                         0x08003097   Thumb Code     0  startup_stm32f10x_hd.o(.text)
    EXTI9_5_IRQHandler                       0x08003097   Thumb Code     0  startup_stm32f10x_hd.o(.text)
    FLASH_IRQHandler                         0x08003097   Thumb Code     0  startup_stm32f10x_hd.o(.text)
    FSMC_IRQHandler                          0x08003097   Thumb Code     0  startup_stm32f10x_hd.o(.text)
    I2C1_ER_IRQHandler                       0x08003097   Thumb Code     0  startup_stm32f10x_hd.o(.text)
    I2C1_EV_IRQHandler                       0x08003097   Thumb Code     0  startup_stm32f10x_hd.o(.text)
    I2C2_ER_IRQHandler                       0x08003097   Thumb Code     0  startup_stm32f10x_hd.o(.text)
    I2C2_EV_IRQHandler                       0x08003097   Thumb Code     0  startup_stm32f10x_hd.o(.text)
    PVD_IRQHandler                           0x08003097   Thumb Code     0  startup_stm32f10x_hd.o(.text)
    RCC_IRQHandler                           0x08003097   Thumb Code     0  startup_stm32f10x_hd.o(.text)
    RTCAlarm_IRQHandler                      0x08003097   Thumb Code     0  startup_stm32f10x_hd.o(.text)
    RTC_IRQHandler                           0x08003097   Thumb Code     0  startup_stm32f10x_hd.o(.text)
    SDIO_IRQHandler                          0x08003097   Thumb Code     0  startup_stm32f10x_hd.o(.text)
    SPI1_IRQHandler                          0x08003097   Thumb Code     0  startup_stm32f10x_hd.o(.text)
    SPI2_IRQHandler                          0x08003097   Thumb Code     0  startup_stm32f10x_hd.o(.text)
    SPI3_IRQHandler                          0x08003097   Thumb Code     0  startup_stm32f10x_hd.o(.text)
    TAMPER_IRQHandler                        0x08003097   Thumb Code     0  startup_stm32f10x_hd.o(.text)
    TIM1_BRK_IRQHandler                      0x08003097   Thumb Code     0  startup_stm32f10x_hd.o(.text)
    TIM1_CC_IRQHandler                       0x08003097   Thumb Code     0  startup_stm32f10x_hd.o(.text)
    TIM1_TRG_COM_IRQHandler                  0x08003097   Thumb Code     0  startup_stm32f10x_hd.o(.text)
    TIM1_UP_IRQHandler                       0x08003097   Thumb Code     0  startup_stm32f10x_hd.o(.text)
    TIM3_IRQHandler                          0x08003097   Thumb Code     0  startup_stm32f10x_hd.o(.text)
    TIM4_IRQHandler                          0x08003097   Thumb Code     0  startup_stm32f10x_hd.o(.text)
    TIM5_IRQHandler                          0x08003097   Thumb Code     0  startup_stm32f10x_hd.o(.text)
    TIM6_IRQHandler                          0x08003097   Thumb Code     0  startup_stm32f10x_hd.o(.text)
    TIM7_IRQHandler                          0x08003097   Thumb Code     0  startup_stm32f10x_hd.o(.text)
    TIM8_BRK_IRQHandler                      0x08003097   Thumb Code     0  startup_stm32f10x_hd.o(.text)
    TIM8_CC_IRQHandler                       0x08003097   Thumb Code     0  startup_stm32f10x_hd.o(.text)
    TIM8_TRG_COM_IRQHandler                  0x08003097   Thumb Code     0  startup_stm32f10x_hd.o(.text)
    TIM8_UP_IRQHandler                       0x08003097   Thumb Code     0  startup_stm32f10x_hd.o(.text)
    UART4_IRQHandler                         0x08003097   Thumb Code     0  startup_stm32f10x_hd.o(.text)
    UART5_IRQHandler                         0x08003097   Thumb Code     0  startup_stm32f10x_hd.o(.text)
    USBWakeUp_IRQHandler                     0x08003097   Thumb Code     0  startup_stm32f10x_hd.o(.text)
    USB_HP_CAN1_TX_IRQHandler                0x08003097   Thumb Code     0  startup_stm32f10x_hd.o(.text)
    USB_LP_CAN1_RX0_IRQHandler               0x08003097   Thumb Code     0  startup_stm32f10x_hd.o(.text)
    WWDG_IRQHandler                          0x08003097   Thumb Code     0  startup_stm32f10x_hd.o(.text)
    __user_initial_stackheap                 0x08003099   Thumb Code     0  startup_stm32f10x_hd.o(.text)
    tb_gpio_init                             0x080030bd   Thumb Code    20  tb_gpio.o(.text)
    nled_init                                0x080030d1   Thumb Code    40  tb_gpio.o(.text)
    gpioB_pin_set                            0x080030f9   Thumb Code    36  tb_gpio.o(.text)
    nled_switch                              0x0800311d   Thumb Code    38  tb_gpio.o(.text)
    car_init                                 0x08003143   Thumb Code    40  tb_gpio.o(.text)
    car_set                                  0x0800316b   Thumb Code   116  tb_gpio.o(.text)
    beep_init                                0x080031df   Thumb Code    40  tb_gpio.o(.text)
    beep_times                               0x08003207   Thumb Code    62  tb_gpio.o(.text)
    gpioA_pin_set                            0x08003245   Thumb Code    36  tb_gpio.o(.text)
    gpioC_pin_set                            0x08003269   Thumb Code    36  tb_gpio.o(.text)
    dj_io_init                               0x0800328d   Thumb Code    68  tb_gpio.o(.text)
    dj_io_set                                0x080032d1   Thumb Code    86  tb_gpio.o(.text)
    tb_rcc_init                              0x0800333d   Thumb Code    94  tb_rcc.o(.text)
    tb_global_init                           0x0800339d   Thumb Code    44  tb_global.o(.text)
    str_contain_str                          0x080033c9   Thumb Code    74  tb_global.o(.text)
    tb_delay_init                            0x08003425   Thumb Code     2  tb_delay.o(.text)
    tb_delay                                 0x08003427   Thumb Code    14  tb_delay.o(.text)
    tb_delay_ns                              0x08003435   Thumb Code    14  tb_delay.o(.text)
    tb_delay_us                              0x08003443   Thumb Code    24  tb_delay.o(.text)
    tb_delay_ms                              0x0800345b   Thumb Code    26  tb_delay.o(.text)
    tb_usart3_init                           0x08003475   Thumb Code   168  tb_usart.o(.text)
    tb_usart2_init                           0x0800351d   Thumb Code   162  tb_usart.o(.text)
    tb_usart1_init                           0x080035bf   Thumb Code   196  tb_usart.o(.text)
    tb_usart_init                            0x08003683   Thumb Code    66  tb_usart.o(.text)
    tb_usart1_send_byte                      0x080036c5   Thumb Code    14  tb_usart.o(.text)
    tb_usart1_send_nbyte                     0x080036d3   Thumb Code    44  tb_usart.o(.text)
    tb_usart1_send_str                       0x080036ff   Thumb Code    38  tb_usart.o(.text)
    tb_usart2_send_byte                      0x08003725   Thumb Code    14  tb_usart.o(.text)
    tb_usart2_send_nbyte                     0x08003733   Thumb Code    44  tb_usart.o(.text)
    tb_usart2_send_str                       0x0800375f   Thumb Code    38  tb_usart.o(.text)
    tb_usart3_send_byte                      0x08003785   Thumb Code    14  tb_usart.o(.text)
    tb_usart3_send_nbyte                     0x08003793   Thumb Code    44  tb_usart.o(.text)
    tb_usart3_send_str                       0x080037bf   Thumb Code    38  tb_usart.o(.text)
    USART1_IRQHandler                        0x080037e5   Thumb Code   302  tb_usart.o(.text)
    USART2_IRQHandler                        0x08003913   Thumb Code   262  tb_usart.o(.text)
    USART3_IRQHandler                        0x08003a19   Thumb Code   276  tb_usart.o(.text)
    uart1_send_str                           0x08003b2d   Thumb Code    12  tb_usart.o(.text)
    uart1_send_nbyte                         0x08003b39   Thumb Code    16  tb_usart.o(.text)
    uart1_send_byte                          0x08003b49   Thumb Code    12  tb_usart.o(.text)
    uart2_send_str                           0x08003b55   Thumb Code    12  tb_usart.o(.text)
    uart2_send_nbyte                         0x08003b61   Thumb Code    16  tb_usart.o(.text)
    uart2_send_byte                          0x08003b71   Thumb Code    12  tb_usart.o(.text)
    zx_uart_send_str                         0x08003b7d   Thumb Code    24  tb_usart.o(.text)
    uart3_send_str                           0x08003b95   Thumb Code    12  tb_usart.o(.text)
    uart3_send_nbyte                         0x08003ba1   Thumb Code    16  tb_usart.o(.text)
    uart3_send_byte                          0x08003bb1   Thumb Code    12  tb_usart.o(.text)
    _abs                                     0x08003bdd   Thumb Code    24  tb_timer.o(.text)
    SysTick_Int_Init                         0x08003bf5   Thumb Code    24  tb_timer.o(.text)
    SysTick_Handler                          0x08003c0d   Thumb Code    20  tb_timer.o(.text)
    TIM2_Int_Init                            0x08003c21   Thumb Code   102  tb_timer.o(.text)
    TIM3_Pwm_Init                            0x08003c87   Thumb Code   146  tb_timer.o(.text)
    TIM4_Pwm_Init                            0x08003d19   Thumb Code   148  tb_timer.o(.text)
    abs_float                                0x08003dad   Thumb Code    24  tb_timer.o(.text)
    duoji_inc_handle                         0x08003dc5   Thumb Code   158  tb_timer.o(.text)
    TIM2_IRQHandler                          0x08003e63   Thumb Code   156  tb_timer.o(.text)
    psx_io_config                            0x08003f21   Thumb Code    70  ps2_sony.o(.text)
    PSX_init                                 0x08003f67   Thumb Code    38  ps2_sony.o(.text)
    psx_transfer                             0x08003f8d   Thumb Code   120  ps2_sony.o(.text)
    psx_write_read                           0x08004005   Thumb Code    98  ps2_sony.o(.text)
    W25Q_Delay_us                            0x08004071   Thumb Code    12  w25q64.o(.text)
    SPI1_ReadWriteByte                       0x0800407d   Thumb Code    78  w25q64.o(.text)
    W25Q_ReadID                              0x080040cb   Thumb Code    64  w25q64.o(.text)
    SPI1_SetSpeed                            0x0800410b   Thumb Code    26  w25q64.o(.text)
    SPI1_Init                                0x08004125   Thumb Code   108  w25q64.o(.text)
    W25Q_Init                                0x08004191   Thumb Code    68  w25q64.o(.text)
    W25Q_ReadSR                              0x080041d5   Thumb Code    36  w25q64.o(.text)
    W25Q_Write_SR                            0x080041f9   Thumb Code    32  w25q64.o(.text)
    W25Q_Write_Enable                        0x08004219   Thumb Code    24  w25q64.o(.text)
    W25Q_Write_Disable                       0x08004231   Thumb Code    24  w25q64.o(.text)
    W25Q_Read                                0x08004249   Thumb Code    74  w25q64.o(.text)
    W25Q_Wait_Busy                           0x08004293   Thumb Code    18  w25q64.o(.text)
    W25Q_Write_Page                          0x080042a5   Thumb Code    80  w25q64.o(.text)
    W25Q_Write_NoCheck                       0x080042f5   Thumb Code    70  w25q64.o(.text)
    W25Q_Erase_Sector                        0x0800433b   Thumb Code    60  w25q64.o(.text)
    W25Q_Write                               0x08004377   Thumb Code   176  w25q64.o(.text)
    W25Q_Erase_Chip                          0x08004427   Thumb Code    36  w25q64.o(.text)
    W25Q_PowerDown                           0x0800444b   Thumb Code    30  w25q64.o(.text)
    W25Q_WAKEUP                              0x08004469   Thumb Code    64  w25q64.o(.text)
    __2sprintf                               0x080044a9   Thumb Code    34  noretval__2sprintf.o(.text)
    _printf_pre_padding                      0x080044d1   Thumb Code    46  _printf_pad.o(.text)
    _printf_post_padding                     0x080044ff   Thumb Code    36  _printf_pad.o(.text)
    _printf_int_dec                          0x08004525   Thumb Code   102  _printf_dec.o(.text)
    __printf                                 0x0800459d   Thumb Code   310  __printf_flags_wp.o(.text)
    __0sscanf                                0x080046d9   Thumb Code    52  __0sscanf.o(.text)
    _scanf_int                               0x08004715   Thumb Code   336  _scanf_int.o(.text)
    strcpy                                   0x08004865   Thumb Code    72  strcpy.o(.text)
    strlen                                   0x080048ad   Thumb Code    62  strlen.o(.text)
    __aeabi_memcpy                           0x080048eb   Thumb Code     0  rt_memcpy_v6.o(.text)
    __rt_memcpy                              0x080048eb   Thumb Code   138  rt_memcpy_v6.o(.text)
    _memcpy_lastbytes                        0x08004951   Thumb Code     0  rt_memcpy_v6.o(.text)
    __aeabi_memclr                           0x08004975   Thumb Code     0  rt_memclr.o(.text)
    __rt_memclr                              0x08004975   Thumb Code    68  rt_memclr.o(.text)
    _memset                                  0x08004979   Thumb Code     0  rt_memclr.o(.text)
    __use_two_region_memory                  0x080049b9   Thumb Code     2  heapauxi.o(.text)
    __rt_heap_escrow$2region                 0x080049bb   Thumb Code     2  heapauxi.o(.text)
    __rt_heap_expand$2region                 0x080049bd   Thumb Code     2  heapauxi.o(.text)
    _printf_int_common                       0x080049bf   Thumb Code   184  _printf_intcommon.o(.text)
    _printf_char_common                      0x08004a83   Thumb Code    32  _printf_char_common.o(.text)
    _sputc                                   0x08004aa9   Thumb Code    10  _sputc.o(.text)
    _chval                                   0x08004ab3   Thumb Code    28  _chval.o(.text)
    __vfscanf_char                           0x08004add   Thumb Code    24  scanf_char.o(.text)
    _sgetc                                   0x08004afd   Thumb Code    30  _sgetc.o(.text)
    _sbackspace                              0x08004b1b   Thumb Code    34  _sgetc.o(.text)
    __aeabi_memcpy4                          0x08004b3d   Thumb Code     0  rt_memcpy_w.o(.text)
    __aeabi_memcpy8                          0x08004b3d   Thumb Code     0  rt_memcpy_w.o(.text)
    __rt_memcpy_w                            0x08004b3d   Thumb Code   100  rt_memcpy_w.o(.text)
    _memcpy_lastbytes_aligned                0x08004b85   Thumb Code     0  rt_memcpy_w.o(.text)
    __aeabi_memclr4                          0x08004ba1   Thumb Code     0  rt_memclr_w.o(.text)
    __aeabi_memclr8                          0x08004ba1   Thumb Code     0  rt_memclr_w.o(.text)
    __rt_memclr_w                            0x08004ba1   Thumb Code    78  rt_memclr_w.o(.text)
    _memset_w                                0x08004ba5   Thumb Code     0  rt_memclr_w.o(.text)
    isspace                                  0x08004bef   Thumb Code    18  isspace.o(.text)
    __vfscanf                                0x08004c01   Thumb Code   876  _scanf.o(.text)
    __user_setup_stackheap                   0x08004f71   Thumb Code    74  sys_stackheap_outer.o(.text)
    __rt_ctype_table                         0x08004fbd   Thumb Code    16  rt_ctype_table.o(.text)
    exit                                     0x08004fcd   Thumb Code    12  exit.o(.text)
    __user_libspace                          0x08004fd9   Thumb Code     8  libspace.o(.text)
    __user_perproc_libspace                  0x08004fd9   Thumb Code     0  libspace.o(.text)
    __user_perthread_libspace                0x08004fd9   Thumb Code     0  libspace.o(.text)
    __rt_locale                              0x08004fe1   Thumb Code     8  rt_locale_intlibspace.o(.text)
    strcmp                                   0x08004fe9   Thumb Code   128  strcmpv7m.o(.text)
    _sys_exit                                0x08005069   Thumb Code     8  sys_exit.o(.text)
    __I$use$semihosting                      0x08005075   Thumb Code     0  use_no_semi.o(.text)
    __use_no_semihosting_swi                 0x08005075   Thumb Code     2  use_no_semi.o(.text)
    __semihosting_library_function           0x08005077   Thumb Code     0  indicate_semi.o(.text)
    _is_digit                                0x08005077   Thumb Code    14  __printf_wp.o(i._is_digit)
    _get_lc_ctype                            0x08005085   Thumb Code    44  lc_ctype_c.o(locale$$code)
    __aeabi_d2f                              0x080050b1   Thumb Code     0  d2f.o(x$fpl$d2f)
    _d2f                                     0x080050b1   Thumb Code    98  d2f.o(x$fpl$d2f)
    __aeabi_dadd                             0x08005115   Thumb Code     0  daddsub_clz.o(x$fpl$dadd)
    _dadd                                    0x08005115   Thumb Code   332  daddsub_clz.o(x$fpl$dadd)
    __aeabi_ddiv                             0x08005265   Thumb Code     0  ddiv.o(x$fpl$ddiv)
    _ddiv                                    0x08005265   Thumb Code   552  ddiv.o(x$fpl$ddiv)
    __aeabi_d2uiz                            0x08005515   Thumb Code     0  dfixu.o(x$fpl$dfixu)
    _dfixu                                   0x08005515   Thumb Code    90  dfixu.o(x$fpl$dfixu)
    __aeabi_ui2d                             0x0800556f   Thumb Code     0  dflt_clz.o(x$fpl$dfltu)
    _dfltu                                   0x0800556f   Thumb Code    38  dflt_clz.o(x$fpl$dfltu)
    __fpl_dnaninf                            0x08005595   Thumb Code   156  dnaninf.o(x$fpl$dnaninf)
    __fpl_dretinf                            0x08005631   Thumb Code    12  dretinf.o(x$fpl$dretinf)
    __aeabi_dsub                             0x0800563d   Thumb Code     0  daddsub_clz.o(x$fpl$dsub)
    _dsub                                    0x0800563d   Thumb Code   464  daddsub_clz.o(x$fpl$dsub)
    __aeabi_f2d                              0x08005811   Thumb Code     0  f2d.o(x$fpl$f2d)
    _f2d                                     0x08005811   Thumb Code    86  f2d.o(x$fpl$f2d)
    __aeabi_fadd                             0x08005869   Thumb Code     0  faddsub_clz.o(x$fpl$fadd)
    _fadd                                    0x08005869   Thumb Code   196  faddsub_clz.o(x$fpl$fadd)
    __fpl_fcmp_Inf                           0x0800592d   Thumb Code    24  fcmpi.o(x$fpl$fcmpinf)
    __aeabi_cfcmpeq                          0x08005945   Thumb Code     0  feqf.o(x$fpl$feqf)
    _fcmpeq                                  0x08005945   Thumb Code   104  feqf.o(x$fpl$feqf)
    __aeabi_f2uiz                            0x080059ad   Thumb Code     0  ffixu.o(x$fpl$ffixu)
    _ffixu                                   0x080059ad   Thumb Code    62  ffixu.o(x$fpl$ffixu)
    __aeabi_ui2f                             0x080059ed   Thumb Code     0  fflt_clz.o(x$fpl$ffltu)
    _ffltu                                   0x080059ed   Thumb Code    38  fflt_clz.o(x$fpl$ffltu)
    __aeabi_cfcmple                          0x08005a15   Thumb Code     0  fleqf.o(x$fpl$fleqf)
    _fcmple                                  0x08005a15   Thumb Code   104  fleqf.o(x$fpl$fleqf)
    __fpl_fcmple_InfNaN                      0x08005a67   Thumb Code     0  fleqf.o(x$fpl$fleqf)
    __fpl_fnaninf                            0x08005a7d   Thumb Code   140  fnaninf.o(x$fpl$fnaninf)
    __fpl_fretinf                            0x08005b09   Thumb Code    10  fretinf.o(x$fpl$fretinf)
    __aeabi_cfrcmple                         0x08005b13   Thumb Code     0  frleqf.o(x$fpl$frleqf)
    _frcmple                                 0x08005b13   Thumb Code    98  frleqf.o(x$fpl$frleqf)
    __aeabi_fsub                             0x08005b75   Thumb Code     0  faddsub_clz.o(x$fpl$fsub)
    _fsub                                    0x08005b75   Thumb Code   234  faddsub_clz.o(x$fpl$fsub)
    __I$use$fp                               0x08005c5e   Number         0  usenofp.o(x$fpl$usenofp)
    Region$$Table$$Base                      0x08005f60   Number         0  anon$$obj.o(Region$$Table)
    Region$$Table$$Limit                     0x08005f80   Number         0  anon$$obj.o(Region$$Table)
    __ctype                                  0x08005f8d   Data           0  lc_ctype_c.o(locale$$data)
    pre_cmd_set_red                          0x20000000   Data          64  main.o(.data)
    pre_cmd_set_grn                          0x20000040   Data          64  main.o(.data)
    save_addr_sector                         0x20000080   Data           4  main.o(.data)
    save_action_index_bak                    0x20000084   Data           4  main.o(.data)
    group_do_ok                              0x20000088   Data           1  main.o(.data)
    car_dw                                   0x20000089   Data           1  main.o(.data)
    do_start_index                           0x200000b0   Data           4  main.o(.data)
    do_time                                  0x200000b4   Data           4  main.o(.data)
    group_num_start                          0x200000b8   Data           4  main.o(.data)
    group_num_end                            0x200000bc   Data           4  main.o(.data)
    group_num_times                          0x200000c0   Data           4  main.o(.data)
    SystemCoreClock                          0x200000c4   Data           4  system_stm32f10x.o(.data)
    AHBPrescTable                            0x200000c8   Data          16  system_stm32f10x.o(.data)
    duoji_index1                             0x200000f0   Data           1  tb_global.o(.data)
    systick_ms                               0x200000f4   Data           4  tb_global.o(.data)
    uart1_get_ok                             0x200000f8   Data           1  tb_global.o(.data)
    uart1_mode                               0x200000f9   Data           1  tb_global.o(.data)
    W25Q_TYPE                                0x20000102   Data           2  w25q64.o(.data)
    psx_buf                                  0x20000104   Data           9  main.o(.bss)
    duoji_doing                              0x20000110   Data         128  tb_global.o(.bss)
    cmd_return                               0x20000190   Data        1024  tb_global.o(.bss)
    uart_receive_buf                         0x20000590   Data        1024  tb_global.o(.bss)
    W25Q_BUF                                 0x20000990   Data        4096  w25q64.o(.bss)
    SPI_InitStructure                        0x20001990   Data          18  w25q64.o(.bss)
    __libspace_start                         0x200019a4   Data          96  libspace.o(.bss)
    __temporary_stack_top$libspace           0x20001a04   Data           0  libspace.o(.bss)



==============================================================================

Memory Map of the image

  Image Entry point : 0x08000131

  Load Region LR_IROM1 (Base: 0x08000000, Size: 0x00006194, Max: 0x00010000, ABSOLUTE)

    Execution Region ER_IROM1 (Base: 0x08000000, Size: 0x00006090, Max: 0x00010000, ABSOLUTE)

    Base Addr    Size         Type   Attr      Idx    E Section Name        Object

    0x08000000   0x00000130   Data   RO          339    RESET               startup_stm32f10x_hd.o
    0x08000130   0x00000008   Code   RO          550  * !!!main             c_w.l(__main.o)
    0x08000138   0x00000034   Code   RO          796    !!!scatter          c_w.l(__scatter.o)
    0x0800016c   0x0000001a   Code   RO          798    !!handler_copy      c_w.l(__scatter_copy.o)
    0x08000186   0x00000002   PAD
    0x08000188   0x0000001c   Code   RO          800    !!handler_zi        c_w.l(__scatter_zi.o)
    0x080001a4   0x00000000   Code   RO          535    .ARM.Collect$$_printf_percent$$00000000  c_w.l(_printf_percent.o)
    0x080001a4   0x00000006   Code   RO          534    .ARM.Collect$$_printf_percent$$00000009  c_w.l(_printf_d.o)
    0x080001aa   0x00000004   Code   RO          605    .ARM.Collect$$_printf_percent$$00000017  c_w.l(_printf_percent_end.o)
    0x080001ae   0x00000002   Code   RO          659    .ARM.Collect$$libinit$$00000000  c_w.l(libinit.o)
    0x080001b0   0x00000000   Code   RO          674    .ARM.Collect$$libinit$$00000002  c_w.l(libinit2.o)
    0x080001b0   0x00000000   Code   RO          677    .ARM.Collect$$libinit$$00000008  c_w.l(libinit2.o)
    0x080001b0   0x00000000   Code   RO          679    .ARM.Collect$$libinit$$0000000A  c_w.l(libinit2.o)
    0x080001b0   0x00000000   Code   RO          681    .ARM.Collect$$libinit$$0000000C  c_w.l(libinit2.o)
    0x080001b0   0x00000006   Code   RO          682    .ARM.Collect$$libinit$$0000000D  c_w.l(libinit2.o)
    0x080001b6   0x00000000   Code   RO          684    .ARM.Collect$$libinit$$0000000F  c_w.l(libinit2.o)
    0x080001b6   0x0000000c   Code   RO          685    .ARM.Collect$$libinit$$00000010  c_w.l(libinit2.o)
    0x080001c2   0x00000000   Code   RO          686    .ARM.Collect$$libinit$$00000011  c_w.l(libinit2.o)
    0x080001c2   0x00000000   Code   RO          688    .ARM.Collect$$libinit$$00000013  c_w.l(libinit2.o)
    0x080001c2   0x00000000   Code   RO          690    .ARM.Collect$$libinit$$00000015  c_w.l(libinit2.o)
    0x080001c2   0x00000000   Code   RO          692    .ARM.Collect$$libinit$$00000017  c_w.l(libinit2.o)
    0x080001c2   0x00000000   Code   RO          694    .ARM.Collect$$libinit$$00000019  c_w.l(libinit2.o)
    0x080001c2   0x00000000   Code   RO          696    .ARM.Collect$$libinit$$0000001B  c_w.l(libinit2.o)
    0x080001c2   0x00000000   Code   RO          698    .ARM.Collect$$libinit$$0000001D  c_w.l(libinit2.o)
    0x080001c2   0x00000000   Code   RO          700    .ARM.Collect$$libinit$$0000001F  c_w.l(libinit2.o)
    0x080001c2   0x00000000   Code   RO          702    .ARM.Collect$$libinit$$00000021  c_w.l(libinit2.o)
    0x080001c2   0x00000000   Code   RO          704    .ARM.Collect$$libinit$$00000023  c_w.l(libinit2.o)
    0x080001c2   0x00000000   Code   RO          708    .ARM.Collect$$libinit$$0000002A  c_w.l(libinit2.o)
    0x080001c2   0x00000000   Code   RO          710    .ARM.Collect$$libinit$$0000002C  c_w.l(libinit2.o)
    0x080001c2   0x00000000   Code   RO          712    .ARM.Collect$$libinit$$0000002E  c_w.l(libinit2.o)
    0x080001c2   0x00000000   Code   RO          714    .ARM.Collect$$libinit$$00000030  c_w.l(libinit2.o)
    0x080001c2   0x00000002   Code   RO          715    .ARM.Collect$$libinit$$00000031  c_w.l(libinit2.o)
    0x080001c4   0x00000002   Code   RO          737    .ARM.Collect$$libshutdown$$00000000  c_w.l(libshutdown.o)
    0x080001c6   0x00000000   Code   RO          751    .ARM.Collect$$libshutdown$$00000003  c_w.l(libshutdown2.o)
    0x080001c6   0x00000000   Code   RO          754    .ARM.Collect$$libshutdown$$00000006  c_w.l(libshutdown2.o)
    0x080001c6   0x00000000   Code   RO          757    .ARM.Collect$$libshutdown$$00000009  c_w.l(libshutdown2.o)
    0x080001c6   0x00000000   Code   RO          759    .ARM.Collect$$libshutdown$$0000000B  c_w.l(libshutdown2.o)
    0x080001c6   0x00000000   Code   RO          762    .ARM.Collect$$libshutdown$$0000000E  c_w.l(libshutdown2.o)
    0x080001c6   0x00000002   Code   RO          763    .ARM.Collect$$libshutdown$$0000000F  c_w.l(libshutdown2.o)
    0x080001c8   0x00000000   Code   RO          598    .ARM.Collect$$rtentry$$00000000  c_w.l(rtentry.o)
    0x080001c8   0x00000000   Code   RO          628    .ARM.Collect$$rtentry$$00000002  c_w.l(rtentry2.o)
    0x080001c8   0x00000006   Code   RO          640    .ARM.Collect$$rtentry$$00000004  c_w.l(rtentry4.o)
    0x080001ce   0x00000000   Code   RO          630    .ARM.Collect$$rtentry$$00000009  c_w.l(rtentry2.o)
    0x080001ce   0x00000004   Code   RO          631    .ARM.Collect$$rtentry$$0000000A  c_w.l(rtentry2.o)
    0x080001d2   0x00000000   Code   RO          633    .ARM.Collect$$rtentry$$0000000C  c_w.l(rtentry2.o)
    0x080001d2   0x00000008   Code   RO          634    .ARM.Collect$$rtentry$$0000000D  c_w.l(rtentry2.o)
    0x080001da   0x00000002   Code   RO          663    .ARM.Collect$$rtexit$$00000000  c_w.l(rtexit.o)
    0x080001dc   0x00000000   Code   RO          717    .ARM.Collect$$rtexit$$00000002  c_w.l(rtexit2.o)
    0x080001dc   0x00000004   Code   RO          718    .ARM.Collect$$rtexit$$00000003  c_w.l(rtexit2.o)
    0x080001e0   0x00000006   Code   RO          719    .ARM.Collect$$rtexit$$00000004  c_w.l(rtexit2.o)
    0x080001e6   0x00000018   Code   RO            1    .text               stm32f10x_it.o
    0x080001fe   0x00000002   PAD
    0x08000200   0x00000f90   Code   RO           78    .text               main.o
    0x08001190   0x000001e0   Code   RO          197    .text               system_stm32f10x.o
    0x08001370   0x0000035c   Code   RO          215    .text               stm32f10x_gpio.o
    0x080016cc   0x000003a4   Code   RO          227    .text               stm32f10x_rcc.o
    0x08001a70   0x000000dc   Code   RO          241    .text               misc.o
    0x08001b4c   0x00000408   Code   RO          253    .text               stm32f10x_usart.o
    0x08001f54   0x00000e1a   Code   RO          277    .text               stm32f10x_tim.o
    0x08002d6e   0x00000002   PAD
    0x08002d70   0x0000030c   Code   RO          289    .text               stm32f10x_spi.o
    0x0800307c   0x00000040   Code   RO          340    .text               startup_stm32f10x_hd.o
    0x080030bc   0x00000280   Code   RO          344    .text               tb_gpio.o
    0x0800333c   0x0000005e   Code   RO          361    .text               tb_rcc.o
    0x0800339a   0x00000002   PAD
    0x0800339c   0x00000088   Code   RO          376    .text               tb_global.o
    0x08003424   0x00000050   Code   RO          395    .text               tb_delay.o
    0x08003474   0x00000768   Code   RO          410    .text               tb_usart.o
    0x08003bdc   0x00000344   Code   RO          423    .text               tb_timer.o
    0x08003f20   0x00000150   Code   RO          450    .text               ps2_sony.o
    0x08004070   0x00000438   Code   RO          483    .text               w25q64.o
    0x080044a8   0x00000028   Code   RO          506    .text               c_w.l(noretval__2sprintf.o)
    0x080044d0   0x00000052   Code   RO          510    .text               c_w.l(_printf_pad.o)
    0x08004522   0x00000002   PAD
    0x08004524   0x00000078   Code   RO          512    .text               c_w.l(_printf_dec.o)
    0x0800459c   0x0000013c   Code   RO          526    .text               c_w.l(__printf_flags_wp.o)
    0x080046d8   0x0000003c   Code   RO          536    .text               c_w.l(__0sscanf.o)
    0x08004714   0x00000150   Code   RO          538    .text               c_w.l(_scanf_int.o)
    0x08004864   0x00000048   Code   RO          540    .text               c_w.l(strcpy.o)
    0x080048ac   0x0000003e   Code   RO          542    .text               c_w.l(strlen.o)
    0x080048ea   0x0000008a   Code   RO          544    .text               c_w.l(rt_memcpy_v6.o)
    0x08004974   0x00000044   Code   RO          546    .text               c_w.l(rt_memclr.o)
    0x080049b8   0x00000006   Code   RO          548    .text               c_w.l(heapauxi.o)
    0x080049be   0x000000b8   Code   RO          599    .text               c_w.l(_printf_intcommon.o)
    0x08004a76   0x00000002   PAD
    0x08004a78   0x00000030   Code   RO          601    .text               c_w.l(_printf_char_common.o)
    0x08004aa8   0x0000000a   Code   RO          603    .text               c_w.l(_sputc.o)
    0x08004ab2   0x0000001c   Code   RO          606    .text               c_w.l(_chval.o)
    0x08004ace   0x00000002   PAD
    0x08004ad0   0x0000002c   Code   RO          608    .text               c_w.l(scanf_char.o)
    0x08004afc   0x00000040   Code   RO          610    .text               c_w.l(_sgetc.o)
    0x08004b3c   0x00000064   Code   RO          612    .text               c_w.l(rt_memcpy_w.o)
    0x08004ba0   0x0000004e   Code   RO          614    .text               c_w.l(rt_memclr_w.o)
    0x08004bee   0x00000012   Code   RO          642    .text               c_w.l(isspace.o)
    0x08004c00   0x00000370   Code   RO          646    .text               c_w.l(_scanf.o)
    0x08004f70   0x0000004a   Code   RO          648    .text               c_w.l(sys_stackheap_outer.o)
    0x08004fba   0x00000002   PAD
    0x08004fbc   0x00000010   Code   RO          650    .text               c_w.l(rt_ctype_table.o)
    0x08004fcc   0x0000000c   Code   RO          652    .text               c_w.l(exit.o)
    0x08004fd8   0x00000008   Code   RO          660    .text               c_w.l(libspace.o)
    0x08004fe0   0x00000008   Code   RO          668    .text               c_w.l(rt_locale_intlibspace.o)
    0x08004fe8   0x00000080   Code   RO          723    .text               c_w.l(strcmpv7m.o)
    0x08005068   0x0000000c   Code   RO          729    .text               c_w.l(sys_exit.o)
    0x08005074   0x00000002   Code   RO          740    .text               c_w.l(use_no_semi.o)
    0x08005076   0x00000000   Code   RO          742    .text               c_w.l(indicate_semi.o)
    0x08005076   0x0000000e   Code   RO          524    i._is_digit         c_w.l(__printf_wp.o)
    0x08005084   0x0000002c   Code   RO          671    locale$$code        c_w.l(lc_ctype_c.o)
    0x080050b0   0x00000062   Code   RO          552    x$fpl$d2f           fz_ws.l(d2f.o)
    0x08005112   0x00000002   PAD
    0x08005114   0x00000150   Code   RO          554    x$fpl$dadd          fz_ws.l(daddsub_clz.o)
    0x08005264   0x000002b0   Code   RO          561    x$fpl$ddiv          fz_ws.l(ddiv.o)
    0x08005514   0x0000005a   Code   RO          564    x$fpl$dfixu         fz_ws.l(dfixu.o)
    0x0800556e   0x00000026   Code   RO          568    x$fpl$dfltu         fz_ws.l(dflt_clz.o)
    0x08005594   0x0000009c   Code   RO          616    x$fpl$dnaninf       fz_ws.l(dnaninf.o)
    0x08005630   0x0000000c   Code   RO          618    x$fpl$dretinf       fz_ws.l(dretinf.o)
    0x0800563c   0x000001d4   Code   RO          556    x$fpl$dsub          fz_ws.l(daddsub_clz.o)
    0x08005810   0x00000056   Code   RO          574    x$fpl$f2d           fz_ws.l(f2d.o)
    0x08005866   0x00000002   PAD
    0x08005868   0x000000c4   Code   RO          576    x$fpl$fadd          fz_ws.l(faddsub_clz.o)
    0x0800592c   0x00000018   Code   RO          620    x$fpl$fcmpinf       fz_ws.l(fcmpi.o)
    0x08005944   0x00000068   Code   RO          582    x$fpl$feqf          fz_ws.l(feqf.o)
    0x080059ac   0x0000003e   Code   RO          584    x$fpl$ffixu         fz_ws.l(ffixu.o)
    0x080059ea   0x00000002   PAD
    0x080059ec   0x00000026   Code   RO          588    x$fpl$ffltu         fz_ws.l(fflt_clz.o)
    0x08005a12   0x00000002   PAD
    0x08005a14   0x00000068   Code   RO          594    x$fpl$fleqf         fz_ws.l(fleqf.o)
    0x08005a7c   0x0000008c   Code   RO          622    x$fpl$fnaninf       fz_ws.l(fnaninf.o)
    0x08005b08   0x0000000a   Code   RO          624    x$fpl$fretinf       fz_ws.l(fretinf.o)
    0x08005b12   0x00000062   Code   RO          596    x$fpl$frleqf        fz_ws.l(frleqf.o)
    0x08005b74   0x000000ea   Code   RO          578    x$fpl$fsub          fz_ws.l(faddsub_clz.o)
    0x08005c5e   0x00000000   Code   RO          626    x$fpl$usenofp       fz_ws.l(usenofp.o)
    0x08005c5e   0x00000011   Data   RO          527    .constdata          c_w.l(__printf_flags_wp.o)
    0x08005c6f   0x000002ef   Data   RO           80    .conststring        main.o
    0x08005f5e   0x00000002   PAD
    0x08005f60   0x00000020   Data   RO          794    Region$$Table       anon$$obj.o
    0x08005f80   0x00000110   Data   RO          670    locale$$data        c_w.l(lc_ctype_c.o)


    Execution Region RW_IRAM1 (Base: 0x20000000, Size: 0x00002008, Max: 0x00005000, ABSOLUTE)

    Base Addr    Size         Type   Attr      Idx    E Section Name        Object

    0x20000000   0x000000c4   Data   RW           81    .data               main.o
    0x200000c4   0x00000014   Data   RW          198    .data               system_stm32f10x.o
    0x200000d8   0x00000014   Data   RW          228    .data               stm32f10x_rcc.o
    0x200000ec   0x00000001   Data   RW          345    .data               tb_gpio.o
    0x200000ed   0x00000003   PAD
    0x200000f0   0x0000000a   Data   RW          378    .data               tb_global.o
    0x200000fa   0x00000006   Data   RW          411    .data               tb_usart.o
    0x20000100   0x00000002   Data   RW          424    .data               tb_timer.o
    0x20000102   0x00000002   Data   RW          485    .data               w25q64.o
    0x20000104   0x00000009   Zero   RW           79    .bss                main.o
    0x2000010d   0x00000003   PAD
    0x20000110   0x00000880   Zero   RW          377    .bss                tb_global.o
    0x20000990   0x00001012   Zero   RW          484    .bss                w25q64.o
    0x200019a2   0x00000002   PAD
    0x200019a4   0x00000060   Zero   RW          661    .bss                c_w.l(libspace.o)
    0x20001a04   0x00000004   PAD
    0x20001a08   0x00000200   Zero   RW          338    HEAP                startup_stm32f10x_hd.o
    0x20001c08   0x00000400   Zero   RW          337    STACK               startup_stm32f10x_hd.o


==============================================================================

Image component sizes


      Code (inc. data)   RO Data    RW Data    ZI Data      Debug   Object Name

         0          0          0          0          0         32   core_cm3.o
      3984        662        751        196          9     245561   main.o
       220         22          0          0          0       1877   misc.o
       336         10          0          0          0       1257   ps2_sony.o
        64         26        304          0       1536        832   startup_stm32f10x_hd.o
       860         38          0          0          0       5813   stm32f10x_gpio.o
        24          0          0          0          0     261458   stm32f10x_it.o
       932         36          0         20          0       9036   stm32f10x_rcc.o
       780         14          0          0          0       6690   stm32f10x_spi.o
      3610         88          0          0          0      22920   stm32f10x_tim.o
      1032         22          0          0          0       8532   stm32f10x_usart.o
       480         38          0         20          0       2139   system_stm32f10x.o
        80          0          0          0          0       1177   tb_delay.o
       136         18          0         10       2176       2467   tb_global.o
       640         28          0          1          0       2670   tb_gpio.o
        94          0          0          0          0        578   tb_rcc.o
       836         34          0          2          0       2693   tb_timer.o
      1896         70          0          6          0       6856   tb_usart.o
      1080         34          0          2       4114       5395   w25q64.o

    ----------------------------------------------------------------------
     17090       1140       1089        260       7840     587983   Object Totals
         0          0         32          0          0          0   (incl. Generated)
         6          0          2          3          5          0   (incl. Padding)

    ----------------------------------------------------------------------

      Code (inc. data)   RO Data    RW Data    ZI Data      Debug   Library Member Name

        60          8          0          0          0         84   __0sscanf.o
         8          0          0          0          0         68   __main.o
       316          6         17          0          0         92   __printf_flags_wp.o
        14          0          0          0          0         68   __printf_wp.o
        52          8          0          0          0          0   __scatter.o
        26          0          0          0          0          0   __scatter_copy.o
        28          0          0          0          0          0   __scatter_zi.o
        28          0          0          0          0         68   _chval.o
        48          6          0          0          0         96   _printf_char_common.o
         6          0          0          0          0          0   _printf_d.o
       120         18          0          0          0         92   _printf_dec.o
       184          0          0          0          0         88   _printf_intcommon.o
        82          0          0          0          0        108   _printf_pad.o
         0          0          0          0          0          0   _printf_percent.o
         4          0          0          0          0          0   _printf_percent_end.o
       880          4          0          0          0        100   _scanf.o
       336          0          0          0          0         96   _scanf_int.o
        64          0          0          0          0         84   _sgetc.o
        10          0          0          0          0         68   _sputc.o
        12          0          0          0          0         72   exit.o
         6          0          0          0          0        152   heapauxi.o
         0          0          0          0          0          0   indicate_semi.o
        18          0          0          0          0         76   isspace.o
        44         10        272          0          0         76   lc_ctype_c.o
         2          0          0          0          0          0   libinit.o
        20          0          0          0          0          0   libinit2.o
         2          0          0          0          0          0   libshutdown.o
         2          0          0          0          0          0   libshutdown2.o
         8          4          0          0         96         68   libspace.o
        40          6          0          0          0         84   noretval__2sprintf.o
        16          4          0          0          0         76   rt_ctype_table.o
         8          4          0          0          0         68   rt_locale_intlibspace.o
        68          0          0          0          0         68   rt_memclr.o
        78          0          0          0          0         80   rt_memclr_w.o
       138          0          0          0          0         68   rt_memcpy_v6.o
       100          0          0          0          0         80   rt_memcpy_w.o
         0          0          0          0          0          0   rtentry.o
        12          0          0          0          0          0   rtentry2.o
         6          0          0          0          0          0   rtentry4.o
         2          0          0          0          0          0   rtexit.o
        10          0          0          0          0          0   rtexit2.o
        44          8          0          0          0         84   scanf_char.o
       128          0          0          0          0         68   strcmpv7m.o
        72          0          0          0          0         80   strcpy.o
        62          0          0          0          0         76   strlen.o
        12          4          0          0          0         68   sys_exit.o
        74          0          0          0          0         80   sys_stackheap_outer.o
         2          0          0          0          0         68   use_no_semi.o
        98          4          0          0          0         92   d2f.o
       804         16          0          0          0        272   daddsub_clz.o
       688        140          0          0          0        208   ddiv.o
        90          4          0          0          0         92   dfixu.o
        38          0          0          0          0         68   dflt_clz.o
       156          4          0          0          0         92   dnaninf.o
        12          0          0          0          0         68   dretinf.o
        86          4          0          0          0         84   f2d.o
       430          8          0          0          0        168   faddsub_clz.o
        24          0          0          0          0         68   fcmpi.o
       104          4          0          0          0         84   feqf.o
        62          4          0          0          0         84   ffixu.o
        38          0          0          0          0         68   fflt_clz.o
       104          4          0          0          0         84   fleqf.o
       140          4          0          0          0         84   fnaninf.o
        10          0          0          0          0         68   fretinf.o
        98          0          0          0          0         68   frleqf.o
         0          0          0          0          0          0   usenofp.o

    ----------------------------------------------------------------------
      6252        286        289          0        100       4356   Library Totals
        18          0          0          0          4          0   (incl. Padding)

    ----------------------------------------------------------------------

      Code (inc. data)   RO Data    RW Data    ZI Data      Debug   Library Name

      3252         90        289          0         96       2604   c_w.l
      2982        196          0          0          0       1752   fz_ws.l

    ----------------------------------------------------------------------
      6252        286        289          0        100       4356   Library Totals

    ----------------------------------------------------------------------

==============================================================================


      Code (inc. data)   RO Data    RW Data    ZI Data      Debug   

     23342       1426       1378        260       7940     588127   Grand Totals
     23342       1426       1378        260       7940     588127   ELF Image Totals
     23342       1426       1378        260          0          0   ROM Totals

==============================================================================

    Total RO  Size (Code + RO Data)                24720 (  24.14kB)
    Total RW  Size (RW Data + ZI Data)              8200 (   8.01kB)
    Total ROM Size (Code + RO Data + RW Data)      24980 (  24.39kB)

==============================================================================

