Component: ARM Compiler 5.06 update 6 (build 750) Tool: armlink [4d35ed]

==============================================================================

Section Cross References

    system_stm32f10x.o(.text) refers to system_stm32f10x.o(.data) for SystemCoreClock
    stm32f10x_gpio.o(.text) refers to stm32f10x_rcc.o(.text) for RCC_APB2PeriphResetCmd
    stm32f10x_rcc.o(.text) refers to stm32f10x_rcc.o(.data) for APBAHBPrescTable
    stm32f10x_usart.o(.text) refers to stm32f10x_rcc.o(.text) for RCC_APB2PeriphResetCmd
    stm32f10x_i2c.o(.text) refers to stm32f10x_rcc.o(.text) for RCC_APB1PeriphResetCmd
    stm32f10x_tim.o(.text) refers to stm32f10x_rcc.o(.text) for RCC_APB2PeriphResetCmd
    stm32f10x_spi.o(.text) refers to stm32f10x_rcc.o(.text) for RCC_APB2PeriphResetCmd
    stm32f10x_adc.o(.text) refers to stm32f10x_rcc.o(.text) for RCC_APB2PeriphResetCmd
    startup_stm32f10x_hd.o(STACK) refers (Special) to heapauxi.o(.text) for __use_two_region_memory
    startup_stm32f10x_hd.o(HEAP) refers (Special) to heapauxi.o(.text) for __use_two_region_memory
    startup_stm32f10x_hd.o(RESET) refers (Special) to heapauxi.o(.text) for __use_two_region_memory
    startup_stm32f10x_hd.o(RESET) refers to startup_stm32f10x_hd.o(STACK) for __initial_sp
    startup_stm32f10x_hd.o(RESET) refers to startup_stm32f10x_hd.o(.text) for Reset_Handler
    startup_stm32f10x_hd.o(RESET) refers to z_timer.o(.text) for SysTick_Handler
    startup_stm32f10x_hd.o(RESET) refers to z_usart.o(.text) for USART1_IRQHandler
    startup_stm32f10x_hd.o(.text) refers (Special) to heapauxi.o(.text) for __use_two_region_memory
    startup_stm32f10x_hd.o(.text) refers to system_stm32f10x.o(.text) for SystemInit
    startup_stm32f10x_hd.o(.text) refers to __main.o(!!!main) for __main
    startup_stm32f10x_hd.o(.text) refers to startup_stm32f10x_hd.o(HEAP) for Heap_Mem
    startup_stm32f10x_hd.o(.text) refers to startup_stm32f10x_hd.o(STACK) for Stack_Mem
    z_main.o(.text) refers to _printf_percent.o(.ARM.Collect$$_printf_percent$$00000000) for _printf_percent
    z_main.o(.text) refers to _printf_d.o(.ARM.Collect$$_printf_percent$$00000009) for _printf_d
    z_main.o(.text) refers to _printf_dec.o(.text) for _printf_int_dec
    z_main.o(.text) refers to _scanf_int.o(.text) for _scanf_int
    z_main.o(.text) refers to _printf_pad.o(.text) for _printf_pre_padding
    z_main.o(.text) refers to z_w25q64.o(.text) for W25Q_Write
    z_main.o(.text) refers to z_timer.o(.text) for millis
    z_main.o(.text) refers to stm32f10x_tim.o(.text) for TIM_SetCompare4
    z_main.o(.text) refers to z_global.o(.text) for abs_int
    z_main.o(.text) refers to z_usart.o(.text) for zx_uart_send_str
    z_main.o(.text) refers to dflt_clz.o(x$fpl$dflt) for __aeabi_i2d
    z_main.o(.text) refers to f2d.o(x$fpl$f2d) for __aeabi_f2d
    z_main.o(.text) refers to daddsub_clz.o(x$fpl$dadd) for __aeabi_dadd
    z_main.o(.text) refers to daddsub_clz.o(x$fpl$dsub) for __aeabi_dsub
    z_main.o(.text) refers to d2f.o(x$fpl$d2f) for __aeabi_d2f
    z_main.o(.text) refers to frleqf.o(x$fpl$frleqf) for __aeabi_cfrcmple
    z_main.o(.text) refers to fleqf.o(x$fpl$fleqf) for __aeabi_cfcmple
    z_main.o(.text) refers to ffixu.o(x$fpl$ffixu) for __aeabi_f2uiz
    z_main.o(.text) refers to fflt_clz.o(x$fpl$ffltu) for __aeabi_ui2f
    z_main.o(.text) refers to fmul.o(x$fpl$fmul) for __aeabi_fmul
    z_main.o(.text) refers to faddsub_clz.o(x$fpl$fadd) for __aeabi_fadd
    z_main.o(.text) refers to faddsub_clz.o(x$fpl$fsub) for __aeabi_fsub
    z_main.o(.text) refers to feqf.o(x$fpl$feqf) for __aeabi_cfcmpeq
    z_main.o(.text) refers to fflt_clz.o(x$fpl$fflt) for __aeabi_i2f
    z_main.o(.text) refers to z_global.o(.bss) for eeprom_info
    z_main.o(.text) refers to z_main.o(.data) for djBiasSaveFlag
    z_main.o(.text) refers to z_main.o(.bss) for psx_buf
    z_main.o(.text) refers to dflt_clz.o(x$fpl$dfltu) for __aeabi_ui2d
    z_main.o(.text) refers to ddiv.o(x$fpl$ddiv) for __aeabi_ddiv
    z_main.o(.text) refers to rt_memclr.o(.text) for __aeabi_memclr
    z_main.o(.text) refers to noretval__2sprintf.o(.text) for __2sprintf
    z_main.o(.text) refers to __0sscanf.o(.text) for __0sscanf
    z_main.o(.text) refers to rt_memclr_w.o(.text) for __aeabi_memclr4
    z_main.o(.text) refers to strcpy.o(.text) for strcpy
    z_main.o(.text) refers to strlen.o(.text) for strlen
    z_main.o(.text) refers to z_global.o(.data) for group_do_ok
    z_main.o(.text) refers to z_gpio.o(.text) for gpioB_pin_set
    z_main.o(.text) refers to z_delay.o(.text) for tb_delay_ms
    z_main.o(.text) refers to ffix.o(x$fpl$ffix) for __aeabi_f2iz
    z_main.o(.text) refers to strcat.o(.text) for strcat
    z_main.o(.text) refers to rt_memcpy_v6.o(.text) for __aeabi_memcpy
    z_main.o(.text) refers to stm32f10x_usart.o(.text) for USART_ITConfig
    z_main.o(.text) refers to z_ps2.o(.text) for psx_write_read
    z_main.o(.text) refers to z_adc.o(.text) for ADC_init
[...]
    _printf_sizespec                         0x00000000   Number         0  printf_stubs.o ABSOLUTE
    _printf_widthprec                        0x00000000   Number         0  printf_stubs.o ABSOLUTE
    __ARM_exceptions_init                     - Undefined Weak Reference
    __alloca_initialize                       - Undefined Weak Reference
    __arm_preinit_                            - Undefined Weak Reference
    __cpp_initialize__aeabi_                  - Undefined Weak Reference
    __cxa_finalize                            - Undefined Weak Reference
    __sigvec_lookup                           - Undefined Weak Reference
    _atexit_init                              - Undefined Weak Reference
    _call_atexit_fns                          - Undefined Weak Reference
    _clock_init                               - Undefined Weak Reference
    _fp_trap_init                             - Undefined Weak Reference
    _fp_trap_shutdown                         - Undefined Weak Reference
    _get_lc_collate                           - Undefined Weak Reference
    _get_lc_monetary                          - Undefined Weak Reference
    _get_lc_numeric                           - Undefined Weak Reference
    _get_lc_time                              - Undefined Weak Reference
    _getenv_init                              - Undefined Weak Reference
    _handle_redirection                       - Undefined Weak Reference
    _init_alloc                               - Undefined Weak Reference
    _init_user_alloc                          - Undefined Weak Reference
    _initio                                   - Undefined Weak Reference
    _printf_truncate_signed                   - Undefined Weak Reference
    _printf_truncate_unsigned                 - Undefined Weak Reference
    _rand_init                                - Undefined Weak Reference
    _scanf_longlong                           - Undefined Weak Reference
    _scanf_mbtowc                             - Undefined Weak Reference
    _scanf_real                               - Undefined Weak Reference
    _scanf_string                             - Undefined Weak Reference
    _scanf_wctomb                             - Undefined Weak Reference
    _scanf_wstring                            - Undefined Weak Reference
    _signal_finish                            - Undefined Weak Reference
    _signal_init                              - Undefined Weak Reference
    _terminate_alloc                          - Undefined Weak Reference
    _terminate_user_alloc                     - Undefined Weak Reference
    _terminateio                              - Undefined Weak Reference
    __Vectors_Size                           0x00000130   Number         0  startup_stm32f10x_hd.o ABSOLUTE
    __Vectors                                0x08000000   Data           4  startup_stm32f10x_hd.o(RESET)
    __Vectors_End                            0x08000130   Data           0  startup_stm32f10x_hd.o(RESET)
    __main                                   0x08000131   Thumb Code     8  __main.o(!!!main)
    __scatterload                            0x08000139   Thumb Code     0  __scatter.o(!!!scatter)
    __scatterload_rt2                        0x08000139   Thumb Code    44  __scatter.o(!!!scatter)
    __scatterload_rt2_thumb_only             0x08000139   Thumb Code     0  __scatter.o(!!!scatter)
    __scatterload_null                       0x08000147   Thumb Code     0  __scatter.o(!!!scatter)
    __decompress                             0x0800016d   Thumb Code    90  __dczerorl2.o(!!dczerorl2)
    __decompress1                            0x0800016d   Thumb Code     0  __dczerorl2.o(!!dczerorl2)
    __scatterload_zeroinit                   0x080001c9   Thumb Code    28  __scatter_zi.o(!!handler_zi)
    _printf_d                                0x080001e5   Thumb Code     0  _printf_d.o(.ARM.Collect$$_printf_percent$$00000009)
    _printf_percent                          0x080001e5   Thumb Code     0  _printf_percent.o(.ARM.Collect$$_printf_percent$$00000000)
    _printf_percent_end                      0x080001eb   Thumb Code     0  _printf_percent_end.o(.ARM.Collect$$_printf_percent$$00000017)
    __rt_lib_init                            0x080001ef   Thumb Code     0  libinit.o(.ARM.Collect$$libinit$$00000000)
    __rt_lib_init_fp_1                       0x080001f1   Thumb Code     0  libinit2.o(.ARM.Collect$$libinit$$00000002)
    __rt_lib_init_heap_1                     0x080001f1   Thumb Code     0  libinit2.o(.ARM.Collect$$libinit$$0000000A)
    __rt_lib_init_lc_common                  0x080001f1   Thumb Code     0  libinit2.o(.ARM.Collect$$libinit$$0000000F)
    __rt_lib_init_preinit_1                  0x080001f1   Thumb Code     0  libinit2.o(.ARM.Collect$$libinit$$00000004)
    __rt_lib_init_rand_1                     0x080001f1   Thumb Code     0  libinit2.o(.ARM.Collect$$libinit$$0000000E)
    __rt_lib_init_user_alloc_1               0x080001f1   Thumb Code     0  libinit2.o(.ARM.Collect$$libinit$$0000000C)
    __rt_lib_init_lc_collate_1               0x080001f7   Thumb Code     0  libinit2.o(.ARM.Collect$$libinit$$00000011)
    __rt_lib_init_lc_ctype_2                 0x080001f7   Thumb Code     0  libinit2.o(.ARM.Collect$$libinit$$00000012)
    __rt_lib_init_alloca_1                   0x08000203   Thumb Code     0  libinit2.o(.ARM.Collect$$libinit$$0000002E)
    __rt_lib_init_argv_1                     0x08000203   Thumb Code     0  libinit2.o(.ARM.Collect$$libinit$$0000002C)
    __rt_lib_init_atexit_1                   0x08000203   Thumb Code     0  libinit2.o(.ARM.Collect$$libinit$$0000001B)
    __rt_lib_init_clock_1                    0x08000203   Thumb Code     0  libinit2.o(.ARM.Collect$$libinit$$00000021)
    __rt_lib_init_cpp_1                      0x08000203   Thumb Code     0  libinit2.o(.ARM.Collect$$libinit$$00000032)
    __rt_lib_init_exceptions_1               0x08000203   Thumb Code     0  libinit2.o(.ARM.Collect$$libinit$$00000030)
    __rt_lib_init_fp_trap_1                  0x08000203   Thumb Code     0  libinit2.o(.ARM.Collect$$libinit$$0000001F)
    __rt_lib_init_getenv_1                   0x08000203   Thumb Code     0  libinit2.o(.ARM.Collect$$libinit$$00000023)
    __rt_lib_init_lc_ctype_1                 0x08000203   Thumb Code     0  libinit2.o(.ARM.Collect$$libinit$$00000013)
    __rt_lib_init_lc_monetary_1              0x08000203   Thumb Code     0  libinit2.o(.ARM.Collect$$libinit$$00000015)
    __rt_lib_init_lc_numeric_1               0x08000203   Thumb Code     0  libinit2.o(.ARM.Collect$$libinit$$00000017)
    __rt_lib_init_lc_time_1                  0x08000203   Thumb Code     0  libinit2.o(.ARM.Collect$$libinit$$00000019)
    __rt_lib_init_return                     0x08000203   Thumb Code     0  libinit2.o(.ARM.Collect$$libinit$$00000033)
    __rt_lib_init_signal_1                   0x08000203   Thumb Code     0  libinit2.o(.ARM.Collect$$libinit$$0000001D)
    __rt_lib_init_stdio_1                    0x08000203   Thumb Code     0  libinit2.o(.ARM.Collect$$libinit$$00000025)
    __rt_lib_shutdown                        0x08000205   Thumb Code     0  libshutdown.o(.ARM.Collect$$libshutdown$$00000000)
    __rt_lib_shutdown_cpp_1                  0x08000207   Thumb Code     0  libshutdown2.o(.ARM.Collect$$libshutdown$$00000002)
    __rt_lib_shutdown_fp_trap_1              0x08000207   Thumb Code     0  libshutdown2.o(.ARM.Collect$$libshutdown$$00000007)
    __rt_lib_shutdown_heap_1                 0x08000207   Thumb Code     0  libshutdown2.o(.ARM.Collect$$libshutdown$$0000000F)
    __rt_lib_shutdown_return                 0x08000207   Thumb Code     0  libshutdown2.o(.ARM.Collect$$libshutdown$$00000010)
    __rt_lib_shutdown_signal_1               0x08000207   Thumb Code     0  libshutdown2.o(.ARM.Collect$$libshutdown$$0000000A)
    __rt_lib_shutdown_stdio_1                0x08000207   Thumb Code     0  libshutdown2.o(.ARM.Collect$$libshutdown$$00000004)
    __rt_lib_shutdown_user_alloc_1           0x08000207   Thumb Code     0  libshutdown2.o(.ARM.Collect$$libshutdown$$0000000C)
    __rt_entry                               0x08000209   Thumb Code     0  __rtentry.o(.ARM.Collect$$rtentry$$00000000)
    __rt_entry_presh_1                       0x08000209   Thumb Code     0  __rtentry2.o(.ARM.Collect$$rtentry$$00000002)
    __rt_entry_sh                            0x08000209   Thumb Code     0  __rtentry4.o(.ARM.Collect$$rtentry$$00000004)
    __rt_entry_li                            0x0800020f   Thumb Code     0  __rtentry2.o(.ARM.Collect$$rtentry$$0000000A)
    __rt_entry_postsh_1                      0x0800020f   Thumb Code     0  __rtentry2.o(.ARM.Collect$$rtentry$$00000009)
    __rt_entry_main                          0x08000213   Thumb Code     0  __rtentry2.o(.ARM.Collect$$rtentry$$0000000D)
    __rt_entry_postli_1                      0x08000213   Thumb Code     0  __rtentry2.o(.ARM.Collect$$rtentry$$0000000C)
    __rt_exit                                0x0800021b   Thumb Code     0  rtexit.o(.ARM.Collect$$rtexit$$00000000)
    __rt_exit_ls                             0x0800021d   Thumb Code     0  rtexit2.o(.ARM.Collect$$rtexit$$00000003)
    __rt_exit_prels_1                        0x0800021d   Thumb Code     0  rtexit2.o(.ARM.Collect$$rtexit$$00000002)
    __rt_exit_exit                           0x08000221   Thumb Code     0  rtexit2.o(.ARM.Collect$$rtexit$$00000004)
    SystemInit                               0x08000307   Thumb Code    78  system_stm32f10x.o(.text)
    SystemCoreClockUpdate                    0x08000355   Thumb Code   142  system_stm32f10x.o(.text)
    GPIO_DeInit                              0x08000409   Thumb Code   172  stm32f10x_gpio.o(.text)
    GPIO_AFIODeInit                          0x080004b5   Thumb Code    20  stm32f10x_gpio.o(.text)
    GPIO_Init                                0x080004c9   Thumb Code   278  stm32f10x_gpio.o(.text)
    GPIO_StructInit                          0x080005df   Thumb Code    16  stm32f10x_gpio.o(.text)
    GPIO_ReadInputDataBit                    0x080005ef   Thumb Code    18  stm32f10x_gpio.o(.text)
    GPIO_ReadInputData                       0x08000601   Thumb Code     8  stm32f10x_gpio.o(.text)
    GPIO_ReadOutputDataBit                   0x08000609   Thumb Code    18  stm32f10x_gpio.o(.text)
    GPIO_ReadOutputData                      0x0800061b   Thumb Code     8  stm32f10x_gpio.o(.text)
    GPIO_SetBits                             0x08000623   Thumb Code     4  stm32f10x_gpio.o(.text)
    GPIO_ResetBits                           0x08000627   Thumb Code     4  stm32f10x_gpio.o(.text)
    GPIO_WriteBit                            0x0800062b   Thumb Code    10  stm32f10x_gpio.o(.text)
    GPIO_Write                               0x08000635   Thumb Code     4  stm32f10x_gpio.o(.text)
    GPIO_PinLockConfig                       0x08000639   Thumb Code    18  stm32f10x_gpio.o(.text)
    GPIO_EventOutputConfig                   0x0800064b   Thumb Code    26  stm32f10x_gpio.o(.text)
    GPIO_EventOutputCmd                      0x08000665   Thumb Code     6  stm32f10x_gpio.o(.text)
    GPIO_PinRemapConfig                      0x0800066b   Thumb Code   138  stm32f10x_gpio.o(.text)
    GPIO_EXTILineConfig                      0x080006f5   Thumb Code    66  stm32f10x_gpio.o(.text)
    GPIO_ETH_MediaInterfaceConfig            0x08000737   Thumb Code     8  stm32f10x_gpio.o(.text)
    RCC_DeInit                               0x08000765   Thumb Code    64  stm32f10x_rcc.o(.text)
    RCC_HSEConfig                            0x080007a5   Thumb Code    70  stm32f10x_rcc.o(.text)
    RCC_GetFlagStatus                        0x080007eb   Thumb Code    56  stm32f10x_rcc.o(.text)
    RCC_WaitForHSEStartUp                    0x08000823   Thumb Code    56  stm32f10x_rcc.o(.text)
    RCC_AdjustHSICalibrationValue            0x0800085b   Thumb Code    20  stm32f10x_rcc.o(.text)
    RCC_HSICmd                               0x0800086f   Thumb Code     6  stm32f10x_rcc.o(.text)
    RCC_PLLConfig                            0x08000875   Thumb Code    24  stm32f10x_rcc.o(.text)
    RCC_PLLCmd                               0x0800088d   Thumb Code     6  stm32f10x_rcc.o(.text)
    RCC_SYSCLKConfig                         0x08000893   Thumb Code    18  stm32f10x_rcc.o(.text)
    RCC_GetSYSCLKSource                      0x080008a5   Thumb Code    10  stm32f10x_rcc.o(.text)
    RCC_HCLKConfig                           0x080008af   Thumb Code    18  stm32f10x_rcc.o(.text)
    RCC_PCLK1Config                          0x080008c1   Thumb Code    18  stm32f10x_rcc.o(.text)
    RCC_PCLK2Config                          0x080008d3   Thumb Code    20  stm32f10x_rcc.o(.text)
    RCC_ITConfig                             0x080008e7   Thumb Code    26  stm32f10x_rcc.o(.text)
    RCC_USBCLKConfig                         0x08000901   Thumb Code     8  stm32f10x_rcc.o(.text)
    RCC_ADCCLKConfig                         0x08000909   Thumb Code    18  stm32f10x_rcc.o(.text)
    RCC_LSEConfig                            0x0800091b   Thumb Code    50  stm32f10x_rcc.o(.text)
    RCC_LSICmd                               0x0800094d   Thumb Code     6  stm32f10x_rcc.o(.text)
    RCC_RTCCLKConfig                         0x08000953   Thumb Code    12  stm32f10x_rcc.o(.text)
    RCC_RTCCLKCmd                            0x0800095f   Thumb Code     8  stm32f10x_rcc.o(.text)
    RCC_GetClocksFreq                        0x08000967   Thumb Code   192  stm32f10x_rcc.o(.text)
    RCC_AHBPeriphClockCmd                    0x08000a27   Thumb Code    26  stm32f10x_rcc.o(.text)
    RCC_APB2PeriphClockCmd                   0x08000a41   Thumb Code    26  stm32f10x_rcc.o(.text)
    RCC_APB1PeriphClockCmd                   0x08000a5b   Thumb Code    26  stm32f10x_rcc.o(.text)
    RCC_APB2PeriphResetCmd                   0x08000a75   Thumb Code    26  stm32f10x_rcc.o(.text)
    RCC_APB1PeriphResetCmd                   0x08000a8f   Thumb Code    26  stm32f10x_rcc.o(.text)
    RCC_BackupResetCmd                       0x08000aa9   Thumb Code     8  stm32f10x_rcc.o(.text)
    RCC_ClockSecuritySystemCmd               0x08000ab1   Thumb Code     6  stm32f10x_rcc.o(.text)
    RCC_MCOConfig                            0x08000ab7   Thumb Code     6  stm32f10x_rcc.o(.text)
    RCC_ClearFlag                            0x08000abd   Thumb Code    14  stm32f10x_rcc.o(.text)
    RCC_GetITStatus                          0x08000acb   Thumb Code    20  stm32f10x_rcc.o(.text)
    RCC_ClearITPendingBit                    0x08000adf   Thumb Code     6  stm32f10x_rcc.o(.text)
    NVIC_PriorityGroupConfig                 0x08000b09   Thumb Code    10  misc.o(.text)
    NVIC_Init                                0x08000b13   Thumb Code   100  misc.o(.text)
    NVIC_SetVectorTable                      0x08000b77   Thumb Code    14  misc.o(.text)
    NVIC_SystemLPConfig                      0x08000b85   Thumb Code    34  misc.o(.text)
    SysTick_CLKSourceConfig                  0x08000ba7   Thumb Code    40  misc.o(.text)
    USART_DeInit                             0x08000be5   Thumb Code   134  stm32f10x_usart.o(.text)
    USART_Init                               0x08000c6b   Thumb Code   210  stm32f10x_usart.o(.text)
    USART_StructInit                         0x08000d3d   Thumb Code    24  stm32f10x_usart.o(.text)
    USART_ClockInit                          0x08000d55   Thumb Code    34  stm32f10x_usart.o(.text)
    USART_ClockStructInit                    0x08000d77   Thumb Code    12  stm32f10x_usart.o(.text)
    USART_Cmd                                0x08000d83   Thumb Code    24  stm32f10x_usart.o(.text)
    USART_ITConfig                           0x08000d9b   Thumb Code    74  stm32f10x_usart.o(.text)
    USART_DMACmd                             0x08000de5   Thumb Code    18  stm32f10x_usart.o(.text)
    USART_SetAddress                         0x08000df7   Thumb Code    18  stm32f10x_usart.o(.text)
    USART_WakeUpConfig                       0x08000e09   Thumb Code    18  stm32f10x_usart.o(.text)
    USART_ReceiverWakeUpCmd                  0x08000e1b   Thumb Code    24  stm32f10x_usart.o(.text)
    USART_LINBreakDetectLengthConfig         0x08000e33   Thumb Code    18  stm32f10x_usart.o(.text)
    USART_LINCmd                             0x08000e45   Thumb Code    24  stm32f10x_usart.o(.text)
    USART_SendData                           0x08000e5d   Thumb Code     8  stm32f10x_usart.o(.text)
    USART_ReceiveData                        0x08000e65   Thumb Code    10  stm32f10x_usart.o(.text)
    USART_SendBreak                          0x08000e6f   Thumb Code    10  stm32f10x_usart.o(.text)
    USART_SetGuardTime                       0x08000e79   Thumb Code    16  stm32f10x_usart.o(.text)
    USART_SetPrescaler                       0x08000e89   Thumb Code    16  stm32f10x_usart.o(.text)
    USART_SmartCardCmd                       0x08000e99   Thumb Code    24  stm32f10x_usart.o(.text)
    USART_SmartCardNACKCmd                   0x08000eb1   Thumb Code    24  stm32f10x_usart.o(.text)
    USART_HalfDuplexCmd                      0x08000ec9   Thumb Code    24  stm32f10x_usart.o(.text)
    USART_OverSampling8Cmd                   0x08000ee1   Thumb Code    22  stm32f10x_usart.o(.text)
    USART_OneBitMethodCmd                    0x08000ef7   Thumb Code    24  stm32f10x_usart.o(.text)
    USART_IrDAConfig                         0x08000f0f   Thumb Code    18  stm32f10x_usart.o(.text)
    USART_IrDACmd                            0x08000f21   Thumb Code    24  stm32f10x_usart.o(.text)
    USART_GetFlagStatus                      0x08000f39   Thumb Code    26  stm32f10x_usart.o(.text)
    USART_ClearFlag                          0x08000f53   Thumb Code    18  stm32f10x_usart.o(.text)
    USART_GetITStatus                        0x08000f65   Thumb Code    84  stm32f10x_usart.o(.text)
    USART_ClearITPendingBit                  0x08000fb9   Thumb Code    52  stm32f10x_usart.o(.text)
    TIM_DeInit                               0x08000fed   Thumb Code   424  stm32f10x_tim.o(.text)
    TIM_TimeBaseInit                         0x08001195   Thumb Code   122  stm32f10x_tim.o(.text)
    TIM_OC1Init                              0x0800120f   Thumb Code   132  stm32f10x_tim.o(.text)
    TIM_OC2Init                              0x08001293   Thumb Code   154  stm32f10x_tim.o(.text)
    TIM_OC3Init                              0x0800132d   Thumb Code   150  stm32f10x_tim.o(.text)
    TIM_OC4Init                              0x080013c3   Thumb Code   182  stm32f10x_tim.o(.text)
    TIM_SetIC4Prescaler                      0x08001479   Thumb Code    26  stm32f10x_tim.o(.text)
    TIM_SetIC3Prescaler                      0x08001515   Thumb Code    18  stm32f10x_tim.o(.text)
    TIM_SetIC2Prescaler                      0x080015a1   Thumb Code    26  stm32f10x_tim.o(.text)
    TIM_SetIC1Prescaler                      0x0800163d   Thumb Code    18  stm32f10x_tim.o(.text)
    TIM_ICInit                               0x080016bb   Thumb Code   150  stm32f10x_tim.o(.text)
    TIM_PWMIConfig                           0x08001751   Thumb Code   124  stm32f10x_tim.o(.text)
    TIM_BDTRConfig                           0x080017cd   Thumb Code    32  stm32f10x_tim.o(.text)
    TIM_TimeBaseStructInit                   0x080017ed   Thumb Code    18  stm32f10x_tim.o(.text)
    TIM_OCStructInit                         0x080017ff   Thumb Code    20  stm32f10x_tim.o(.text)
    TIM_ICStructInit                         0x08001813   Thumb Code    18  stm32f10x_tim.o(.text)
    TIM_BDTRStructInit                       0x08001825   Thumb Code    40  stm32f10x_tim.o(.text)
    TIM_Cmd                                  0x0800184d   Thumb Code    24  stm32f10x_tim.o(.text)
    TIM_CtrlPWMOutputs                       0x08001865   Thumb Code    30  stm32f10x_tim.o(.text)
    TIM_ITConfig                             0x08001883   Thumb Code    18  stm32f10x_tim.o(.text)
    TIM_GenerateEvent                        0x08001895   Thumb Code     4  stm32f10x_tim.o(.text)
    TIM_DMAConfig                            0x08001899   Thumb Code    10  stm32f10x_tim.o(.text)
    TIM_DMACmd                               0x080018a3   Thumb Code    18  stm32f10x_tim.o(.text)
    TIM_InternalClockConfig                  0x080018b5   Thumb Code    12  stm32f10x_tim.o(.text)
    TIM_SelectInputTrigger                   0x080018c1   Thumb Code    18  stm32f10x_tim.o(.text)
    TIM_ITRxExternalClockConfig              0x080018d3   Thumb Code    24  stm32f10x_tim.o(.text)
    TIM_TIxExternalClockConfig               0x080018eb   Thumb Code    62  stm32f10x_tim.o(.text)
    TIM_ETRConfig                            0x08001929   Thumb Code    28  stm32f10x_tim.o(.text)
    TIM_ETRClockMode1Config                  0x08001945   Thumb Code    54  stm32f10x_tim.o(.text)
    TIM_ETRClockMode2Config                  0x0800197b   Thumb Code    32  stm32f10x_tim.o(.text)
    TIM_PrescalerConfig                      0x0800199b   Thumb Code     6  stm32f10x_tim.o(.text)
    TIM_CounterModeConfig                    0x080019a1   Thumb Code    18  stm32f10x_tim.o(.text)
    TIM_EncoderInterfaceConfig               0x080019b3   Thumb Code    66  stm32f10x_tim.o(.text)
    TIM_ForcedOC1Config                      0x080019f5   Thumb Code    18  stm32f10x_tim.o(.text)
    TIM_ForcedOC2Config                      0x08001a07   Thumb Code    26  stm32f10x_tim.o(.text)
    TIM_ForcedOC3Config                      0x08001a21   Thumb Code    18  stm32f10x_tim.o(.text)
    TIM_ForcedOC4Config                      0x08001a33   Thumb Code    26  stm32f10x_tim.o(.text)
    TIM_ARRPreloadConfig                     0x08001a4d   Thumb Code    24  stm32f10x_tim.o(.text)
    TIM_SelectCOM                            0x08001a65   Thumb Code    24  stm32f10x_tim.o(.text)
    TIM_SelectCCDMA                          0x08001a7d   Thumb Code    24  stm32f10x_tim.o(.text)
    TIM_CCPreloadControl                     0x08001a95   Thumb Code    24  stm32f10x_tim.o(.text)
    TIM_OC1PreloadConfig                     0x08001aad   Thumb Code    18  stm32f10x_tim.o(.text)
    TIM_OC2PreloadConfig                     0x08001abf   Thumb Code    26  stm32f10x_tim.o(.text)
    TIM_OC3PreloadConfig                     0x08001ad9   Thumb Code    18  stm32f10x_tim.o(.text)
    TIM_OC4PreloadConfig                     0x08001aeb   Thumb Code    26  stm32f10x_tim.o(.text)
    TIM_OC1FastConfig                        0x08001b05   Thumb Code    18  stm32f10x_tim.o(.text)
    TIM_OC2FastConfig                        0x08001b17   Thumb Code    26  stm32f10x_tim.o(.text)
    TIM_OC3FastConfig                        0x08001b31   Thumb Code    18  stm32f10x_tim.o(.text)
    TIM_OC4FastConfig                        0x08001b43   Thumb Code    26  stm32f10x_tim.o(.text)
    TIM_ClearOC1Ref                          0x08001b5d   Thumb Code    18  stm32f10x_tim.o(.text)
    TIM_ClearOC2Ref                          0x08001b6f   Thumb Code    24  stm32f10x_tim.o(.text)
    TIM_ClearOC3Ref                          0x08001b87   Thumb Code    18  stm32f10x_tim.o(.text)
    TIM_ClearOC4Ref                          0x08001b99   Thumb Code    24  stm32f10x_tim.o(.text)
    TIM_OC1PolarityConfig                    0x08001bb1   Thumb Code    18  stm32f10x_tim.o(.text)
    TIM_OC1NPolarityConfig                   0x08001bc3   Thumb Code    18  stm32f10x_tim.o(.text)
    TIM_OC2PolarityConfig                    0x08001bd5   Thumb Code    26  stm32f10x_tim.o(.text)
    TIM_OC2NPolarityConfig                   0x08001bef   Thumb Code    26  stm32f10x_tim.o(.text)
    TIM_OC3PolarityConfig                    0x08001c09   Thumb Code    26  stm32f10x_tim.o(.text)
    TIM_OC3NPolarityConfig                   0x08001c23   Thumb Code    26  stm32f10x_tim.o(.text)
    TIM_OC4PolarityConfig                    0x08001c3d   Thumb Code    26  stm32f10x_tim.o(.text)
    TIM_CCxCmd                               0x08001c57   Thumb Code    30  stm32f10x_tim.o(.text)
    TIM_CCxNCmd                              0x08001c75   Thumb Code    30  stm32f10x_tim.o(.text)
    TIM_SelectOCxM                           0x08001c93   Thumb Code    82  stm32f10x_tim.o(.text)
    TIM_UpdateDisableConfig                  0x08001ce5   Thumb Code    24  stm32f10x_tim.o(.text)
    TIM_UpdateRequestConfig                  0x08001cfd   Thumb Code    24  stm32f10x_tim.o(.text)
    TIM_SelectHallSensor                     0x08001d15   Thumb Code    24  stm32f10x_tim.o(.text)
    TIM_SelectOnePulseMode                   0x08001d2d   Thumb Code    18  stm32f10x_tim.o(.text)
    TIM_SelectOutputTrigger                  0x08001d3f   Thumb Code    18  stm32f10x_tim.o(.text)
    TIM_SelectSlaveMode                      0x08001d51   Thumb Code    18  stm32f10x_tim.o(.text)
    TIM_SelectMasterSlaveMode                0x08001d63   Thumb Code    18  stm32f10x_tim.o(.text)
    TIM_SetCounter                           0x08001d75   Thumb Code     4  stm32f10x_tim.o(.text)
    TIM_SetAutoreload                        0x08001d79   Thumb Code     4  stm32f10x_tim.o(.text)
    TIM_SetCompare1                          0x08001d7d   Thumb Code     4  stm32f10x_tim.o(.text)
    TIM_SetCompare2                          0x08001d81   Thumb Code     4  stm32f10x_tim.o(.text)
    TIM_SetCompare3                          0x08001d85   Thumb Code     4  stm32f10x_tim.o(.text)
    TIM_SetCompare4                          0x08001d89   Thumb Code     6  stm32f10x_tim.o(.text)
    TIM_SetClockDivision                     0x08001d8f   Thumb Code    18  stm32f10x_tim.o(.text)
    TIM_GetCapture1                          0x08001da1   Thumb Code     6  stm32f10x_tim.o(.text)
    TIM_GetCapture2                          0x08001da7   Thumb Code     6  stm32f10x_tim.o(.text)
    TIM_GetCapture3                          0x08001dad   Thumb Code     6  stm32f10x_tim.o(.text)
    TIM_GetCapture4                          0x08001db3   Thumb Code     8  stm32f10x_tim.o(.text)
    TIM_GetCounter                           0x08001dbb   Thumb Code     6  stm32f10x_tim.o(.text)
    TIM_GetPrescaler                         0x08001dc1   Thumb Code     6  stm32f10x_tim.o(.text)
    TIM_GetFlagStatus                        0x08001dc7   Thumb Code    18  stm32f10x_tim.o(.text)
    TIM_ClearFlag                            0x08001dd9   Thumb Code     6  stm32f10x_tim.o(.text)
    TIM_GetITStatus                          0x08001ddf   Thumb Code    34  stm32f10x_tim.o(.text)
    TIM_ClearITPendingBit                    0x08001e01   Thumb Code     6  stm32f10x_tim.o(.text)
    SPI_I2S_DeInit                           0x08001e09   Thumb Code    76  stm32f10x_spi.o(.text)
    SPI_Init                                 0x08001e55   Thumb Code    60  stm32f10x_spi.o(.text)
    I2S_Init                                 0x08001e91   Thumb Code   226  stm32f10x_spi.o(.text)
    SPI_StructInit                           0x08001f73   Thumb Code    24  stm32f10x_spi.o(.text)
    I2S_StructInit                           0x08001f8b   Thumb Code    20  stm32f10x_spi.o(.text)
    SPI_Cmd                                  0x08001f9f   Thumb Code    24  stm32f10x_spi.o(.text)
    I2S_Cmd                                  0x08001fb7   Thumb Code    24  stm32f10x_spi.o(.text)
    SPI_I2S_ITConfig                         0x08001fcf   Thumb Code    32  stm32f10x_spi.o(.text)
    SPI_I2S_DMACmd                           0x08001fef   Thumb Code    18  stm32f10x_spi.o(.text)
    SPI_I2S_SendData                         0x08002001   Thumb Code     4  stm32f10x_spi.o(.text)
    SPI_I2S_ReceiveData                      0x08002005   Thumb Code     6  stm32f10x_spi.o(.text)
    SPI_NSSInternalSoftwareConfig            0x0800200b   Thumb Code    30  stm32f10x_spi.o(.text)
    SPI_SSOutputCmd                          0x08002029   Thumb Code    24  stm32f10x_spi.o(.text)
    SPI_DataSizeConfig                       0x08002041   Thumb Code    18  stm32f10x_spi.o(.text)
    SPI_TransmitCRC                          0x08002053   Thumb Code    10  stm32f10x_spi.o(.text)
    SPI_CalculateCRC                         0x0800205d   Thumb Code    24  stm32f10x_spi.o(.text)
    SPI_GetCRC                               0x08002075   Thumb Code    16  stm32f10x_spi.o(.text)
    SPI_GetCRCPolynomial                     0x08002085   Thumb Code     6  stm32f10x_spi.o(.text)
    SPI_BiDirectionalLineConfig              0x0800208b   Thumb Code    28  stm32f10x_spi.o(.text)
    SPI_I2S_GetFlagStatus                    0x080020a7   Thumb Code    18  stm32f10x_spi.o(.text)
    SPI_I2S_ClearFlag                        0x080020b9   Thumb Code     6  stm32f10x_spi.o(.text)
    SPI_I2S_GetITStatus                      0x080020bf   Thumb Code    52  stm32f10x_spi.o(.text)
    SPI_I2S_ClearITPendingBit                0x080020f3   Thumb Code    20  stm32f10x_spi.o(.text)
    ADC_DeInit                               0x08002115   Thumb Code    78  stm32f10x_adc.o(.text)
    ADC_Init                                 0x08002163   Thumb Code    70  stm32f10x_adc.o(.text)
    ADC_StructInit                           0x080021a9   Thumb Code    18  stm32f10x_adc.o(.text)
    ADC_Cmd                                  0x080021bb   Thumb Code    22  stm32f10x_adc.o(.text)
    ADC_DMACmd                               0x080021d1   Thumb Code    22  stm32f10x_adc.o(.text)
    ADC_ITConfig                             0x080021e7   Thumb Code    24  stm32f10x_adc.o(.text)
    ADC_ResetCalibration                     0x080021ff   Thumb Code    10  stm32f10x_adc.o(.text)
    ADC_GetResetCalibrationStatus            0x08002209   Thumb Code    20  stm32f10x_adc.o(.text)
    ADC_StartCalibration                     0x0800221d   Thumb Code    10  stm32f10x_adc.o(.text)
    ADC_GetCalibrationStatus                 0x08002227   Thumb Code    20  stm32f10x_adc.o(.text)
    ADC_SoftwareStartConvCmd                 0x0800223b   Thumb Code    22  stm32f10x_adc.o(.text)
    ADC_GetSoftwareStartConvStatus           0x08002251   Thumb Code    20  stm32f10x_adc.o(.text)
    ADC_DiscModeChannelCountConfig           0x08002265   Thumb Code    24  stm32f10x_adc.o(.text)
    ADC_DiscModeCmd                          0x0800227d   Thumb Code    22  stm32f10x_adc.o(.text)
    ADC_RegularChannelConfig                 0x08002293   Thumb Code   184  stm32f10x_adc.o(.text)
    ADC_ExternalTrigConvCmd                  0x0800234b   Thumb Code    22  stm32f10x_adc.o(.text)
    ADC_GetConversionValue                   0x08002361   Thumb Code     8  stm32f10x_adc.o(.text)
    ADC_GetDualModeConversionValue           0x08002369   Thumb Code     8  stm32f10x_adc.o(.text)
    ADC_AutoInjectedConvCmd                  0x08002371   Thumb Code    22  stm32f10x_adc.o(.text)
    ADC_InjectedDiscModeCmd                  0x08002387   Thumb Code    22  stm32f10x_adc.o(.text)
    ADC_ExternalTrigInjectedConvConfig       0x0800239d   Thumb Code    16  stm32f10x_adc.o(.text)
    ADC_ExternalTrigInjectedConvCmd          0x080023ad   Thumb Code    22  stm32f10x_adc.o(.text)
    ADC_SoftwareStartInjectedConvCmd         0x080023c3   Thumb Code    22  stm32f10x_adc.o(.text)
    ADC_GetSoftwareStartInjectedConvCmdStatus 0x080023d9   Thumb Code    20  stm32f10x_adc.o(.text)
    ADC_InjectedChannelConfig                0x080023ed   Thumb Code   130  stm32f10x_adc.o(.text)
    ADC_InjectedSequencerLengthConfig        0x0800246f   Thumb Code    24  stm32f10x_adc.o(.text)
    ADC_SetInjectedOffset                    0x08002487   Thumb Code    20  stm32f10x_adc.o(.text)
    ADC_GetInjectedConversionValue           0x0800249b   Thumb Code    28  stm32f10x_adc.o(.text)
    ADC_AnalogWatchdogCmd                    0x080024b7   Thumb Code    16  stm32f10x_adc.o(.text)
    ADC_AnalogWatchdogThresholdsConfig       0x080024c7   Thumb Code     6  stm32f10x_adc.o(.text)
    ADC_AnalogWatchdogSingleChannelConfig    0x080024cd   Thumb Code    16  stm32f10x_adc.o(.text)
    ADC_TempSensorVrefintCmd                 0x080024dd   Thumb Code    64  stm32f10x_adc.o(.text)
    ADC_GetFlagStatus                        0x0800251d   Thumb Code    18  stm32f10x_adc.o(.text)
    ADC_ClearFlag                            0x0800252f   Thumb Code     6  stm32f10x_adc.o(.text)
    ADC_GetITStatus                          0x08002535   Thumb Code    36  stm32f10x_adc.o(.text)
    ADC_ClearITPendingBit                    0x08002559   Thumb Code    10  stm32f10x_adc.o(.text)
    DMA_DeInit                               0x08002565   Thumb Code   324  stm32f10x_dma.o(.text)
    DMA_Init                                 0x080026a9   Thumb Code    60  stm32f10x_dma.o(.text)
    DMA_StructInit                           0x080026e5   Thumb Code    26  stm32f10x_dma.o(.text)
    DMA_Cmd                                  0x080026ff   Thumb Code    24  stm32f10x_dma.o(.text)
    DMA_ITConfig                             0x08002717   Thumb Code    18  stm32f10x_dma.o(.text)
    DMA_SetCurrDataCounter                   0x08002729   Thumb Code     4  stm32f10x_dma.o(.text)
    DMA_GetCurrDataCounter                   0x0800272d   Thumb Code     8  stm32f10x_dma.o(.text)
    DMA_GetFlagStatus                        0x08002735   Thumb Code    40  stm32f10x_dma.o(.text)
    DMA_ClearFlag                            0x0800275d   Thumb Code    22  stm32f10x_dma.o(.text)
    DMA_GetITStatus                          0x08002773   Thumb Code    40  stm32f10x_dma.o(.text)
    DMA_ClearITPendingBit                    0x0800279b   Thumb Code    22  stm32f10x_dma.o(.text)
    Reset_Handler                            0x080027b9   Thumb Code     8  startup_stm32f10x_hd.o(.text)
    NMI_Handler                              0x080027c1   Thumb Code     2  startup_stm32f10x_hd.o(.text)
    HardFault_Handler                        0x080027c3   Thumb Code     2  startup_stm32f10x_hd.o(.text)
    MemManage_Handler                        0x080027c5   Thumb Code     2  startup_stm32f10x_hd.o(.text)
    BusFault_Handler                         0x080027c7   Thumb Code     2  startup_stm32f10x_hd.o(.text)
    UsageFault_Handler                       0x080027c9   Thumb Code     2  startup_stm32f10x_hd.o(.text)
    SVC_Handler                              0x080027cb   Thumb Code     2  startup_stm32f10x_hd.o(.text)
    DebugMon_Handler                         0x080027cd   Thumb Code     2  startup_stm32f10x_hd.o(.text)
    PendSV_Handler                           0x080027cf   Thumb Code     2  startup_stm32f10x_hd.o(.text)
    ADC1_2_IRQHandler                        0x080027d3   Thumb Code     0  startup_stm32f10x_hd.o(.text)
    ADC3_IRQHandler                          0x080027d3   Thumb Code     0  startup_stm32f10x_hd.o(.text)
    CAN1_RX1_IRQHandler                      0x080027d3   Thumb Code     0  startup_stm32f10x_hd.o(.text)
    CAN1_SCE_IRQHandler                      0x080027d3   Thumb Code     0  startup_stm32f10x_hd.o(.text)
    DMA1_Channel1_IRQHandler                 0x080027d3   Thumb Code     0  startup_stm32f10x_hd.o(.text)
    DMA1_Channel2_IRQHandler                 0x080027d3   Thumb Code     0  startup_stm32f10x_hd.o(.text)
    DMA1_Channel3_IRQHandler                 0x080027d3   Thumb Code     0  startup_stm32f10x_hd.o(.text)
    DMA1_Channel4_IRQHandler                 0x080027d3   Thumb Code     0  startup_stm32f10x_hd.o(.text)
    DMA1_Channel5_IRQHandler                 0x080027d3   Thumb Code     0  startup_stm32f10x_hd.o(.text)
    DMA1_Channel6_IRQHandler                 0x080027d3   Thumb Code     0  startup_stm32f10x_hd.o(.text)
    DMA1_Channel7_IRQHandler                 0x080027d3   Thumb Code     0  startup_stm32f10x_hd.o(.text)
    DMA2_Channel1_IRQHandler                 0x080027d3   Thumb Code     0  startup_stm32f10x_hd.o(.text)
    DMA2_Channel2_IRQHandler                 0x080027d3   Thumb Code     0  startup_stm32f10x_hd.o(.text)
    DMA2_Channel3_IRQHandler                 0x080027d3   Thumb Code     0  startup_stm32f10x_hd.o(.text)
    DMA2_Channel4_5_IRQHandler               0x080027d3   Thumb Code     0  startup_stm32f10x_hd.o(.text)
    EXTI0_IRQHandler                         0x080027d3   Thumb Code     0  startup_stm32f10x_hd.o(.text)
    EXTI15_10_IRQHandler                     0x080027d3   Thumb Code     0  startup_stm32f10x_hd.o(.text)
    EXTI1_IRQHandler                         0x080027d3   Thumb Code     0  startup_stm32f10x_hd.o(.text)
    EXTI2_IRQHandler                         0x080027d3   Thumb Code     0  startup_stm32f10x_hd.o(.text)
    EXTI3_IRQHandler                         0x080027d3   Thumb Code     0  startup_stm32f10x_hd.o(.text)
    EXTI4_IRQHandler                         0x080027d3   Thumb Code     0  startup_stm32f10x_hd.o(.text)
    EXTI9_5_IRQHandler                       0x080027d3   Thumb Code     0  startup_stm32f10x_hd.o(.text)
    FLASH_IRQHandler                         0x080027d3   Thumb Code     0  startup_stm32f10x_hd.o(.text)
    FSMC_IRQHandler                          0x080027d3   Thumb Code     0  startup_stm32f10x_hd.o(.text)
    I2C1_ER_IRQHandler                       0x080027d3   Thumb Code     0  startup_stm32f10x_hd.o(.text)
    I2C1_EV_IRQHandler                       0x080027d3   Thumb Code     0  startup_stm32f10x_hd.o(.text)
    I2C2_ER_IRQHandler                       0x080027d3   Thumb Code     0  startup_stm32f10x_hd.o(.text)
    I2C2_EV_IRQHandler                       0x080027d3   Thumb Code     0  startup_stm32f10x_hd.o(.text)
    PVD_IRQHandler                           0x080027d3   Thumb Code     0  startup_stm32f10x_hd.o(.text)
    RCC_IRQHandler                           0x080027d3   Thumb Code     0  startup_stm32f10x_hd.o(.text)
    RTCAlarm_IRQHandler                      0x080027d3   Thumb Code     0  startup_stm32f10x_hd.o(.text)
    RTC_IRQHandler                           0x080027d3   Thumb Code     0  startup_stm32f10x_hd.o(.text)
    SDIO_IRQHandler                          0x080027d3   Thumb Code     0  startup_stm32f10x_hd.o(.text)
    SPI1_IRQHandler                          0x080027d3   Thumb Code     0  startup_stm32f10x_hd.o(.text)
    SPI2_IRQHandler                          0x080027d3   Thumb Code     0  startup_stm32f10x_hd.o(.text)
    SPI3_IRQHandler                          0x080027d3   Thumb Code     0  startup_stm32f10x_hd.o(.text)
    TAMPER_IRQHandler                        0x080027d3   Thumb Code     0  startup_stm32f10x_hd.o(.text)
    TIM1_BRK_IRQHandler                      0x080027d3   Thumb Code     0  startup_stm32f10x_hd.o(.text)
    TIM1_CC_IRQHandler                       0x080027d3   Thumb Code     0  startup_stm32f10x_hd.o(.text)
    TIM1_TRG_COM_IRQHandler                  0x080027d3   Thumb Code     0  startup_stm32f10x_hd.o(.text)
    TIM1_UP_IRQHandler                       0x080027d3   Thumb Code     0  startup_stm32f10x_hd.o(.text)
    TIM3_IRQHandler                          0x080027d3   Thumb Code     0  startup_stm32f10x_hd.o(.text)
    TIM4_IRQHandler                          0x080027d3   Thumb Code     0  startup_stm32f10x_hd.o(.text)
    TIM5_IRQHandler                          0x080027d3   Thumb Code     0  startup_stm32f10x_hd.o(.text)
    TIM6_IRQHandler                          0x080027d3   Thumb Code     0  startup_stm32f10x_hd.o(.text)
    TIM7_IRQHandler                          0x080027d3   Thumb Code     0  startup_stm32f10x_hd.o(.text)
    TIM8_BRK_IRQHandler                      0x080027d3   Thumb Code     0  startup_stm32f10x_hd.o(.text)
    TIM8_CC_IRQHandler                       0x080027d3   Thumb Code     0  startup_stm32f10x_hd.o(.text)
    TIM8_TRG_COM_IRQHandler                  0x080027d3   Thumb Code     0  startup_stm32f10x_hd.o(.text)
    TIM8_UP_IRQHandler                       0x080027d3   Thumb Code     0  startup_stm32f10x_hd.o(.text)
    UART4_IRQHandler                         0x080027d3   Thumb Code     0  startup_stm32f10x_hd.o(.text)
    UART5_IRQHandler                         0x080027d3   Thumb Code     0  startup_stm32f10x_hd.o(.text)
    USBWakeUp_IRQHandler                     0x080027d3   Thumb Code     0  startup_stm32f10x_hd.o(.text)
    USB_HP_CAN1_TX_IRQHandler                0x080027d3   Thumb Code     0  startup_stm32f10x_hd.o(.text)
    USB_LP_CAN1_RX0_IRQHandler               0x080027d3   Thumb Code     0  startup_stm32f10x_hd.o(.text)
    WWDG_IRQHandler                          0x080027d3   Thumb Code     0  startup_stm32f10x_hd.o(.text)
    __user_initial_stackheap                 0x080027d5   Thumb Code     0  startup_stm32f10x_hd.o(.text)
    rewrite_eeprom                           0x080027f9   Thumb Code    14  z_main.o(.text)
    loop_save_something                      0x08002807   Thumb Code    48  z_main.o(.text)
    car_pwm_set                              0x08002837   Thumb Code   212  z_main.o(.text)
    loop_ps2_car_pwm                         0x0800290b   Thumb Code   140  z_main.o(.text)
    do_action                                0x08002997   Thumb Code   890  z_main.o(.text)
    do_group_once                            0x08002d11   Thumb Code    48  z_main.o(.text)
    replace_char                             0x08002d41   Thumb Code    20  z_main.o(.text)
    get_action_index                         0x08002d55   Thumb Code    60  z_main.o(.text)
    action_save                              0x08002d91   Thumb Code   224  z_main.o(.text)
    int_exchange                             0x08002e71   Thumb Code    10  z_main.o(.text)
    print_group                              0x08002e7b   Thumb Code    70  z_main.o(.text)
    soft_reset                               0x08002ec1   Thumb Code    38  z_main.o(.text)
    parse_cmd                                0x08002ee7   Thumb Code  2082  z_main.o(.text)
    parse_psx_buf                            0x08003709   Thumb Code   574  z_main.o(.text)
    loop_ps2_button                          0x08003947   Thumb Code   104  z_main.o(.text)
    loop_ps2_data                            0x080039af   Thumb Code    36  z_main.o(.text)
    loop_bt_once                             0x080039d3   Thumb Code   436  z_main.o(.text)
    check_dj_state                           0x08003b87   Thumb Code    48  z_main.o(.text)
    loop_action                              0x08003bb7   Thumb Code   176  z_main.o(.text)
    loop_uart                                0x08003c67   Thumb Code    94  z_main.o(.text)
    loop_nled                                0x08003cc5   Thumb Code    62  z_main.o(.text)
    setup_start                              0x08003d03   Thumb Code   136  z_main.o(.text)
    setup_interrupt                          0x08003d8b   Thumb Code     4  z_main.o(.text)
    setup_dj_timer                           0x08003d8f   Thumb Code    14  z_main.o(.text)
    setup_others                             0x08003d9d   Thumb Code   222  z_main.o(.text)
    setup_systick                            0x08003e7b   Thumb Code     8  z_main.o(.text)
    setup_uart3                              0x08003e83   Thumb Code    36  z_main.o(.text)
    setup_uart2                              0x08003ea7   Thumb Code    30  z_main.o(.text)
    setup_uart1                              0x08003ec5   Thumb Code    30  z_main.o(.text)
    setup_car_pwm                            0x08003ee3   Thumb Code    32  z_main.o(.text)
    setup_ps2                                0x08003f03   Thumb Code   206  z_main.o(.text)
    setup_adc                                0x08003fd1   Thumb Code     8  z_main.o(.text)
    setup_w25q64                             0x08003fd9   Thumb Code   224  z_main.o(.text)
    setup_djio                               0x080040b9   Thumb Code     8  z_main.o(.text)
    setup_beep                               0x080040c1   Thumb Code    16  z_main.o(.text)
    setup_nled                               0x080040d1   Thumb Code    16  z_main.o(.text)
    setup_gpio                               0x080040e1   Thumb Code     8  z_main.o(.text)
    setup_global                             0x080040e9   Thumb Code     8  z_main.o(.text)
    setup_rcc                                0x080040f1   Thumb Code     8  z_main.o(.text)
    main                                     0x080040f9   Thumb Code   116  z_main.o(.text)
    loop_vol_warning                         0x0800416d   Thumb Code   100  z_main.o(.text)
    ADC1_Configuration                       0x08004205   Thumb Code   156  z_adc.o(.text)
    DMA_Configuration                        0x080042a1   Thumb Code    76  z_adc.o(.text)
    ADC1_GPIO_Configuration                  0x080042ed   Thumb Code    42  z_adc.o(.text)
    ADC_init                                 0x08004317   Thumb Code    16  z_adc.o(.text)
    tb_delay_init                            0x08004339   Thumb Code     2  z_delay.o(.text)
    tb_delay                                 0x0800433b   Thumb Code    14  z_delay.o(.text)
    tb_delay_ns                              0x08004349   Thumb Code    14  z_delay.o(.text)
    tb_delay_us                              0x08004357   Thumb Code    24  z_delay.o(.text)
    tb_delay_ms                              0x0800436f   Thumb Code    26  z_delay.o(.text)
    tb_global_init                           0x08004389   Thumb Code    46  z_global.o(.text)
    str_contain_str                          0x080043b7   Thumb Code    74  z_global.o(.text)
    selection_sort                           0x08004401   Thumb Code    64  z_global.o(.text)
    abs_int                                  0x08004441   Thumb Code    14  z_global.o(.text)
    tb_gpio_init                             0x08004459   Thumb Code    20  z_gpio.o(.text)
    nled_init                                0x0800446d   Thumb Code    40  z_gpio.o(.text)
    gpioB_pin_set                            0x08004495   Thumb Code    36  z_gpio.o(.text)
    nled_switch                              0x080044b9   Thumb Code    38  z_gpio.o(.text)
    car_init                                 0x080044df   Thumb Code    40  z_gpio.o(.text)
    car_set                                  0x08004507   Thumb Code   116  z_gpio.o(.text)
    beep_init                                0x0800457b   Thumb Code    40  z_gpio.o(.text)
    beep_times                               0x080045a3   Thumb Code    62  z_gpio.o(.text)
    gpioA_pin_set                            0x080045e1   Thumb Code    36  z_gpio.o(.text)
    gpioC_pin_set                            0x08004605   Thumb Code    36  z_gpio.o(.text)
    dj_io_init                               0x08004629   Thumb Code    68  z_gpio.o(.text)
    dj_io_set                                0x0800466d   Thumb Code    86  z_gpio.o(.text)
    sensor_init                              0x080046c3   Thumb Code    54  z_gpio.o(.text)
    beep_on_times                            0x080046f9   Thumb Code    46  z_gpio.o(.text)
    psx_io_config                            0x0800473d   Thumb Code    70  z_ps2.o(.text)
    PSX_init                                 0x08004783   Thumb Code    38  z_ps2.o(.text)
    psx_transfer                             0x080047a9   Thumb Code   120  z_ps2.o(.text)
    psx_write_read                           0x08004821   Thumb Code    98  z_ps2.o(.text)
    tb_rcc_init                              0x0800488d   Thumb Code    94  z_rcc.o(.text)
    _abs                                     0x080048ed   Thumb Code    24  z_timer.o(.text)
    SysTick_Int_Init                         0x08004905   Thumb Code    24  z_timer.o(.text)
    SysTick_Handler                          0x0800491d   Thumb Code    20  z_timer.o(.text)
    millis                                   0x08004931   Thumb Code     6  z_timer.o(.text)
    TIM2_Int_Init                            0x08004937   Thumb Code   102  z_timer.o(.text)
    TIM3_Pwm_Init                            0x0800499d   Thumb Code   146  z_timer.o(.text)
    TIM4_Pwm_Init                            0x08004a2f   Thumb Code   148  z_timer.o(.text)
    abs_float                                0x08004ac3   Thumb Code    24  z_timer.o(.text)
    duoji_inc_handle                         0x08004adb   Thumb Code   176  z_timer.o(.text)
    TIM2_IRQHandler                          0x08004b8b   Thumb Code   156  z_timer.o(.text)
    tb_usart3_init                           0x08004c49   Thumb Code   168  z_usart.o(.text)
    tb_usart2_init                           0x08004cf1   Thumb Code   162  z_usart.o(.text)
    tb_usart1_init                           0x08004d93   Thumb Code   196  z_usart.o(.text)
    tb_usart_init                            0x08004e57   Thumb Code    66  z_usart.o(.text)
    tb_usart1_send_byte                      0x08004e99   Thumb Code    14  z_usart.o(.text)
    tb_usart1_send_nbyte                     0x08004ea7   Thumb Code    44  z_usart.o(.text)
    tb_usart1_send_str                       0x08004ed3   Thumb Code    38  z_usart.o(.text)
    tb_usart2_send_byte                      0x08004ef9   Thumb Code    14  z_usart.o(.text)
    tb_usart2_send_nbyte                     0x08004f07   Thumb Code    44  z_usart.o(.text)
    tb_usart2_send_str                       0x08004f33   Thumb Code    38  z_usart.o(.text)
    tb_usart3_send_byte                      0x08004f59   Thumb Code    14  z_usart.o(.text)
    tb_usart3_send_nbyte                     0x08004f67   Thumb Code    44  z_usart.o(.text)
    tb_usart3_send_str                       0x08004f93   Thumb Code    38  z_usart.o(.text)
    USART1_IRQHandler                        0x08004fb9   Thumb Code   310  z_usart.o(.text)
    USART2_IRQHandler                        0x080050ef   Thumb Code   262  z_usart.o(.text)
    USART3_IRQHandler                        0x080051f5   Thumb Code   276  z_usart.o(.text)
    uart1_send_str                           0x08005309   Thumb Code    12  z_usart.o(.text)
    uart1_send_nbyte                         0x08005315   Thumb Code    16  z_usart.o(.text)
    uart1_send_byte                          0x08005325   Thumb Code    12  z_usart.o(.text)
    uart2_send_str                           0x08005331   Thumb Code    12  z_usart.o(.text)
    uart2_send_nbyte                         0x0800533d   Thumb Code    16  z_usart.o(.text)
    uart2_send_byte                          0x0800534d   Thumb Code    12  z_usart.o(.text)
    zx_uart_send_str                         0x08005359   Thumb Code    24  z_usart.o(.text)
    uart3_send_str                           0x08005371   Thumb Code    12  z_usart.o(.text)
    uart3_send_nbyte                         0x0800537d   Thumb Code    16  z_usart.o(.text)
    uart3_send_byte                          0x0800538d   Thumb Code    12  z_usart.o(.text)
    W25Q_Delay_us                            0x080053b9   Thumb Code    12  z_w25q64.o(.text)
    SPI1_ReadWriteByte                       0x080053c5   Thumb Code    78  z_w25q64.o(.text)
    W25Q_ReadID                              0x08005413   Thumb Code    64  z_w25q64.o(.text)
    SPI1_SetSpeed                            0x08005453   Thumb Code    26  z_w25q64.o(.text)
    SPI1_Init                                0x0800546d   Thumb Code   108  z_w25q64.o(.text)
    W25Q_Init                                0x080054d9   Thumb Code    68  z_w25q64.o(.text)
    W25Q_ReadSR                              0x0800551d   Thumb Code    36  z_w25q64.o(.text)
    W25Q_Write_SR                            0x08005541   Thumb Code    32  z_w25q64.o(.text)
    W25Q_Write_Enable                        0x08005561   Thumb Code    24  z_w25q64.o(.text)
    W25Q_Write_Disable                       0x08005579   Thumb Code    24  z_w25q64.o(.text)
    W25Q_Read                                0x08005591   Thumb Code    74  z_w25q64.o(.text)
    W25Q_Wait_Busy                           0x080055db   Thumb Code    18  z_w25q64.o(.text)
    W25Q_Write_Page                          0x080055ed   Thumb Code    80  z_w25q64.o(.text)
    W25Q_Write_NoCheck                       0x0800563d   Thumb Code    70  z_w25q64.o(.text)
    W25Q_Erase_Sector                        0x08005683   Thumb Code    62  z_w25q64.o(.text)
    W25Q_Write                               0x080056c1   Thumb Code   176  z_w25q64.o(.text)
    W25Q_Erase_Chip                          0x08005771   Thumb Code    36  z_w25q64.o(.text)
    W25Q_PowerDown                           0x08005795   Thumb Code    30  z_w25q64.o(.text)
    W25Q_WAKEUP                              0x080057b3   Thumb Code    62  z_w25q64.o(.text)
    setup_xunji                              0x080057f1   Thumb Code    34  z_sensor.o(.text)
    setup_sound                              0x08005813   Thumb Code    32  z_sensor.o(.text)
    setup_csb                                0x08005833   Thumb Code     2  z_sensor.o(.text)
    setup_yssb                               0x08005835   Thumb Code    88  z_sensor.o(.text)
    setup_sensor                             0x0800588d   Thumb Code    20  z_sensor.o(.text)
    get_adc_yssb_middle                      0x080058a1   Thumb Code   104  z_sensor.o(.text)
    smart_yssb_verify                        0x08005909   Thumb Code   188  z_sensor.o(.text)
    smart_xunji                              0x080059c5   Thumb Code   110  z_sensor.o(.text)
    get_adc_csb_middle                       0x08005a33   Thumb Code   104  z_sensor.o(.text)
    smart_xunjicsbjiaqu                      0x08005a9b   Thumb Code   108  z_sensor.o(.text)
    smart_xunjiyanse                         0x08005b07   Thumb Code   522  z_sensor.o(.text)
    smart_xunjibizhang                       0x08005d11   Thumb Code    50  z_sensor.o(.text)
    smart_gensui                             0x08005d43   Thumb Code    82  z_sensor.o(.text)
    smart_csbjiaqu                           0x08005d95   Thumb Code    66  z_sensor.o(.text)
    smart_yssbjiaqu                          0x08005dd7   Thumb Code   390  z_sensor.o(.text)
    smart_ziyoubizhang                       0x08005f5d   Thumb Code    60  z_sensor.o(.text)
    smart_soundjiaqu                         0x08005f99   Thumb Code   198  z_sensor.o(.text)
    loop_smart_sensor                        0x0800605f   Thumb Code   274  z_sensor.o(.text)
    __2sprintf                               0x08006179   Thumb Code    34  noretval__2sprintf.o(.text)
    _printf_pre_padding                      0x080061a1   Thumb Code    44  _printf_pad.o(.text)
    _printf_post_padding                     0x080061cd   Thumb Code    34  _printf_pad.o(.text)
    _printf_int_dec                          0x080061f1   Thumb Code   104  _printf_dec.o(.text)
    __printf                                 0x08006269   Thumb Code   308  __printf_flags_wp.o(.text)
    __0sscanf                                0x080063a1   Thumb Code    52  __0sscanf.o(.text)
    _scanf_int                               0x080063dd   Thumb Code   332  _scanf_int.o(.text)
    strcpy                                   0x08006529   Thumb Code    72  strcpy.o(.text)
    strlen                                   0x08006571   Thumb Code    62  strlen.o(.text)
    strcat                                   0x080065af   Thumb Code    24  strcat.o(.text)
    __aeabi_memcpy                           0x080065c7   Thumb Code     0  rt_memcpy_v6.o(.text)
    __rt_memcpy                              0x080065c7   Thumb Code   138  rt_memcpy_v6.o(.text)
    _memcpy_lastbytes                        0x0800662d   Thumb Code     0  rt_memcpy_v6.o(.text)
    __aeabi_memclr                           0x08006651   Thumb Code     0  rt_memclr.o(.text)
    __rt_memclr                              0x08006651   Thumb Code    68  rt_memclr.o(.text)
    _memset                                  0x08006655   Thumb Code     0  rt_memclr.o(.text)
    __aeabi_memclr4                          0x08006695   Thumb Code     0  rt_memclr_w.o(.text)
    __aeabi_memclr8                          0x08006695   Thumb Code     0  rt_memclr_w.o(.text)
    __rt_memclr_w                            0x08006695   Thumb Code    78  rt_memclr_w.o(.text)
    _memset_w                                0x08006699   Thumb Code     0  rt_memclr_w.o(.text)
    __use_two_region_memory                  0x080066e3   Thumb Code     2  heapauxi.o(.text)
    __rt_heap_escrow$2region                 0x080066e5   Thumb Code     2  heapauxi.o(.text)
    __rt_heap_expand$2region                 0x080066e7   Thumb Code     2  heapauxi.o(.text)
    _printf_int_common                       0x080066e9   Thumb Code   178  _printf_intcommon.o(.text)
    _printf_char_common                      0x080067a7   Thumb Code    32  _printf_char_common.o(.text)
    _sputc                                   0x080067cd   Thumb Code    10  _sputc.o(.text)
    _chval                                   0x080067d7   Thumb Code    28  _chval.o(.text)
    __vfscanf_char                           0x08006801   Thumb Code    24  scanf_char.o(.text)
    _sgetc                                   0x08006821   Thumb Code    30  _sgetc.o(.text)
    _sbackspace                              0x0800683f   Thumb Code    34  _sgetc.o(.text)
    __aeabi_memcpy4                          0x08006861   Thumb Code     0  rt_memcpy_w.o(.text)
    __aeabi_memcpy8                          0x08006861   Thumb Code     0  rt_memcpy_w.o(.text)
    __rt_memcpy_w                            0x08006861   Thumb Code   100  rt_memcpy_w.o(.text)
    _memcpy_lastbytes_aligned                0x080068a9   Thumb Code     0  rt_memcpy_w.o(.text)
    isspace                                  0x080068c5   Thumb Code    18  isspace.o(.text)
    __vfscanf                                0x080068d9   Thumb Code   878  _scanf.o(.text)
    __user_setup_stackheap                   0x08006c4d   Thumb Code    74  sys_stackheap_outer.o(.text)
    __rt_ctype_table                         0x08006c99   Thumb Code    16  rt_ctype_table.o(.text)
    exit                                     0x08006ca9   Thumb Code    18  exit.o(.text)
    __user_libspace                          0x08006cbd   Thumb Code     8  libspace.o(.text)
    __user_perproc_libspace                  0x08006cbd   Thumb Code     0  libspace.o(.text)
    __user_perthread_libspace                0x08006cbd   Thumb Code     0  libspace.o(.text)
    __rt_locale                              0x08006cc5   Thumb Code     8  rt_locale_intlibspace.o(.text)
    strcmp                                   0x08006ccd   Thumb Code   128  strcmpv7m.o(.text)
    _sys_exit                                0x08006d4d   Thumb Code     8  sys_exit.o(.text)
    __I$use$semihosting                      0x08006d59   Thumb Code     0  use_no_semi.o(.text)
    __use_no_semihosting_swi                 0x08006d59   Thumb Code     2  use_no_semi.o(.text)
    __semihosting_library_function           0x08006d5b   Thumb Code     0  indicate_semi.o(.text)
    _is_digit                                0x08006d5b   Thumb Code    14  __printf_wp.o(i._is_digit)
    _get_lc_ctype                            0x08006d69   Thumb Code    44  lc_ctype_c.o(locale$$code)
    __aeabi_d2f                              0x08006d95   Thumb Code     0  d2f.o(x$fpl$d2f)
    _d2f                                     0x08006d95   Thumb Code    98  d2f.o(x$fpl$d2f)
    __aeabi_dadd                             0x08006df9   Thumb Code     0  daddsub_clz.o(x$fpl$dadd)
    _dadd                                    0x08006df9   Thumb Code   332  daddsub_clz.o(x$fpl$dadd)
    __aeabi_ddiv                             0x08006f49   Thumb Code     0  ddiv.o(x$fpl$ddiv)
    _ddiv                                    0x08006f49   Thumb Code   552  ddiv.o(x$fpl$ddiv)
    __aeabi_i2d                              0x080071f9   Thumb Code     0  dflt_clz.o(x$fpl$dflt)
    _dflt                                    0x080071f9   Thumb Code    46  dflt_clz.o(x$fpl$dflt)
    __aeabi_ui2d                             0x08007227   Thumb Code     0  dflt_clz.o(x$fpl$dfltu)
    _dfltu                                   0x08007227   Thumb Code    38  dflt_clz.o(x$fpl$dfltu)
    __aeabi_dmul                             0x0800724d   Thumb Code     0  dmul.o(x$fpl$dmul)
    _dmul                                    0x0800724d   Thumb Code   332  dmul.o(x$fpl$dmul)
    __fpl_dnaninf                            0x080073a1   Thumb Code   156  dnaninf.o(x$fpl$dnaninf)
    __fpl_dretinf                            0x0800743d   Thumb Code    12  dretinf.o(x$fpl$dretinf)
    __aeabi_dsub                             0x08007449   Thumb Code     0  daddsub_clz.o(x$fpl$dsub)
    _dsub                                    0x08007449   Thumb Code   464  daddsub_clz.o(x$fpl$dsub)
    __aeabi_f2d                              0x0800761d   Thumb Code     0  f2d.o(x$fpl$f2d)
    _f2d                                     0x0800761d   Thumb Code    86  f2d.o(x$fpl$f2d)
    __aeabi_fadd                             0x08007675   Thumb Code     0  faddsub_clz.o(x$fpl$fadd)
    _fadd                                    0x08007675   Thumb Code   196  faddsub_clz.o(x$fpl$fadd)
    __fpl_fcmp_Inf                           0x08007739   Thumb Code    24  fcmpi.o(x$fpl$fcmpinf)
    __aeabi_cfcmpeq                          0x08007751   Thumb Code     0  feqf.o(x$fpl$feqf)
    _fcmpeq                                  0x08007751   Thumb Code   104  feqf.o(x$fpl$feqf)
    __aeabi_f2iz                             0x080077b9   Thumb Code     0  ffix.o(x$fpl$ffix)
    _ffix                                    0x080077b9   Thumb Code    54  ffix.o(x$fpl$ffix)
    __aeabi_f2uiz                            0x080077f1   Thumb Code     0  ffixu.o(x$fpl$ffixu)
    _ffixu                                   0x080077f1   Thumb Code    62  ffixu.o(x$fpl$ffixu)
    __aeabi_i2f                              0x08007831   Thumb Code     0  fflt_clz.o(x$fpl$fflt)
    _fflt                                    0x08007831   Thumb Code    48  fflt_clz.o(x$fpl$fflt)
    __aeabi_ui2f                             0x08007861   Thumb Code     0  fflt_clz.o(x$fpl$ffltu)
    _ffltu                                   0x08007861   Thumb Code    38  fflt_clz.o(x$fpl$ffltu)
    __aeabi_cfcmple                          0x08007889   Thumb Code     0  fleqf.o(x$fpl$fleqf)
    _fcmple                                  0x08007889   Thumb Code   104  fleqf.o(x$fpl$fleqf)
    __fpl_fcmple_InfNaN                      0x080078db   Thumb Code     0  fleqf.o(x$fpl$fleqf)
    __aeabi_fmul                             0x080078f1   Thumb Code     0  fmul.o(x$fpl$fmul)
    _fmul                                    0x080078f1   Thumb Code   258  fmul.o(x$fpl$fmul)
    __fpl_fnaninf                            0x080079f3   Thumb Code   140  fnaninf.o(x$fpl$fnaninf)
    __fpl_fretinf                            0x08007a7f   Thumb Code    10  fretinf.o(x$fpl$fretinf)
    __aeabi_cfrcmple                         0x08007a89   Thumb Code     0  frleqf.o(x$fpl$frleqf)
    _frcmple                                 0x08007a89   Thumb Code    98  frleqf.o(x$fpl$frleqf)
    __aeabi_fsub                             0x08007aed   Thumb Code     0  faddsub_clz.o(x$fpl$fsub)
    _fsub                                    0x08007aed   Thumb Code   234  faddsub_clz.o(x$fpl$fsub)
    __I$use$fp                               0x08007bd6   Number         0  usenofp.o(x$fpl$usenofp)
    Region$$Table$$Base                      0x08008db4   Number         0  anon$$obj.o(Region$$Table)
    Region$$Table$$Limit                     0x08008dd4   Number         0  anon$$obj.o(Region$$Table)
    __ctype                                  0x08008de1   Data           0  lc_ctype_c.o(locale$$data)
    SystemCoreClock                          0x20000000   Data           4  system_stm32f10x.o(.data)
    AHBPrescTable                            0x20000004   Data          16  system_stm32f10x.o(.data)
    i                                        0x20000028   Data           4  z_main.o(.data)
    car_dw                                   0x2000002c   Data           1  z_main.o(.data)
    do_start_index                           0x20000030   Data           4  z_main.o(.data)
    do_time                                  0x20000034   Data           4  z_main.o(.data)
    group_num_start                          0x20000038   Data           4  z_main.o(.data)
    group_num_end                            0x2000003c   Data           4  z_main.o(.data)
    group_num_times                          0x20000040   Data           4  z_main.o(.data)
    dj_record_time                           0x20000044   Data           4  z_main.o(.data)
    vol_adc                                  0x20000048   Data           4  z_main.o(.data)
    djBiasSaveFlag                           0x2000004c   Data           1  z_main.o(.data)
    bias_systick_ms_bak                      0x20000050   Data           4  z_main.o(.data)
    pre_cmd_set_red                          0x20000054   Data          64  z_main.o(.data)
    pre_cmd_set_grn                          0x20000094   Data          64  z_main.o(.data)
    dbt_flag                                 0x200000d4   Data           1  z_main.o(.data)
    action_pre_group                         0x200000d8   Data         148  z_main.o(.data)
    ADC_ConvertedValue                       0x200001a0   Data           6  z_adc.o(.data)
    uart1_get_ok                             0x200001a6   Data           1  z_global.o(.data)
    uart1_mode                               0x200001a7   Data           1  z_global.o(.data)
    smart_mode                               0x200001a8   Data           1  z_global.o(.data)
    group_do_ok                              0x200001a9   Data           1  z_global.o(.data)
    systick_ms                               0x200001ac   Data           4  z_timer.o(.data)
    W25Q_TYPE                                0x200001b8   Data           2  z_w25q64.o(.data)
    color_red_base                           0x200001bc   Data           4  z_sensor.o(.data)
    color_grn_base                           0x200001c0   Data           4  z_sensor.o(.data)
    color_blu_base                           0x200001c4   Data           4  z_sensor.o(.data)
    psx_buf                                  0x20000224   Data           9  z_main.o(.bss)
    duoji_doing                              0x20000230   Data         128  z_global.o(.bss)
    cmd_return                               0x200002b0   Data        1024  z_global.o(.bss)
    uart_receive_buf                         0x200006b0   Data        1024  z_global.o(.bss)
    eeprom_info                              0x20000ab0   Data         192  z_global.o(.bss)
    W25Q_BUF                                 0x20000b70   Data        4096  z_w25q64.o(.bss)
    SPI_InitStructure                        0x20001b70   Data          18  z_w25q64.o(.bss)
    __libspace_start                         0x20001bd4   Data          96  libspace.o(.bss)
    __temporary_stack_top$libspace           0x20001c34   Data           0  libspace.o(.bss)



==============================================================================

Memory Map of the image

  Image Entry point : 0x08000131

  Load Region LR_IROM1 (Base: 0x08000000, Size: 0x00009108, Max: 0x00010000, ABSOLUTE, COMPRESSED[0x00008ff8])

    Execution Region ER_IROM1 (Exec base: 0x08000000, Load base: 0x08000000, Size: 0x00008ee4, Max: 0x00010000, ABSOLUTE)

    Exec Addr    Load Addr    Size         Type   Attr      Idx    E Section Name        Object

    0x08000000   0x08000000   0x00000130   Data   RO          203    RESET               startup_stm32f10x_hd.o
    0x08000130   0x08000130   0x00000008   Code   RO          513  * !!!main             c_w.l(__main.o)
    0x08000138   0x08000138   0x00000034   Code   RO          766    !!!scatter          c_w.l(__scatter.o)
    0x0800016c   0x0800016c   0x0000005a   Code   RO          764    !!dczerorl2         c_w.l(__dczerorl2.o)
    0x080001c6   0x080001c6   0x00000002   PAD
    0x080001c8   0x080001c8   0x0000001c   Code   RO          768    !!handler_zi        c_w.l(__scatter_zi.o)
    0x080001e4   0x080001e4   0x00000000   Code   RO          494    .ARM.Collect$$_printf_percent$$00000000  c_w.l(_printf_percent.o)
    0x080001e4   0x080001e4   0x00000006   Code   RO          493    .ARM.Collect$$_printf_percent$$00000009  c_w.l(_printf_d.o)
    0x080001ea   0x080001ea   0x00000004   Code   RO          572    .ARM.Collect$$_printf_percent$$00000017  c_w.l(_printf_percent_end.o)
    0x080001ee   0x080001ee   0x00000002   Code   RO          624    .ARM.Collect$$libinit$$00000000  c_w.l(libinit.o)
    0x080001f0   0x080001f0   0x00000000   Code   RO          639    .ARM.Collect$$libinit$$00000002  c_w.l(libinit2.o)
    0x080001f0   0x080001f0   0x00000000   Code   RO          641    .ARM.Collect$$libinit$$00000004  c_w.l(libinit2.o)
    0x080001f0   0x080001f0   0x00000000   Code   RO          644    .ARM.Collect$$libinit$$0000000A  c_w.l(libinit2.o)
    0x080001f0   0x080001f0   0x00000000   Code   RO          646    .ARM.Collect$$libinit$$0000000C  c_w.l(libinit2.o)
    0x080001f0   0x080001f0   0x00000000   Code   RO          648    .ARM.Collect$$libinit$$0000000E  c_w.l(libinit2.o)
    0x080001f0   0x080001f0   0x00000006   Code   RO          649    .ARM.Collect$$libinit$$0000000F  c_w.l(libinit2.o)
    0x080001f6   0x080001f6   0x00000000   Code   RO          651    .ARM.Collect$$libinit$$00000011  c_w.l(libinit2.o)
    0x080001f6   0x080001f6   0x0000000c   Code   RO          652    .ARM.Collect$$libinit$$00000012  c_w.l(libinit2.o)
    0x08000202   0x08000202   0x00000000   Code   RO          653    .ARM.Collect$$libinit$$00000013  c_w.l(libinit2.o)
    0x08000202   0x08000202   0x00000000   Code   RO          655    .ARM.Collect$$libinit$$00000015  c_w.l(libinit2.o)
    0x08000202   0x08000202   0x00000000   Code   RO          657    .ARM.Collect$$libinit$$00000017  c_w.l(libinit2.o)
    0x08000202   0x08000202   0x00000000   Code   RO          659    .ARM.Collect$$libinit$$00000019  c_w.l(libinit2.o)
    0x08000202   0x08000202   0x00000000   Code   RO          661    .ARM.Collect$$libinit$$0000001B  c_w.l(libinit2.o)
    0x08000202   0x08000202   0x00000000   Code   RO          663    .ARM.Collect$$libinit$$0000001D  c_w.l(libinit2.o)
    0x08000202   0x08000202   0x00000000   Code   RO          665    .ARM.Collect$$libinit$$0000001F  c_w.l(libinit2.o)
    0x08000202   0x08000202   0x00000000   Code   RO          667    .ARM.Collect$$libinit$$00000021  c_w.l(libinit2.o)
    0x08000202   0x08000202   0x00000000   Code   RO          669    .ARM.Collect$$libinit$$00000023  c_w.l(libinit2.o)
    0x08000202   0x08000202   0x00000000   Code   RO          671    .ARM.Collect$$libinit$$00000025  c_w.l(libinit2.o)
    0x08000202   0x08000202   0x00000000   Code   RO          675    .ARM.Collect$$libinit$$0000002C  c_w.l(libinit2.o)
    0x08000202   0x08000202   0x00000000   Code   RO          677    .ARM.Collect$$libinit$$0000002E  c_w.l(libinit2.o)
    0x08000202   0x08000202   0x00000000   Code   RO          679    .ARM.Collect$$libinit$$00000030  c_w.l(libinit2.o)
    0x08000202   0x08000202   0x00000000   Code   RO          681    .ARM.Collect$$libinit$$00000032  c_w.l(libinit2.o)
    0x08000202   0x08000202   0x00000002   Code   RO          682    .ARM.Collect$$libinit$$00000033  c_w.l(libinit2.o)
    0x08000204   0x08000204   0x00000002   Code   RO          704    .ARM.Collect$$libshutdown$$00000000  c_w.l(libshutdown.o)
    0x08000206   0x08000206   0x00000000   Code   RO          717    .ARM.Collect$$libshutdown$$00000002  c_w.l(libshutdown2.o)
    0x08000206   0x08000206   0x00000000   Code   RO          719    .ARM.Collect$$libshutdown$$00000004  c_w.l(libshutdown2.o)
    0x08000206   0x08000206   0x00000000   Code   RO          722    .ARM.Collect$$libshutdown$$00000007  c_w.l(libshutdown2.o)
    0x08000206   0x08000206   0x00000000   Code   RO          725    .ARM.Collect$$libshutdown$$0000000A  c_w.l(libshutdown2.o)
    0x08000206   0x08000206   0x00000000   Code   RO          727    .ARM.Collect$$libshutdown$$0000000C  c_w.l(libshutdown2.o)
    0x08000206   0x08000206   0x00000000   Code   RO          730    .ARM.Collect$$libshutdown$$0000000F  c_w.l(libshutdown2.o)
    0x08000206   0x08000206   0x00000002   Code   RO          731    .ARM.Collect$$libshutdown$$00000010  c_w.l(libshutdown2.o)
    0x08000208   0x08000208   0x00000000   Code   RO          565    .ARM.Collect$$rtentry$$00000000  c_w.l(__rtentry.o)
    0x08000208   0x08000208   0x00000000   Code   RO          593    .ARM.Collect$$rtentry$$00000002  c_w.l(__rtentry2.o)
    0x08000208   0x08000208   0x00000006   Code   RO          605    .ARM.Collect$$rtentry$$00000004  c_w.l(__rtentry4.o)
    0x0800020e   0x0800020e   0x00000000   Code   RO          595    .ARM.Collect$$rtentry$$00000009  c_w.l(__rtentry2.o)
    0x0800020e   0x0800020e   0x00000004   Code   RO          596    .ARM.Collect$$rtentry$$0000000A  c_w.l(__rtentry2.o)
    0x08000212   0x08000212   0x00000000   Code   RO          598    .ARM.Collect$$rtentry$$0000000C  c_w.l(__rtentry2.o)
    0x08000212   0x08000212   0x00000008   Code   RO          599    .ARM.Collect$$rtentry$$0000000D  c_w.l(__rtentry2.o)
    0x0800021a   0x0800021a   0x00000002   Code   RO          628    .ARM.Collect$$rtexit$$00000000  c_w.l(rtexit.o)
    0x0800021c   0x0800021c   0x00000000   Code   RO          684    .ARM.Collect$$rtexit$$00000002  c_w.l(rtexit2.o)
    0x0800021c   0x0800021c   0x00000004   Code   RO          685    .ARM.Collect$$rtexit$$00000003  c_w.l(rtexit2.o)
    0x08000220   0x08000220   0x00000006   Code   RO          686    .ARM.Collect$$rtexit$$00000004  c_w.l(rtexit2.o)
    0x08000226   0x08000226   0x00000002   PAD
    0x08000228   0x08000228   0x000001e0   Code   RO           17    .text               system_stm32f10x.o
    0x08000408   0x08000408   0x0000035c   Code   RO           75    .text               stm32f10x_gpio.o
    0x08000764   0x08000764   0x000003a4   Code   RO           91    .text               stm32f10x_rcc.o
    0x08000b08   0x08000b08   0x000000dc   Code   RO          105    .text               misc.o
    0x08000be4   0x08000be4   0x00000408   Code   RO          117    .text               stm32f10x_usart.o
    0x08000fec   0x08000fec   0x00000e1a   Code   RO          141    .text               stm32f10x_tim.o
    0x08001e06   0x08001e06   0x00000002   PAD
    0x08001e08   0x08001e08   0x0000030c   Code   RO          153    .text               stm32f10x_spi.o
    0x08002114   0x08002114   0x0000044e   Code   RO          165    .text               stm32f10x_adc.o
    0x08002562   0x08002562   0x00000002   PAD
    0x08002564   0x08002564   0x00000254   Code   RO          177    .text               stm32f10x_dma.o
    0x080027b8   0x080027b8   0x00000040   Code   RO          204    .text               startup_stm32f10x_hd.o
    0x080027f8   0x080027f8   0x00001a0c   Code   RO          208    .text               z_main.o
    0x08004204   0x08004204   0x00000134   Code   RO          279    .text               z_adc.o
    0x08004338   0x08004338   0x00000050   Code   RO          300    .text               z_delay.o
    0x08004388   0x08004388   0x000000d0   Code   RO          312    .text               z_global.o
    0x08004458   0x08004458   0x000002e4   Code   RO          332    .text               z_gpio.o
    0x0800473c   0x0800473c   0x00000150   Code   RO          367    .text               z_ps2.o
    0x0800488c   0x0800488c   0x0000005e   Code   RO          379    .text               z_rcc.o
    0x080048ea   0x080048ea   0x00000002   PAD
    0x080048ec   0x080048ec   0x0000035c   Code   RO          391    .text               z_timer.o
    0x08004c48   0x08004c48   0x00000770   Code   RO          406    .text               z_usart.o
    0x080053b8   0x080053b8   0x00000438   Code   RO          423    .text               z_w25q64.o
    0x080057f0   0x080057f0   0x00000988   Code   RO          445    .text               z_sensor.o
    0x08006178   0x08006178   0x00000028   Code   RO          465    .text               c_w.l(noretval__2sprintf.o)
    0x080061a0   0x080061a0   0x0000004e   Code   RO          469    .text               c_w.l(_printf_pad.o)
    0x080061ee   0x080061ee   0x00000002   PAD
    0x080061f0   0x080061f0   0x00000078   Code   RO          471    .text               c_w.l(_printf_dec.o)
    0x08006268   0x08006268   0x00000138   Code   RO          485    .text               c_w.l(__printf_flags_wp.o)
    0x080063a0   0x080063a0   0x0000003c   Code   RO          495    .text               c_w.l(__0sscanf.o)
    0x080063dc   0x080063dc   0x0000014c   Code   RO          497    .text               c_w.l(_scanf_int.o)
    0x08006528   0x08006528   0x00000048   Code   RO          499    .text               c_w.l(strcpy.o)
    0x08006570   0x08006570   0x0000003e   Code   RO          501    .text               c_w.l(strlen.o)
    0x080065ae   0x080065ae   0x00000018   Code   RO          503    .text               c_w.l(strcat.o)
    0x080065c6   0x080065c6   0x0000008a   Code   RO          505    .text               c_w.l(rt_memcpy_v6.o)
    0x08006650   0x08006650   0x00000044   Code   RO          507    .text               c_w.l(rt_memclr.o)
    0x08006694   0x08006694   0x0000004e   Code   RO          509    .text               c_w.l(rt_memclr_w.o)
    0x080066e2   0x080066e2   0x00000006   Code   RO          511    .text               c_w.l(heapauxi.o)
    0x080066e8   0x080066e8   0x000000b2   Code   RO          566    .text               c_w.l(_printf_intcommon.o)
    0x0800679a   0x0800679a   0x00000002   PAD
    0x0800679c   0x0800679c   0x00000030   Code   RO          568    .text               c_w.l(_printf_char_common.o)
    0x080067cc   0x080067cc   0x0000000a   Code   RO          570    .text               c_w.l(_sputc.o)
    0x080067d6   0x080067d6   0x0000001c   Code   RO          573    .text               c_w.l(_chval.o)
    0x080067f2   0x080067f2   0x00000002   PAD
    0x080067f4   0x080067f4   0x0000002c   Code   RO          575    .text               c_w.l(scanf_char.o)
    0x08006820   0x08006820   0x00000040   Code   RO          577    .text               c_w.l(_sgetc.o)
    0x08006860   0x08006860   0x00000064   Code   RO          579    .text               c_w.l(rt_memcpy_w.o)
    0x080068c4   0x080068c4   0x00000012   Code   RO          607    .text               c_w.l(isspace.o)
    0x080068d6   0x080068d6   0x00000002   PAD
    0x080068d8   0x080068d8   0x00000374   Code   RO          611    .text               c_w.l(_scanf.o)
    0x08006c4c   0x08006c4c   0x0000004a   Code   RO          613    .text               c_w.l(sys_stackheap_outer.o)
    0x08006c96   0x08006c96   0x00000002   PAD
    0x08006c98   0x08006c98   0x00000010   Code   RO          615    .text               c_w.l(rt_ctype_table.o)
    0x08006ca8   0x08006ca8   0x00000012   Code   RO          617    .text               c_w.l(exit.o)
    0x08006cba   0x08006cba   0x00000002   PAD
    0x08006cbc   0x08006cbc   0x00000008   Code   RO          625    .text               c_w.l(libspace.o)
    0x08006cc4   0x08006cc4   0x00000008   Code   RO          633    .text               c_w.l(rt_locale_intlibspace.o)
    0x08006ccc   0x08006ccc   0x00000080   Code   RO          690    .text               c_w.l(strcmpv7m.o)
    0x08006d4c   0x08006d4c   0x0000000c   Code   RO          696    .text               c_w.l(sys_exit.o)
    0x08006d58   0x08006d58   0x00000002   Code   RO          707    .text               c_w.l(use_no_semi.o)
    0x08006d5a   0x08006d5a   0x00000000   Code   RO          709    .text               c_w.l(indicate_semi.o)
    0x08006d5a   0x08006d5a   0x0000000e   Code   RO          483    i._is_digit         c_w.l(__printf_wp.o)
    0x08006d68   0x08006d68   0x0000002c   Code   RO          636    locale$$code        c_w.l(lc_ctype_c.o)
    0x08006d94   0x08006d94   0x00000062   Code   RO          515    x$fpl$d2f           fz_ws.l(d2f.o)
    0x08006df6   0x08006df6   0x00000002   PAD
    0x08006df8   0x08006df8   0x00000150   Code   RO          517    x$fpl$dadd          fz_ws.l(daddsub_clz.o)
    0x08006f48   0x08006f48   0x000002b0   Code   RO          524    x$fpl$ddiv          fz_ws.l(ddiv.o)
    0x080071f8   0x080071f8   0x0000002e   Code   RO          528    x$fpl$dflt          fz_ws.l(dflt_clz.o)
    0x08007226   0x08007226   0x00000026   Code   RO          527    x$fpl$dfltu         fz_ws.l(dflt_clz.o)
    0x0800724c   0x0800724c   0x00000154   Code   RO          533    x$fpl$dmul          fz_ws.l(dmul.o)
    0x080073a0   0x080073a0   0x0000009c   Code   RO          581    x$fpl$dnaninf       fz_ws.l(dnaninf.o)
    0x0800743c   0x0800743c   0x0000000c   Code   RO          583    x$fpl$dretinf       fz_ws.l(dretinf.o)
    0x08007448   0x08007448   0x000001d4   Code   RO          519    x$fpl$dsub          fz_ws.l(daddsub_clz.o)
    0x0800761c   0x0800761c   0x00000056   Code   RO          535    x$fpl$f2d           fz_ws.l(f2d.o)
    0x08007672   0x08007672   0x00000002   PAD
    0x08007674   0x08007674   0x000000c4   Code   RO          537    x$fpl$fadd          fz_ws.l(faddsub_clz.o)
    0x08007738   0x08007738   0x00000018   Code   RO          585    x$fpl$fcmpinf       fz_ws.l(fcmpi.o)
    0x08007750   0x08007750   0x00000068   Code   RO          543    x$fpl$feqf          fz_ws.l(feqf.o)
    0x080077b8   0x080077b8   0x00000036   Code   RO          545    x$fpl$ffix          fz_ws.l(ffix.o)
    0x080077ee   0x080077ee   0x00000002   PAD
    0x080077f0   0x080077f0   0x0000003e   Code   RO          549    x$fpl$ffixu         fz_ws.l(ffixu.o)
    0x0800782e   0x0800782e   0x00000002   PAD
    0x08007830   0x08007830   0x00000030   Code   RO          554    x$fpl$fflt          fz_ws.l(fflt_clz.o)
    0x08007860   0x08007860   0x00000026   Code   RO          553    x$fpl$ffltu         fz_ws.l(fflt_clz.o)
    0x08007886   0x08007886   0x00000002   PAD
    0x08007888   0x08007888   0x00000068   Code   RO          559    x$fpl$fleqf         fz_ws.l(fleqf.o)
    0x080078f0   0x080078f0   0x00000102   Code   RO          561    x$fpl$fmul          fz_ws.l(fmul.o)
    0x080079f2   0x080079f2   0x0000008c   Code   RO          587    x$fpl$fnaninf       fz_ws.l(fnaninf.o)
    0x08007a7e   0x08007a7e   0x0000000a   Code   RO          589    x$fpl$fretinf       fz_ws.l(fretinf.o)
    0x08007a88   0x08007a88   0x00000062   Code   RO          563    x$fpl$frleqf        fz_ws.l(frleqf.o)
    0x08007aea   0x08007aea   0x00000002   PAD
    0x08007aec   0x08007aec   0x000000ea   Code   RO          539    x$fpl$fsub          fz_ws.l(faddsub_clz.o)
    0x08007bd6   0x08007bd6   0x00000000   Code   RO          591    x$fpl$usenofp       fz_ws.l(usenofp.o)
    0x08007bd6   0x08007bd6   0x00000011   Data   RO          486    .constdata          c_w.l(__printf_flags_wp.o)
    0x08007be7   0x08007be7   0x00000001   PAD
    0x08007be8   0x08007be8   0x000011ca   Data   RO          210    .conststring        z_main.o
    0x08008db2   0x08008db2   0x00000002   PAD
    0x08008db4   0x08008db4   0x00000020   Data   RO          762    Region$$Table       anon$$obj.o
    0x08008dd4   0x08008dd4   0x00000110   Data   RO          635    locale$$data        c_w.l(lc_ctype_c.o)


    Execution Region RW_IRAM1 (Exec base: 0x20000000, Load base: 0x08008ee4, Size: 0x00002238, Max: 0x00005000, ABSOLUTE, COMPRESSED[0x00000114])

    Exec Addr    Load Addr    Size         Type   Attr      Idx    E Section Name        Object

    0x20000000   COMPRESSED   0x00000014   Data   RW           18    .data               system_stm32f10x.o
    0x20000014   COMPRESSED   0x00000014   Data   RW           92    .data               stm32f10x_rcc.o
    0x20000028   COMPRESSED   0x00000177   Data   RW          211    .data               z_main.o
    0x2000019f   COMPRESSED   0x00000001   PAD
    0x200001a0   COMPRESSED   0x00000006   Data   RW          280    .data               z_adc.o
    0x200001a6   COMPRESSED   0x00000004   Data   RW          314    .data               z_global.o
    0x200001aa   COMPRESSED   0x00000001   Data   RW          333    .data               z_gpio.o
    0x200001ab   COMPRESSED   0x00000001   PAD
    0x200001ac   COMPRESSED   0x00000006   Data   RW          392    .data               z_timer.o
    0x200001b2   COMPRESSED   0x00000006   Data   RW          407    .data               z_usart.o
    0x200001b8   COMPRESSED   0x00000002   Data   RW          425    .data               z_w25q64.o
    0x200001ba   COMPRESSED   0x00000002   PAD
    0x200001bc   COMPRESSED   0x00000068   Data   RW          447    .data               z_sensor.o
    0x20000224        -       0x00000009   Zero   RW          209    .bss                z_main.o
    0x2000022d   COMPRESSED   0x00000003   PAD
    0x20000230        -       0x00000940   Zero   RW          313    .bss                z_global.o
    0x20000b70        -       0x00001012   Zero   RW          424    .bss                z_w25q64.o
    0x20001b82   COMPRESSED   0x00000002   PAD
    0x20001b84        -       0x00000050   Zero   RW          446    .bss                z_sensor.o
    0x20001bd4        -       0x00000060   Zero   RW          626    .bss                c_w.l(libspace.o)
    0x20001c34   COMPRESSED   0x00000004   PAD
    0x20001c38        -       0x00000200   Zero   RW          202    HEAP                startup_stm32f10x_hd.o
    0x20001e38        -       0x00000400   Zero   RW          201    STACK               startup_stm32f10x_hd.o


==============================================================================

Image component sizes


      Code (inc. data)   RO Data    RW Data    ZI Data      Debug   Object Name

         0          0          0          0          0       4540   core_cm3.o
       220         22          0          0          0       1861   misc.o
        64         26        304          0       1536        836   startup_stm32f10x_hd.o
      1102         26          0          0          0      11101   stm32f10x_adc.o
       596          8          0          0          0       4430   stm32f10x_dma.o
       860         38          0          0          0       5797   stm32f10x_gpio.o
       932         36          0         20          0       9016   stm32f10x_rcc.o
       780         14          0          0          0       6674   stm32f10x_spi.o
      3610         88          0          0          0      22904   stm32f10x_tim.o
      1032         22          0          0          0       8520   stm32f10x_usart.o
       480         38          0         20          0     275471   system_stm32f10x.o
       308         18          0          6          0       1817   z_adc.o
        80          0          0          0          0       1149   z_delay.o
       208         10          0          4       2368       3284   z_global.o
       740         28          0          1          0       3216   z_gpio.o
      6668       1122       4554        375          9      27203   z_main.o
       336         10          0          0          0       1217   z_ps2.o
        94          0          0          0          0        558   z_rcc.o
      2440        284          0        104         80       5618   z_sensor.o
       860         34          0          6          0       3169   z_timer.o
      1904         68          0          6          0       7184   z_usart.o
      1080         32          0          2       4114       5331   z_w25q64.o

    ----------------------------------------------------------------------
     24400       1924       4892        548       8112     410896   Object Totals
         0          0         32          0          0          0   (incl. Generated)
         6          0          2          4          5          0   (incl. Padding)

    ----------------------------------------------------------------------

      Code (inc. data)   RO Data    RW Data    ZI Data      Debug   Library Member Name

        60          8          0          0          0         84   __0sscanf.o
        90          0          0          0          0          0   __dczerorl2.o
         8          0          0          0          0         68   __main.o
       312          4         17          0          0         92   __printf_flags_wp.o
        14          0          0          0          0         68   __printf_wp.o
         0          0          0          0          0          0   __rtentry.o
        12          0          0          0          0          0   __rtentry2.o
         6          0          0          0          0          0   __rtentry4.o
        52          8          0          0          0          0   __scatter.o
        28          0          0          0          0          0   __scatter_zi.o
        28          0          0          0          0         68   _chval.o
        48          6          0          0          0         96   _printf_char_common.o
         6          0          0          0          0          0   _printf_d.o
       120         16          0          0          0         92   _printf_dec.o
       178          0          0          0          0         88   _printf_intcommon.o
        78          0          0          0          0        108   _printf_pad.o
         0          0          0          0          0          0   _printf_percent.o
         4          0          0          0          0          0   _printf_percent_end.o
       884          6          0          0          0        100   _scanf.o
       332          0          0          0          0         96   _scanf_int.o
        64          0          0          0          0         84   _sgetc.o
        10          0          0          0          0         68   _sputc.o
        18          0          0          0          0         80   exit.o
         6          0          0          0          0        152   heapauxi.o
         0          0          0          0          0          0   indicate_semi.o
        18          0          0          0          0         76   isspace.o
        44         10        272          0          0         76   lc_ctype_c.o
         2          0          0          0          0          0   libinit.o
        20          0          0          0          0          0   libinit2.o
         2          0          0          0          0          0   libshutdown.o
         2          0          0          0          0          0   libshutdown2.o
         8          4          0          0         96         68   libspace.o
        40          6          0          0          0         84   noretval__2sprintf.o
        16          4          0          0          0         76   rt_ctype_table.o
         8          4          0          0          0         68   rt_locale_intlibspace.o
        68          0          0          0          0         68   rt_memclr.o
        78          0          0          0          0         80   rt_memclr_w.o
       138          0          0          0          0         68   rt_memcpy_v6.o
       100          0          0          0          0         80   rt_memcpy_w.o
         2          0          0          0          0          0   rtexit.o
        10          0          0          0          0          0   rtexit2.o
        44          8          0          0          0         84   scanf_char.o
        24          0          0          0          0         68   strcat.o
       128          0          0          0          0         68   strcmpv7m.o
        72          0          0          0          0         80   strcpy.o
        62          0          0          0          0         76   strlen.o
        12          4          0          0          0         68   sys_exit.o
        74          0          0          0          0         80   sys_stackheap_outer.o
         2          0          0          0          0         68   use_no_semi.o
        98          4          0          0          0         92   d2f.o
       804         16          0          0          0        272   daddsub_clz.o
       688        140          0          0          0        208   ddiv.o
        84          0          0          0          0        136   dflt_clz.o
       340         12          0          0          0        104   dmul.o
       156          4          0          0          0         92   dnaninf.o
        12          0          0          0          0         68   dretinf.o
        86          4          0          0          0         84   f2d.o
       430          8          0          0          0        168   faddsub_clz.o
        24          0          0          0          0         68   fcmpi.o
       104          4          0          0          0         84   feqf.o
        54          4          0          0          0         84   ffix.o
        62          4          0          0          0         84   ffixu.o
        86          0          0          0          0        136   fflt_clz.o
       104          4          0          0          0         84   fleqf.o
       258          4          0          0          0         84   fmul.o
       140          4          0          0          0         84   fnaninf.o
        10          0          0          0          0         68   fretinf.o
        98          0          0          0          0         68   frleqf.o
         0          0          0          0          0          0   usenofp.o

    ----------------------------------------------------------------------
      6998        300        290          0        100       4748   Library Totals
        28          0          1          0          4          0   (incl. Padding)

    ----------------------------------------------------------------------

      Code (inc. data)   RO Data    RW Data    ZI Data      Debug   Library Name

      3332         88        289          0         96       2680   c_w.l
      3638        212          0          0          0       2068   fz_ws.l

    ----------------------------------------------------------------------
      6998        300        290          0        100       4748   Library Totals

    ----------------------------------------------------------------------

==============================================================================


      Code (inc. data)   RO Data    RW Data    ZI Data      Debug   

     31398       2224       5182        548       8212     410752   Grand Totals
     31398       2224       5182        276       8212     410752   ELF Image Totals (compressed)
     31398       2224       5182        276          0          0   ROM Totals

==============================================================================

    Total RO  Size (Code + RO Data)                36580 (  35.72kB)
    Total RW  Size (RW Data + ZI Data)              8760 (   8.55kB)
    Total ROM Size (Code + RO Data + RW Data)      36856 (  35.99kB)

==============================================================================

