ARM Linker, 5.03 [Build 76] [MDK-ARM Standard]

==============================================================================

Section Cross References

    main.o(.text) refers to _printf_percent.o(.ARM.Collect$$_printf_percent$$00000000) for _printf_percent
    main.o(.text) refers to _printf_d.o(.ARM.Collect$$_printf_percent$$00000009) for _printf_d
    main.o(.text) refers to _printf_dec.o(.text) for _printf_int_dec
    main.o(.text) refers to _printf_u.o(.ARM.Collect$$_printf_percent$$0000000A) for _printf_u
    main.o(.text) refers to _printf_f.o(.ARM.Collect$$_printf_percent$$00000003) for _printf_f
    main.o(.text) refers to printf1.o(x$fpl$printf1) for _printf_fp_dec
    main.o(.text) refers to _printf_s.o(.ARM.Collect$$_printf_percent$$00000014) for _printf_s
    main.o(.text) refers to _printf_str.o(.text) for _printf_str
    main.o(.text) refers to _printf_pad.o(.text) for _printf_pre_padding
    main.o(.text) refers to _printf_x.o(.ARM.Collect$$_printf_percent$$0000000C) for _printf_x
    main.o(.text) refers to _printf_hex_int.o(.text) for _printf_longlong_hex
    main.o(.text) refers to _scanf_int.o(.text) for _scanf_int
    main.o(.text) refers to scanf1.o(x$fpl$scanf1) for _scanf_real
    main.o(.text) refers to tb_usart.o(.text) for tb_usart1_send_str
    main.o(.text) refers to noretval__2sprintf.o(.text) for __2sprintf
    main.o(.text) refers to strlen.o(.text) for strlen
    main.o(.text) refers to rt_memcpy_v6.o(.text) for __aeabi_memcpy
    main.o(.text) refers to stm32f10x_usart.o(.text) for USART_ITConfig
    main.o(.text) refers to tb_gpio.o(.text) for input_port_get
    main.o(.text) refers to rt_memclr.o(.text) for __aeabi_memclr
    main.o(.text) refers to dflt_clz.o(x$fpl$dflt) for __aeabi_i2d
    main.o(.text) refers to dmul.o(x$fpl$dmul) for __aeabi_dmul
    main.o(.text) refers to ddiv.o(x$fpl$ddiv) for __aeabi_ddiv
    main.o(.text) refers to d2f.o(x$fpl$d2f) for __aeabi_d2f
    main.o(.text) refers to fleqf.o(x$fpl$fleqf) for __aeabi_cfcmple
    main.o(.text) refers to stm32f10x_tim.o(.text) for TIM_SetCompare1
    main.o(.text) refers to main.o(.data) for FLAG_UART_OUT
    main.o(.text) refers to tb_global.o(.bss) for cmd_return
    main.o(.text) refers to main.o(.bss) for input_time_bak
    main.o(.text) refers to tb_global.o(.data) for systick_ms
    main.o(.text) refers to adc.o(.data) for ADC_ConvertedValue
    main.o(.text) refers to tb_delay.o(.text) for tb_delay_ms
    main.o(.text) refers to ps2_sony.o(.text) for psx_write_read
    main.o(.text) refers to dflt_clz.o(x$fpl$dfltu) for __aeabi_ui2d
    main.o(.text) refers to fflt_clz.o(x$fpl$ffltu) for __aeabi_ui2f
    main.o(.text) refers to faddsub_clz.o(x$fpl$fsub) for __aeabi_fsub
    main.o(.text) refers to f2d.o(x$fpl$f2d) for __aeabi_f2d
    main.o(.text) refers to i2c_at24cxx_io.o(.text) for at24_read
    main.o(.text) refers to pow.o(i.pow) for pow
    main.o(.text) refers to dleqf.o(x$fpl$dleqf) for __aeabi_cdcmple
    main.o(.text) refers to frleqf.o(x$fpl$frleqf) for __aeabi_cfrcmple
    main.o(.text) refers to dfixu.o(x$fpl$dfixu) for __aeabi_d2uiz
    main.o(.text) refers to rt_memclr_w.o(.text) for __aeabi_memclr4
    main.o(.text) refers to tb_global.o(.constdata) for usart_baud_rate
    main.o(.text) refers to tb_global.o(.text) for str_contain_str
    main.o(.text) refers to drleqf.o(x$fpl$drleqf) for __aeabi_cdrcmple
    main.o(.text) refers to ffixu.o(x$fpl$ffixu) for __aeabi_f2uiz
    main.o(.text) refers to __0sscanf.o(.text) for __0sscanf
    main.o(.text) refers to spi_hc595.o(.text) for dj_io_switch
    main.o(.text) refers to i2c_mpu6050.o(.text) for mpu_G
    main.o(.text) refers to strcpy.o(.text) for strcpy
    main.o(.text) refers to faddsub_clz.o(x$fpl$fadd) for __aeabi_fadd
    main.o(.text) refers to feqf.o(x$fpl$feqf) for __aeabi_cfcmpeq
    main.o(.text) refers to tb_rcc.o(.text) for tb_rcc_init
    main.o(.text) refers to adc.o(.text) for ADC_init
    main.o(.text) refers to tb_timer.o(.text) for IR_TIM2_Int_Init
    system_stm32f10x.o(.text) refers to system_stm32f10x.o(.data) for SystemCoreClock
    stm32f10x_gpio.o(.text) refers to stm32f10x_rcc.o(.text) for RCC_APB2PeriphResetCmd
    stm32f10x_rcc.o(.text) refers to stm32f10x_rcc.o(.data) for APBAHBPrescTable
    stm32f10x_usart.o(.text) refers to stm32f10x_rcc.o(.text) for RCC_APB2PeriphResetCmd
    stm32f10x_i2c.o(.text) refers to stm32f10x_rcc.o(.text) for RCC_APB1PeriphResetCmd
    stm32f10x_tim.o(.text) refers to stm32f10x_rcc.o(.text) for RCC_APB2PeriphResetCmd
    stm32f10x_spi.o(.text) refers to stm32f10x_rcc.o(.text) for RCC_APB2PeriphResetCmd
    stm32f10x_adc.o(.text) refers to stm32f10x_rcc.o(.text) for RCC_APB2PeriphResetCmd
    startup_stm32f10x_hd.o(STACK) refers (Special) to heapauxi.o(.text) for __use_two_region_memory
    startup_stm32f10x_hd.o(HEAP) refers (Special) to heapauxi.o(.text) for __use_two_region_memory
[...]
    RCC_PCLK2Config                          0x080047ff   Thumb Code    20  stm32f10x_rcc.o(.text)
    RCC_ITConfig                             0x08004813   Thumb Code    26  stm32f10x_rcc.o(.text)
    RCC_USBCLKConfig                         0x0800482d   Thumb Code     6  stm32f10x_rcc.o(.text)
    RCC_ADCCLKConfig                         0x08004833   Thumb Code    18  stm32f10x_rcc.o(.text)
    RCC_LSEConfig                            0x08004845   Thumb Code    44  stm32f10x_rcc.o(.text)
    RCC_LSICmd                               0x08004871   Thumb Code     6  stm32f10x_rcc.o(.text)
    RCC_RTCCLKConfig                         0x08004877   Thumb Code    12  stm32f10x_rcc.o(.text)
    RCC_RTCCLKCmd                            0x08004883   Thumb Code     8  stm32f10x_rcc.o(.text)
    RCC_GetClocksFreq                        0x0800488b   Thumb Code   192  stm32f10x_rcc.o(.text)
    RCC_AHBPeriphClockCmd                    0x0800494b   Thumb Code    26  stm32f10x_rcc.o(.text)
    RCC_APB2PeriphClockCmd                   0x08004965   Thumb Code    26  stm32f10x_rcc.o(.text)
    RCC_APB1PeriphClockCmd                   0x0800497f   Thumb Code    26  stm32f10x_rcc.o(.text)
    RCC_APB2PeriphResetCmd                   0x08004999   Thumb Code    26  stm32f10x_rcc.o(.text)
    RCC_APB1PeriphResetCmd                   0x080049b3   Thumb Code    26  stm32f10x_rcc.o(.text)
    RCC_BackupResetCmd                       0x080049cd   Thumb Code     8  stm32f10x_rcc.o(.text)
    RCC_ClockSecuritySystemCmd               0x080049d5   Thumb Code     6  stm32f10x_rcc.o(.text)
    RCC_MCOConfig                            0x080049db   Thumb Code     6  stm32f10x_rcc.o(.text)
    RCC_ClearFlag                            0x080049e1   Thumb Code    14  stm32f10x_rcc.o(.text)
    RCC_GetITStatus                          0x080049ef   Thumb Code    20  stm32f10x_rcc.o(.text)
    RCC_ClearITPendingBit                    0x08004a03   Thumb Code     6  stm32f10x_rcc.o(.text)
    NVIC_PriorityGroupConfig                 0x08004a35   Thumb Code    10  misc.o(.text)
    NVIC_Init                                0x08004a3f   Thumb Code   102  misc.o(.text)
    NVIC_SetVectorTable                      0x08004aa5   Thumb Code    14  misc.o(.text)
    NVIC_SystemLPConfig                      0x08004ab3   Thumb Code    34  misc.o(.text)
    SysTick_CLKSourceConfig                  0x08004ad5   Thumb Code    40  misc.o(.text)
    USART_DeInit                             0x08004b11   Thumb Code   134  stm32f10x_usart.o(.text)
    USART_Init                               0x08004b97   Thumb Code   210  stm32f10x_usart.o(.text)
    USART_StructInit                         0x08004c69   Thumb Code    24  stm32f10x_usart.o(.text)
    USART_ClockInit                          0x08004c81   Thumb Code    34  stm32f10x_usart.o(.text)
    USART_ClockStructInit                    0x08004ca3   Thumb Code    12  stm32f10x_usart.o(.text)
    USART_Cmd                                0x08004caf   Thumb Code    24  stm32f10x_usart.o(.text)
    USART_ITConfig                           0x08004cc7   Thumb Code    74  stm32f10x_usart.o(.text)
    USART_DMACmd                             0x08004d11   Thumb Code    18  stm32f10x_usart.o(.text)
    USART_SetAddress                         0x08004d23   Thumb Code    18  stm32f10x_usart.o(.text)
    USART_WakeUpConfig                       0x08004d35   Thumb Code    18  stm32f10x_usart.o(.text)
    USART_ReceiverWakeUpCmd                  0x08004d47   Thumb Code    24  stm32f10x_usart.o(.text)
    USART_LINBreakDetectLengthConfig         0x08004d5f   Thumb Code    18  stm32f10x_usart.o(.text)
    USART_LINCmd                             0x08004d71   Thumb Code    24  stm32f10x_usart.o(.text)
    USART_SendData                           0x08004d89   Thumb Code     8  stm32f10x_usart.o(.text)
    USART_ReceiveData                        0x08004d91   Thumb Code    10  stm32f10x_usart.o(.text)
    USART_SendBreak                          0x08004d9b   Thumb Code    10  stm32f10x_usart.o(.text)
    USART_SetGuardTime                       0x08004da5   Thumb Code    16  stm32f10x_usart.o(.text)
    USART_SetPrescaler                       0x08004db5   Thumb Code    16  stm32f10x_usart.o(.text)
    USART_SmartCardCmd                       0x08004dc5   Thumb Code    24  stm32f10x_usart.o(.text)
    USART_SmartCardNACKCmd                   0x08004ddd   Thumb Code    24  stm32f10x_usart.o(.text)
    USART_HalfDuplexCmd                      0x08004df5   Thumb Code    24  stm32f10x_usart.o(.text)
    USART_OverSampling8Cmd                   0x08004e0d   Thumb Code    22  stm32f10x_usart.o(.text)
    USART_OneBitMethodCmd                    0x08004e23   Thumb Code    24  stm32f10x_usart.o(.text)
    USART_IrDAConfig                         0x08004e3b   Thumb Code    18  stm32f10x_usart.o(.text)
    USART_IrDACmd                            0x08004e4d   Thumb Code    24  stm32f10x_usart.o(.text)
    USART_GetFlagStatus                      0x08004e65   Thumb Code    26  stm32f10x_usart.o(.text)
    USART_ClearFlag                          0x08004e7f   Thumb Code    18  stm32f10x_usart.o(.text)
    USART_GetITStatus                        0x08004e91   Thumb Code    84  stm32f10x_usart.o(.text)
    USART_ClearITPendingBit                  0x08004ee5   Thumb Code    52  stm32f10x_usart.o(.text)
    I2C_DeInit                               0x08004f19   Thumb Code    50  stm32f10x_i2c.o(.text)
    I2C_Init                                 0x08004f4b   Thumb Code   222  stm32f10x_i2c.o(.text)
    I2C_StructInit                           0x08005029   Thumb Code    30  stm32f10x_i2c.o(.text)
    I2C_Cmd                                  0x08005047   Thumb Code    24  stm32f10x_i2c.o(.text)
    I2C_DMACmd                               0x0800505f   Thumb Code    24  stm32f10x_i2c.o(.text)
    I2C_DMALastTransferCmd                   0x08005077   Thumb Code    24  stm32f10x_i2c.o(.text)
    I2C_GenerateSTART                        0x0800508f   Thumb Code    24  stm32f10x_i2c.o(.text)
    I2C_GenerateSTOP                         0x080050a7   Thumb Code    24  stm32f10x_i2c.o(.text)
    I2C_AcknowledgeConfig                    0x080050bf   Thumb Code    24  stm32f10x_i2c.o(.text)
    I2C_OwnAddress2Config                    0x080050d7   Thumb Code    22  stm32f10x_i2c.o(.text)
    I2C_DualAddressCmd                       0x080050ed   Thumb Code    24  stm32f10x_i2c.o(.text)
    I2C_GeneralCallCmd                       0x08005105   Thumb Code    24  stm32f10x_i2c.o(.text)
    I2C_ITConfig                             0x0800511d   Thumb Code    18  stm32f10x_i2c.o(.text)
    I2C_SendData                             0x0800512f   Thumb Code     4  stm32f10x_i2c.o(.text)
    I2C_ReceiveData                          0x08005133   Thumb Code     8  stm32f10x_i2c.o(.text)
    I2C_Send7bitAddress                      0x0800513b   Thumb Code    18  stm32f10x_i2c.o(.text)
    I2C_ReadRegister                         0x0800514d   Thumb Code    22  stm32f10x_i2c.o(.text)
    I2C_SoftwareResetCmd                     0x08005163   Thumb Code    22  stm32f10x_i2c.o(.text)
    I2C_NACKPositionConfig                   0x08005179   Thumb Code    28  stm32f10x_i2c.o(.text)
    I2C_SMBusAlertConfig                     0x08005195   Thumb Code    28  stm32f10x_i2c.o(.text)
    I2C_TransmitPEC                          0x080051b1   Thumb Code    24  stm32f10x_i2c.o(.text)
    I2C_PECPositionConfig                    0x080051c9   Thumb Code    28  stm32f10x_i2c.o(.text)
    I2C_CalculatePEC                         0x080051e5   Thumb Code    24  stm32f10x_i2c.o(.text)
    I2C_GetPEC                               0x080051fd   Thumb Code     8  stm32f10x_i2c.o(.text)
    I2C_ARPCmd                               0x08005205   Thumb Code    24  stm32f10x_i2c.o(.text)
    I2C_StretchClockCmd                      0x0800521d   Thumb Code    24  stm32f10x_i2c.o(.text)
    I2C_FastModeDutyCycleConfig              0x08005235   Thumb Code    28  stm32f10x_i2c.o(.text)
    I2C_CheckEvent                           0x08005251   Thumb Code    42  stm32f10x_i2c.o(.text)
    I2C_GetLastEvent                         0x0800527b   Thumb Code    26  stm32f10x_i2c.o(.text)
    I2C_GetFlagStatus                        0x08005295   Thumb Code    58  stm32f10x_i2c.o(.text)
    I2C_ClearFlag                            0x080052cf   Thumb Code    12  stm32f10x_i2c.o(.text)
    I2C_GetITStatus                          0x080052db   Thumb Code    54  stm32f10x_i2c.o(.text)
    I2C_ClearITPendingBit                    0x08005311   Thumb Code    12  stm32f10x_i2c.o(.text)
    TIM_DeInit                               0x0800531d   Thumb Code   424  stm32f10x_tim.o(.text)
    TIM_TimeBaseInit                         0x080054c5   Thumb Code   122  stm32f10x_tim.o(.text)
    TIM_OC1Init                              0x0800553f   Thumb Code   132  stm32f10x_tim.o(.text)
    TIM_OC2Init                              0x080055c3   Thumb Code   154  stm32f10x_tim.o(.text)
    TIM_OC3Init                              0x0800565d   Thumb Code   150  stm32f10x_tim.o(.text)
    TIM_OC4Init                              0x080056f3   Thumb Code   182  stm32f10x_tim.o(.text)
    TIM_SetIC4Prescaler                      0x080057a9   Thumb Code    26  stm32f10x_tim.o(.text)
    TIM_SetIC3Prescaler                      0x08005845   Thumb Code    18  stm32f10x_tim.o(.text)
    TIM_SetIC2Prescaler                      0x080058d1   Thumb Code    26  stm32f10x_tim.o(.text)
    TIM_SetIC1Prescaler                      0x0800596d   Thumb Code    18  stm32f10x_tim.o(.text)
    TIM_ICInit                               0x080059eb   Thumb Code   150  stm32f10x_tim.o(.text)
    TIM_PWMIConfig                           0x08005a81   Thumb Code   124  stm32f10x_tim.o(.text)
    TIM_BDTRConfig                           0x08005afd   Thumb Code    32  stm32f10x_tim.o(.text)
    TIM_TimeBaseStructInit                   0x08005b1d   Thumb Code    18  stm32f10x_tim.o(.text)
    TIM_OCStructInit                         0x08005b2f   Thumb Code    20  stm32f10x_tim.o(.text)
    TIM_ICStructInit                         0x08005b43   Thumb Code    18  stm32f10x_tim.o(.text)
    TIM_BDTRStructInit                       0x08005b55   Thumb Code    40  stm32f10x_tim.o(.text)
    TIM_Cmd                                  0x08005b7d   Thumb Code    24  stm32f10x_tim.o(.text)
    TIM_CtrlPWMOutputs                       0x08005b95   Thumb Code    30  stm32f10x_tim.o(.text)
    TIM_ITConfig                             0x08005bb3   Thumb Code    18  stm32f10x_tim.o(.text)
    TIM_GenerateEvent                        0x08005bc5   Thumb Code     4  stm32f10x_tim.o(.text)
    TIM_DMAConfig                            0x08005bc9   Thumb Code    10  stm32f10x_tim.o(.text)
    TIM_DMACmd                               0x08005bd3   Thumb Code    18  stm32f10x_tim.o(.text)
    TIM_InternalClockConfig                  0x08005be5   Thumb Code    12  stm32f10x_tim.o(.text)
    TIM_SelectInputTrigger                   0x08005bf1   Thumb Code    18  stm32f10x_tim.o(.text)
    TIM_ITRxExternalClockConfig              0x08005c03   Thumb Code    24  stm32f10x_tim.o(.text)
    TIM_TIxExternalClockConfig               0x08005c1b   Thumb Code    62  stm32f10x_tim.o(.text)
    TIM_ETRConfig                            0x08005c59   Thumb Code    28  stm32f10x_tim.o(.text)
    TIM_ETRClockMode1Config                  0x08005c75   Thumb Code    54  stm32f10x_tim.o(.text)
    TIM_ETRClockMode2Config                  0x08005cab   Thumb Code    32  stm32f10x_tim.o(.text)
    TIM_PrescalerConfig                      0x08005ccb   Thumb Code     6  stm32f10x_tim.o(.text)
    TIM_CounterModeConfig                    0x08005cd1   Thumb Code    18  stm32f10x_tim.o(.text)
    TIM_EncoderInterfaceConfig               0x08005ce3   Thumb Code    66  stm32f10x_tim.o(.text)
    TIM_ForcedOC1Config                      0x08005d25   Thumb Code    18  stm32f10x_tim.o(.text)
    TIM_ForcedOC2Config                      0x08005d37   Thumb Code    26  stm32f10x_tim.o(.text)
    TIM_ForcedOC3Config                      0x08005d51   Thumb Code    18  stm32f10x_tim.o(.text)
    TIM_ForcedOC4Config                      0x08005d63   Thumb Code    26  stm32f10x_tim.o(.text)
    TIM_ARRPreloadConfig                     0x08005d7d   Thumb Code    24  stm32f10x_tim.o(.text)
    TIM_SelectCOM                            0x08005d95   Thumb Code    24  stm32f10x_tim.o(.text)
    TIM_SelectCCDMA                          0x08005dad   Thumb Code    24  stm32f10x_tim.o(.text)
    TIM_CCPreloadControl                     0x08005dc5   Thumb Code    24  stm32f10x_tim.o(.text)
    TIM_OC1PreloadConfig                     0x08005ddd   Thumb Code    18  stm32f10x_tim.o(.text)
    TIM_OC2PreloadConfig                     0x08005def   Thumb Code    26  stm32f10x_tim.o(.text)
    TIM_OC3PreloadConfig                     0x08005e09   Thumb Code    18  stm32f10x_tim.o(.text)
    TIM_OC4PreloadConfig                     0x08005e1b   Thumb Code    26  stm32f10x_tim.o(.text)
    TIM_OC1FastConfig                        0x08005e35   Thumb Code    18  stm32f10x_tim.o(.text)
    TIM_OC2FastConfig                        0x08005e47   Thumb Code    26  stm32f10x_tim.o(.text)
    TIM_OC3FastConfig                        0x08005e61   Thumb Code    18  stm32f10x_tim.o(.text)
    TIM_OC4FastConfig                        0x08005e73   Thumb Code    26  stm32f10x_tim.o(.text)
    TIM_ClearOC1Ref                          0x08005e8d   Thumb Code    18  stm32f10x_tim.o(.text)
    TIM_ClearOC2Ref                          0x08005e9f   Thumb Code    24  stm32f10x_tim.o(.text)
    TIM_ClearOC3Ref                          0x08005eb7   Thumb Code    18  stm32f10x_tim.o(.text)
    TIM_ClearOC4Ref                          0x08005ec9   Thumb Code    24  stm32f10x_tim.o(.text)
    TIM_OC1PolarityConfig                    0x08005ee1   Thumb Code    18  stm32f10x_tim.o(.text)
    TIM_OC1NPolarityConfig                   0x08005ef3   Thumb Code    18  stm32f10x_tim.o(.text)
    TIM_OC2PolarityConfig                    0x08005f05   Thumb Code    26  stm32f10x_tim.o(.text)
    TIM_OC2NPolarityConfig                   0x08005f1f   Thumb Code    26  stm32f10x_tim.o(.text)
    TIM_OC3PolarityConfig                    0x08005f39   Thumb Code    26  stm32f10x_tim.o(.text)
    TIM_OC3NPolarityConfig                   0x08005f53   Thumb Code    26  stm32f10x_tim.o(.text)
    TIM_OC4PolarityConfig                    0x08005f6d   Thumb Code    26  stm32f10x_tim.o(.text)
    TIM_CCxCmd                               0x08005f87   Thumb Code    30  stm32f10x_tim.o(.text)
    TIM_CCxNCmd                              0x08005fa5   Thumb Code    30  stm32f10x_tim.o(.text)
    TIM_SelectOCxM                           0x08005fc3   Thumb Code    82  stm32f10x_tim.o(.text)
    TIM_UpdateDisableConfig                  0x08006015   Thumb Code    24  stm32f10x_tim.o(.text)
    TIM_UpdateRequestConfig                  0x0800602d   Thumb Code    24  stm32f10x_tim.o(.text)
    TIM_SelectHallSensor                     0x08006045   Thumb Code    24  stm32f10x_tim.o(.text)
    TIM_SelectOnePulseMode                   0x0800605d   Thumb Code    18  stm32f10x_tim.o(.text)
    TIM_SelectOutputTrigger                  0x0800606f   Thumb Code    18  stm32f10x_tim.o(.text)
    TIM_SelectSlaveMode                      0x08006081   Thumb Code    18  stm32f10x_tim.o(.text)
    TIM_SelectMasterSlaveMode                0x08006093   Thumb Code    18  stm32f10x_tim.o(.text)
    TIM_SetCounter                           0x080060a5   Thumb Code     4  stm32f10x_tim.o(.text)
    TIM_SetAutoreload                        0x080060a9   Thumb Code     4  stm32f10x_tim.o(.text)
    TIM_SetCompare1                          0x080060ad   Thumb Code     4  stm32f10x_tim.o(.text)
    TIM_SetCompare2                          0x080060b1   Thumb Code     4  stm32f10x_tim.o(.text)
    TIM_SetCompare3                          0x080060b5   Thumb Code     4  stm32f10x_tim.o(.text)
    TIM_SetCompare4                          0x080060b9   Thumb Code     6  stm32f10x_tim.o(.text)
    TIM_SetClockDivision                     0x080060bf   Thumb Code    18  stm32f10x_tim.o(.text)
    TIM_GetCapture1                          0x080060d1   Thumb Code     6  stm32f10x_tim.o(.text)
    TIM_GetCapture2                          0x080060d7   Thumb Code     6  stm32f10x_tim.o(.text)
    TIM_GetCapture3                          0x080060dd   Thumb Code     6  stm32f10x_tim.o(.text)
    TIM_GetCapture4                          0x080060e3   Thumb Code     8  stm32f10x_tim.o(.text)
    TIM_GetCounter                           0x080060eb   Thumb Code     6  stm32f10x_tim.o(.text)
    TIM_GetPrescaler                         0x080060f1   Thumb Code     6  stm32f10x_tim.o(.text)
    TIM_GetFlagStatus                        0x080060f7   Thumb Code    18  stm32f10x_tim.o(.text)
    TIM_ClearFlag                            0x08006109   Thumb Code     6  stm32f10x_tim.o(.text)
    TIM_GetITStatus                          0x0800610f   Thumb Code    34  stm32f10x_tim.o(.text)
    TIM_ClearITPendingBit                    0x08006131   Thumb Code     6  stm32f10x_tim.o(.text)
    SPI_I2S_DeInit                           0x08006139   Thumb Code    76  stm32f10x_spi.o(.text)
    SPI_Init                                 0x08006185   Thumb Code    60  stm32f10x_spi.o(.text)
    I2S_Init                                 0x080061c1   Thumb Code   226  stm32f10x_spi.o(.text)
    SPI_StructInit                           0x080062a3   Thumb Code    24  stm32f10x_spi.o(.text)
    I2S_StructInit                           0x080062bb   Thumb Code    20  stm32f10x_spi.o(.text)
    SPI_Cmd                                  0x080062cf   Thumb Code    24  stm32f10x_spi.o(.text)
    I2S_Cmd                                  0x080062e7   Thumb Code    24  stm32f10x_spi.o(.text)
    SPI_I2S_ITConfig                         0x080062ff   Thumb Code    32  stm32f10x_spi.o(.text)
    SPI_I2S_DMACmd                           0x0800631f   Thumb Code    18  stm32f10x_spi.o(.text)
    SPI_I2S_SendData                         0x08006331   Thumb Code     4  stm32f10x_spi.o(.text)
    SPI_I2S_ReceiveData                      0x08006335   Thumb Code     6  stm32f10x_spi.o(.text)
    SPI_NSSInternalSoftwareConfig            0x0800633b   Thumb Code    30  stm32f10x_spi.o(.text)
    SPI_SSOutputCmd                          0x08006359   Thumb Code    24  stm32f10x_spi.o(.text)
    SPI_DataSizeConfig                       0x08006371   Thumb Code    18  stm32f10x_spi.o(.text)
    SPI_TransmitCRC                          0x08006383   Thumb Code    10  stm32f10x_spi.o(.text)
    SPI_CalculateCRC                         0x0800638d   Thumb Code    24  stm32f10x_spi.o(.text)
    SPI_GetCRC                               0x080063a5   Thumb Code    16  stm32f10x_spi.o(.text)
    SPI_GetCRCPolynomial                     0x080063b5   Thumb Code     6  stm32f10x_spi.o(.text)
    SPI_BiDirectionalLineConfig              0x080063bb   Thumb Code    28  stm32f10x_spi.o(.text)
    SPI_I2S_GetFlagStatus                    0x080063d7   Thumb Code    18  stm32f10x_spi.o(.text)
    SPI_I2S_ClearFlag                        0x080063e9   Thumb Code     6  stm32f10x_spi.o(.text)
    SPI_I2S_GetITStatus                      0x080063ef   Thumb Code    52  stm32f10x_spi.o(.text)
    SPI_I2S_ClearITPendingBit                0x08006423   Thumb Code    20  stm32f10x_spi.o(.text)
    ADC_DeInit                               0x08006445   Thumb Code    78  stm32f10x_adc.o(.text)
    ADC_Init                                 0x08006493   Thumb Code    70  stm32f10x_adc.o(.text)
    ADC_StructInit                           0x080064d9   Thumb Code    18  stm32f10x_adc.o(.text)
    ADC_Cmd                                  0x080064eb   Thumb Code    22  stm32f10x_adc.o(.text)
    ADC_DMACmd                               0x08006501   Thumb Code    22  stm32f10x_adc.o(.text)
    ADC_ITConfig                             0x08006517   Thumb Code    24  stm32f10x_adc.o(.text)
    ADC_ResetCalibration                     0x0800652f   Thumb Code    10  stm32f10x_adc.o(.text)
    ADC_GetResetCalibrationStatus            0x08006539   Thumb Code    20  stm32f10x_adc.o(.text)
    ADC_StartCalibration                     0x0800654d   Thumb Code    10  stm32f10x_adc.o(.text)
    ADC_GetCalibrationStatus                 0x08006557   Thumb Code    20  stm32f10x_adc.o(.text)
    ADC_SoftwareStartConvCmd                 0x0800656b   Thumb Code    22  stm32f10x_adc.o(.text)
    ADC_GetSoftwareStartConvStatus           0x08006581   Thumb Code    20  stm32f10x_adc.o(.text)
    ADC_DiscModeChannelCountConfig           0x08006595   Thumb Code    24  stm32f10x_adc.o(.text)
    ADC_DiscModeCmd                          0x080065ad   Thumb Code    22  stm32f10x_adc.o(.text)
    ADC_RegularChannelConfig                 0x080065c3   Thumb Code   184  stm32f10x_adc.o(.text)
    ADC_ExternalTrigConvCmd                  0x0800667b   Thumb Code    22  stm32f10x_adc.o(.text)
    ADC_GetConversionValue                   0x08006691   Thumb Code     8  stm32f10x_adc.o(.text)
    ADC_GetDualModeConversionValue           0x08006699   Thumb Code     8  stm32f10x_adc.o(.text)
    ADC_AutoInjectedConvCmd                  0x080066a1   Thumb Code    22  stm32f10x_adc.o(.text)
    ADC_InjectedDiscModeCmd                  0x080066b7   Thumb Code    22  stm32f10x_adc.o(.text)
    ADC_ExternalTrigInjectedConvConfig       0x080066cd   Thumb Code    16  stm32f10x_adc.o(.text)
    ADC_ExternalTrigInjectedConvCmd          0x080066dd   Thumb Code    22  stm32f10x_adc.o(.text)
    ADC_SoftwareStartInjectedConvCmd         0x080066f3   Thumb Code    22  stm32f10x_adc.o(.text)
    ADC_GetSoftwareStartInjectedConvCmdStatus 0x08006709   Thumb Code    20  stm32f10x_adc.o(.text)
    ADC_InjectedChannelConfig                0x0800671d   Thumb Code   130  stm32f10x_adc.o(.text)
    ADC_InjectedSequencerLengthConfig        0x0800679f   Thumb Code    24  stm32f10x_adc.o(.text)
    ADC_SetInjectedOffset                    0x080067b7   Thumb Code    20  stm32f10x_adc.o(.text)
    ADC_GetInjectedConversionValue           0x080067cb   Thumb Code    28  stm32f10x_adc.o(.text)
    ADC_AnalogWatchdogCmd                    0x080067e7   Thumb Code    16  stm32f10x_adc.o(.text)
    ADC_AnalogWatchdogThresholdsConfig       0x080067f7   Thumb Code     6  stm32f10x_adc.o(.text)
    ADC_AnalogWatchdogSingleChannelConfig    0x080067fd   Thumb Code    16  stm32f10x_adc.o(.text)
    ADC_TempSensorVrefintCmd                 0x0800680d   Thumb Code    64  stm32f10x_adc.o(.text)
    ADC_GetFlagStatus                        0x0800684d   Thumb Code    18  stm32f10x_adc.o(.text)
    ADC_ClearFlag                            0x0800685f   Thumb Code     6  stm32f10x_adc.o(.text)
    ADC_GetITStatus                          0x08006865   Thumb Code    36  stm32f10x_adc.o(.text)
    ADC_ClearITPendingBit                    0x08006889   Thumb Code    10  stm32f10x_adc.o(.text)
    DMA_DeInit                               0x08006895   Thumb Code   324  stm32f10x_dma.o(.text)
    DMA_Init                                 0x080069d9   Thumb Code    60  stm32f10x_dma.o(.text)
    DMA_StructInit                           0x08006a15   Thumb Code    26  stm32f10x_dma.o(.text)
    DMA_Cmd                                  0x08006a2f   Thumb Code    24  stm32f10x_dma.o(.text)
    DMA_ITConfig                             0x08006a47   Thumb Code    18  stm32f10x_dma.o(.text)
    DMA_SetCurrDataCounter                   0x08006a59   Thumb Code     4  stm32f10x_dma.o(.text)
    DMA_GetCurrDataCounter                   0x08006a5d   Thumb Code     8  stm32f10x_dma.o(.text)
    DMA_GetFlagStatus                        0x08006a65   Thumb Code    38  stm32f10x_dma.o(.text)
    DMA_ClearFlag                            0x08006a8b   Thumb Code    22  stm32f10x_dma.o(.text)
    DMA_GetITStatus                          0x08006aa1   Thumb Code    38  stm32f10x_dma.o(.text)
    DMA_ClearITPendingBit                    0x08006ac7   Thumb Code    22  stm32f10x_dma.o(.text)
    Reset_Handler                            0x08006ae5   Thumb Code     8  startup_stm32f10x_hd.o(.text)
    ADC1_2_IRQHandler                        0x08006aff   Thumb Code     0  startup_stm32f10x_hd.o(.text)
    ADC3_IRQHandler                          0x08006aff   Thumb Code     0  startup_stm32f10x_hd.o(.text)
    CAN1_RX1_IRQHandler                      0x08006aff   Thumb Code     0  startup_stm32f10x_hd.o(.text)
    CAN1_SCE_IRQHandler                      0x08006aff   Thumb Code     0  startup_stm32f10x_hd.o(.text)
    DMA1_Channel1_IRQHandler                 0x08006aff   Thumb Code     0  startup_stm32f10x_hd.o(.text)
    DMA1_Channel2_IRQHandler                 0x08006aff   Thumb Code     0  startup_stm32f10x_hd.o(.text)
    DMA1_Channel3_IRQHandler                 0x08006aff   Thumb Code     0  startup_stm32f10x_hd.o(.text)
    DMA1_Channel4_IRQHandler                 0x08006aff   Thumb Code     0  startup_stm32f10x_hd.o(.text)
    DMA1_Channel5_IRQHandler                 0x08006aff   Thumb Code     0  startup_stm32f10x_hd.o(.text)
    DMA1_Channel6_IRQHandler                 0x08006aff   Thumb Code     0  startup_stm32f10x_hd.o(.text)
    DMA1_Channel7_IRQHandler                 0x08006aff   Thumb Code     0  startup_stm32f10x_hd.o(.text)
    DMA2_Channel1_IRQHandler                 0x08006aff   Thumb Code     0  startup_stm32f10x_hd.o(.text)
    DMA2_Channel2_IRQHandler                 0x08006aff   Thumb Code     0  startup_stm32f10x_hd.o(.text)
    DMA2_Channel3_IRQHandler                 0x08006aff   Thumb Code     0  startup_stm32f10x_hd.o(.text)
    DMA2_Channel4_5_IRQHandler               0x08006aff   Thumb Code     0  startup_stm32f10x_hd.o(.text)
    EXTI0_IRQHandler                         0x08006aff   Thumb Code     0  startup_stm32f10x_hd.o(.text)
    EXTI15_10_IRQHandler                     0x08006aff   Thumb Code     0  startup_stm32f10x_hd.o(.text)
    EXTI1_IRQHandler                         0x08006aff   Thumb Code     0  startup_stm32f10x_hd.o(.text)
    EXTI2_IRQHandler                         0x08006aff   Thumb Code     0  startup_stm32f10x_hd.o(.text)
    EXTI3_IRQHandler                         0x08006aff   Thumb Code     0  startup_stm32f10x_hd.o(.text)
    EXTI4_IRQHandler                         0x08006aff   Thumb Code     0  startup_stm32f10x_hd.o(.text)
    EXTI9_5_IRQHandler                       0x08006aff   Thumb Code     0  startup_stm32f10x_hd.o(.text)
    FLASH_IRQHandler                         0x08006aff   Thumb Code     0  startup_stm32f10x_hd.o(.text)
    FSMC_IRQHandler                          0x08006aff   Thumb Code     0  startup_stm32f10x_hd.o(.text)
    I2C1_ER_IRQHandler                       0x08006aff   Thumb Code     0  startup_stm32f10x_hd.o(.text)
    I2C1_EV_IRQHandler                       0x08006aff   Thumb Code     0  startup_stm32f10x_hd.o(.text)
    I2C2_ER_IRQHandler                       0x08006aff   Thumb Code     0  startup_stm32f10x_hd.o(.text)
    I2C2_EV_IRQHandler                       0x08006aff   Thumb Code     0  startup_stm32f10x_hd.o(.text)
    PVD_IRQHandler                           0x08006aff   Thumb Code     0  startup_stm32f10x_hd.o(.text)
    RCC_IRQHandler                           0x08006aff   Thumb Code     0  startup_stm32f10x_hd.o(.text)
    RTCAlarm_IRQHandler                      0x08006aff   Thumb Code     0  startup_stm32f10x_hd.o(.text)
    RTC_IRQHandler                           0x08006aff   Thumb Code     0  startup_stm32f10x_hd.o(.text)
    SDIO_IRQHandler                          0x08006aff   Thumb Code     0  startup_stm32f10x_hd.o(.text)
    SPI1_IRQHandler                          0x08006aff   Thumb Code     0  startup_stm32f10x_hd.o(.text)
    SPI2_IRQHandler                          0x08006aff   Thumb Code     0  startup_stm32f10x_hd.o(.text)
    SPI3_IRQHandler                          0x08006aff   Thumb Code     0  startup_stm32f10x_hd.o(.text)
    TAMPER_IRQHandler                        0x08006aff   Thumb Code     0  startup_stm32f10x_hd.o(.text)
    TIM1_BRK_IRQHandler                      0x08006aff   Thumb Code     0  startup_stm32f10x_hd.o(.text)
    TIM1_CC_IRQHandler                       0x08006aff   Thumb Code     0  startup_stm32f10x_hd.o(.text)
    TIM1_TRG_COM_IRQHandler                  0x08006aff   Thumb Code     0  startup_stm32f10x_hd.o(.text)
    TIM1_UP_IRQHandler                       0x08006aff   Thumb Code     0  startup_stm32f10x_hd.o(.text)
    TIM8_BRK_IRQHandler                      0x08006aff   Thumb Code     0  startup_stm32f10x_hd.o(.text)
    TIM8_CC_IRQHandler                       0x08006aff   Thumb Code     0  startup_stm32f10x_hd.o(.text)
    TIM8_TRG_COM_IRQHandler                  0x08006aff   Thumb Code     0  startup_stm32f10x_hd.o(.text)
    TIM8_UP_IRQHandler                       0x08006aff   Thumb Code     0  startup_stm32f10x_hd.o(.text)
    UART4_IRQHandler                         0x08006aff   Thumb Code     0  startup_stm32f10x_hd.o(.text)
    UART5_IRQHandler                         0x08006aff   Thumb Code     0  startup_stm32f10x_hd.o(.text)
    USART3_IRQHandler                        0x08006aff   Thumb Code     0  startup_stm32f10x_hd.o(.text)
    USBWakeUp_IRQHandler                     0x08006aff   Thumb Code     0  startup_stm32f10x_hd.o(.text)
    USB_HP_CAN1_TX_IRQHandler                0x08006aff   Thumb Code     0  startup_stm32f10x_hd.o(.text)
    USB_LP_CAN1_RX0_IRQHandler               0x08006aff   Thumb Code     0  startup_stm32f10x_hd.o(.text)
    WWDG_IRQHandler                          0x08006aff   Thumb Code     0  startup_stm32f10x_hd.o(.text)
    __user_initial_stackheap                 0x08006b01   Thumb Code     0  startup_stm32f10x_hd.o(.text)
    tb_gpio_init                             0x08006b25   Thumb Code    96  tb_gpio.o(.text)
    gpioA_pin_set                            0x08006b85   Thumb Code    36  tb_gpio.o(.text)
    gpioB_pin_set                            0x08006ba9   Thumb Code    36  tb_gpio.o(.text)
    gpioC_pin_set                            0x08006bcd   Thumb Code    36  tb_gpio.o(.text)
    input_port_get                           0x08006bf1   Thumb Code    38  tb_gpio.o(.text)
    tb_rcc_init                              0x08006c29   Thumb Code    94  tb_rcc.o(.text)
    tb_reset_tb_usart_data                   0x08006c89   Thumb Code    14  tb_global.o(.text)
    tb_global_init                           0x08006c97   Thumb Code   208  tb_global.o(.text)
    str_contain_str                          0x08006d67   Thumb Code    74  tb_global.o(.text)
    tb_delay_init                            0x08006de9   Thumb Code     2  tb_delay.o(.text)
    tb_delay                                 0x08006deb   Thumb Code    14  tb_delay.o(.text)
    tb_delay_ns                              0x08006df9   Thumb Code    14  tb_delay.o(.text)
    tb_delay_us                              0x08006e07   Thumb Code    24  tb_delay.o(.text)
    tb_delay_ms                              0x08006e1f   Thumb Code    26  tb_delay.o(.text)
    tb_usart2_init                           0x08006e39   Thumb Code   154  tb_usart.o(.text)
    tb_usart1_init                           0x08006ed3   Thumb Code   192  tb_usart.o(.text)
    tb_usart_init                            0x08006f93   Thumb Code    46  tb_usart.o(.text)
    tb_usart1_send_byte                      0x08006fc1   Thumb Code    14  tb_usart.o(.text)
    tb_usart1_send_nbyte                     0x08006fcf   Thumb Code    44  tb_usart.o(.text)
    tb_usart1_send_str                       0x08006ffb   Thumb Code    38  tb_usart.o(.text)
    tb_usart2_send_byte                      0x08007021   Thumb Code    14  tb_usart.o(.text)
    tb_usart2_send_nbyte                     0x0800702f   Thumb Code    44  tb_usart.o(.text)
    tb_usart2_send_str                       0x0800705b   Thumb Code    38  tb_usart.o(.text)
    USART1_IRQHandler                        0x08007081   Thumb Code   248  tb_usart.o(.text)
    USART2_IRQHandler                        0x08007179   Thumb Code   270  tb_usart.o(.text)
    uart1_send_str                           0x08007287   Thumb Code    12  tb_usart.o(.text)
    uart2_send_str                           0x08007293   Thumb Code    12  tb_usart.o(.text)
    uart1_send_nbyte                         0x0800729f   Thumb Code    16  tb_usart.o(.text)
    uart2_send_nbyte                         0x080072af   Thumb Code    16  tb_usart.o(.text)
    SysTick_Int_Init                         0x080072c5   Thumb Code    24  tb_timer.o(.text)
    SysTick_Handler                          0x080072dd   Thumb Code    20  tb_timer.o(.text)
    IR_TIM2_Int_Init                         0x080072f1   Thumb Code   208  tb_timer.o(.text)
    TIM2_Int_Init                            0x080073c1   Thumb Code   102  tb_timer.o(.text)
    TIM3_Int_Init                            0x08007427   Thumb Code   104  tb_timer.o(.text)
    TIM4_Int_Init                            0x0800748f   Thumb Code    96  tb_timer.o(.text)
    TIM5_Int_Init                            0x080074ef   Thumb Code    96  tb_timer.o(.text)
    TIM6_Int_Init                            0x0800754f   Thumb Code    96  tb_timer.o(.text)
    TIM7_Int_Init                            0x080075af   Thumb Code    96  tb_timer.o(.text)
    TIM1_Int_Init                            0x0800760f   Thumb Code   226  tb_timer.o(.text)
    TIM8_Int_Init                            0x080076f1   Thumb Code   248  tb_timer.o(.text)
    TIM2_IRQHandler                          0x080077e9   Thumb Code   380  tb_timer.o(.text)
    TIM3_IRQHandler                          0x08007965   Thumb Code    78  tb_timer.o(.text)
    TIM4_IRQHandler                          0x080079b3   Thumb Code   184  tb_timer.o(.text)
    TIM5_IRQHandler                          0x08007a6b   Thumb Code   278  tb_timer.o(.text)
    TIM6_IRQHandler                          0x08007b81   Thumb Code   180  tb_timer.o(.text)
    TIM7_IRQHandler                          0x08007c35   Thumb Code   184  tb_timer.o(.text)
    I2C_ByteWrite                            0x08007d77   Thumb Code   192  i2c_mpu6050.o(.text)
    InitMPU6050                              0x08007e37   Thumb Code    58  i2c_mpu6050.o(.text)
    I2C_MPU6050_Init                         0x08007e71   Thumb Code    16  i2c_mpu6050.o(.text)
    I2C_ByteRead                             0x08007e81   Thumb Code   322  i2c_mpu6050.o(.text)
    GetData                                  0x08007fc3   Thumb Code    30  i2c_mpu6050.o(.text)
    mpu_G                                    0x08007fe1   Thumb Code   412  i2c_mpu6050.o(.text)
    mpu_T                                    0x0800817d   Thumb Code    28  i2c_mpu6050.o(.text)
    mpu_A                                    0x08008199   Thumb Code   286  i2c_mpu6050.o(.text)
    mpu_Atest                                0x080082b7   Thumb Code   366  i2c_mpu6050.o(.text)
    psx_io_config                            0x08008451   Thumb Code    62  ps2_sony.o(.text)
    PSX_init                                 0x0800848f   Thumb Code    38  ps2_sony.o(.text)
    psx_transfer                             0x080084b5   Thumb Code   120  ps2_sony.o(.text)
    psx_write_read                           0x0800852d   Thumb Code    98  ps2_sony.o(.text)
    SPI2_HC595_init                          0x08008595   Thumb Code   156  spi_hc595.o(.text)
    SPI2_HC595_send_byte                     0x08008631   Thumb Code    50  spi_hc595.o(.text)
    SPI2_HC595_send_4byte                    0x08008663   Thumb Code    60  spi_hc595.o(.text)
    dj_io_set                                0x0800869f   Thumb Code    46  spi_hc595.o(.text)
    dj_io_switch                             0x080086cd   Thumb Code    96  spi_hc595.o(.text)
    reverse8                                 0x0800872d   Thumb Code    38  spi_hc595.o(.text)
    SPI2_HC595_send_nbyte                    0x08008753   Thumb Code     2  spi_hc595.o(.text)
    ADC1_Configuration                       0x08008761   Thumb Code   144  adc.o(.text)
    DMA_Configuration                        0x080087f1   Thumb Code    76  adc.o(.text)
    ADC1_GPIO_Configuration                  0x0800883d   Thumb Code    42  adc.o(.text)
    ADC_init                                 0x08008867   Thumb Code    16  adc.o(.text)
    I2C_GPIO_Config                          0x08008889   Thumb Code    40  i2c_at24cxx_io.o(.text)
    I2C_delay_us                             0x080088b1   Thumb Code    12  i2c_at24cxx_io.o(.text)
    I2CStart_EE                              0x080088bd   Thumb Code    92  i2c_at24cxx_io.o(.text)
    I2CStop_EE                               0x08008919   Thumb Code    48  i2c_at24cxx_io.o(.text)
    I2CAck_EE                                0x08008949   Thumb Code    48  i2c_at24cxx_io.o(.text)
    I2CNoAck_EE                              0x08008979   Thumb Code    48  i2c_at24cxx_io.o(.text)
    I2CWaitAck_EE                            0x080089a9   Thumb Code    86  i2c_at24cxx_io.o(.text)
    I2CSendByte_EE                           0x080089ff   Thumb Code    90  i2c_at24cxx_io.o(.text)
    I2CReceiveByte_EE                        0x08008a59   Thumb Code    86  i2c_at24cxx_io.o(.text)
    I2CReadByte                              0x08008aaf   Thumb Code   162  i2c_at24cxx_io.o(.text)
    I2CWriteByte                             0x08008b51   Thumb Code   150  i2c_at24cxx_io.o(.text)
    I2CReadCont                              0x08008be7   Thumb Code   210  i2c_at24cxx_io.o(.text)
    I2CWriteCont                             0x08008cb9   Thumb Code   276  i2c_at24cxx_io.o(.text)
    ClrAllEeprom                             0x08008dcd   Thumb Code   232  i2c_at24cxx_io.o(.text)
    at24_write                               0x08008eb5   Thumb Code    22  i2c_at24cxx_io.o(.text)
    at24_read                                0x08008ecb   Thumb Code    22  i2c_at24cxx_io.o(.text)
    __2sprintf                               0x08008ee1   Thumb Code    34  noretval__2sprintf.o(.text)
    _printf_pre_padding                      0x08008f09   Thumb Code    46  _printf_pad.o(.text)
    _printf_post_padding                     0x08008f37   Thumb Code    36  _printf_pad.o(.text)
    _printf_str                              0x08008f5b   Thumb Code    82  _printf_str.o(.text)
    _printf_int_dec                          0x08008fad   Thumb Code   102  _printf_dec.o(.text)
    _printf_int_hex                          0x08009025   Thumb Code    88  _printf_hex_int.o(.text)
    _printf_longlong_hex                     0x08009025   Thumb Code     0  _printf_hex_int.o(.text)
    __printf                                 0x08009081   Thumb Code   310  __printf_flags_wp.o(.text)
    __0sscanf                                0x080091bd   Thumb Code    52  __0sscanf.o(.text)
    _scanf_int                               0x080091f9   Thumb Code   336  _scanf_int.o(.text)
    strcpy                                   0x08009349   Thumb Code    72  strcpy.o(.text)
    strlen                                   0x08009391   Thumb Code    62  strlen.o(.text)
    __aeabi_memcpy                           0x080093cf   Thumb Code     0  rt_memcpy_v6.o(.text)
    __rt_memcpy                              0x080093cf   Thumb Code   138  rt_memcpy_v6.o(.text)
    _memcpy_lastbytes                        0x08009435   Thumb Code     0  rt_memcpy_v6.o(.text)
    __aeabi_memclr                           0x08009459   Thumb Code     0  rt_memclr.o(.text)
    __rt_memclr                              0x08009459   Thumb Code    68  rt_memclr.o(.text)
    _memset                                  0x0800945d   Thumb Code     0  rt_memclr.o(.text)
    __aeabi_memclr4                          0x0800949d   Thumb Code     0  rt_memclr_w.o(.text)
    __aeabi_memclr8                          0x0800949d   Thumb Code     0  rt_memclr_w.o(.text)
    __rt_memclr_w                            0x0800949d   Thumb Code    78  rt_memclr_w.o(.text)
    _memset_w                                0x080094a1   Thumb Code     0  rt_memclr_w.o(.text)
    __use_two_region_memory                  0x080094eb   Thumb Code     2  heapauxi.o(.text)
    __rt_heap_escrow$2region                 0x080094ed   Thumb Code     2  heapauxi.o(.text)
    __rt_heap_expand$2region                 0x080094ef   Thumb Code     2  heapauxi.o(.text)
    __read_errno                             0x080094f1   Thumb Code    10  _rserrno.o(.text)
    __set_errno                              0x080094fb   Thumb Code    12  _rserrno.o(.text)
    _printf_int_common                       0x08009507   Thumb Code   184  _printf_intcommon.o(.text)
    __lib_sel_fp_printf                      0x080095bf   Thumb Code     2  _printf_fp_dec.o(.text)
    _printf_fp_dec_real                      0x0800976b   Thumb Code   628  _printf_fp_dec.o(.text)
    _printf_char_common                      0x080099eb   Thumb Code    32  _printf_char_common.o(.text)
    _sputc                                   0x08009a11   Thumb Code    10  _sputc.o(.text)
    _printf_cs_common                        0x08009a1b   Thumb Code    20  _printf_char.o(.text)
    _printf_char                             0x08009a2f   Thumb Code    16  _printf_char.o(.text)
    _printf_string                           0x08009a3f   Thumb Code     8  _printf_char.o(.text)
    _chval                                   0x08009a47   Thumb Code    28  _chval.o(.text)
    _scanf_really_real                       0x08009c5d   Thumb Code   672  scanf_fp.o(.text)
    __vfscanf_char                           0x08009f15   Thumb Code    24  scanf_char.o(.text)
    _sgetc                                   0x08009f35   Thumb Code    30  _sgetc.o(.text)
    _sbackspace                              0x08009f53   Thumb Code    34  _sgetc.o(.text)
    __aeabi_memcpy4                          0x08009f75   Thumb Code     0  rt_memcpy_w.o(.text)
    __aeabi_memcpy8                          0x08009f75   Thumb Code     0  rt_memcpy_w.o(.text)
    __rt_memcpy_w                            0x08009f75   Thumb Code   100  rt_memcpy_w.o(.text)
    _memcpy_lastbytes_aligned                0x08009fbd   Thumb Code     0  rt_memcpy_w.o(.text)
    __rt_locale                              0x08009fd9   Thumb Code     8  rt_locale_intlibspace.o(.text)
    __aeabi_errno_addr                       0x08009fe1   Thumb Code     8  rt_errno_addr_intlibspace.o(.text)
    __errno$intlibspace                      0x08009fe1   Thumb Code     0  rt_errno_addr_intlibspace.o(.text)
    __rt_errno_addr$intlibspace              0x08009fe1   Thumb Code     0  rt_errno_addr_intlibspace.o(.text)
    _ll_udiv10                               0x08009fe9   Thumb Code   138  lludiv10.o(.text)
    isspace                                  0x0800a073   Thumb Code    18  isspace.o(.text)
    _printf_fp_infnan                        0x0800a085   Thumb Code   112  _printf_fp_infnan.o(.text)
    __vfscanf                                0x0800a105   Thumb Code   876  _scanf.o(.text)
    _btod_etento                             0x0800a475   Thumb Code   222  bigflt0.o(.text)
    __user_libspace                          0x0800a559   Thumb Code     8  libspace.o(.text)
    __user_perproc_libspace                  0x0800a559   Thumb Code     0  libspace.o(.text)
    __user_perthread_libspace                0x0800a559   Thumb Code     0  libspace.o(.text)
    __user_setup_stackheap                   0x0800a561   Thumb Code    74  sys_stackheap_outer.o(.text)
    __rt_ctype_table                         0x0800a5ad   Thumb Code    16  rt_ctype_table.o(.text)
    _scanf_really_hex_real                   0x0800a5bd   Thumb Code   776  scanf_hexfp.o(.text)
    _scanf_really_infnan                     0x0800a8d1   Thumb Code   298  scanf_infnan.o(.text)
    exit                                     0x0800aa0d   Thumb Code    12  exit.o(.text)
    strcmp                                   0x0800aa19   Thumb Code   128  strcmpv7m.o(.text)
    __aeabi_llsl                             0x0800aa99   Thumb Code     0  llshl.o(.text)
    _ll_shift_l                              0x0800aa99   Thumb Code    38  llshl.o(.text)
    _sys_exit                                0x0800aac1   Thumb Code     8  sys_exit.o(.text)
    __I$use$semihosting                      0x0800aacd   Thumb Code     0  use_no_semi.o(.text)
    __use_no_semihosting_swi                 0x0800aacd   Thumb Code     2  use_no_semi.o(.text)
    __semihosting_library_function           0x0800aacf   Thumb Code     0  indicate_semi.o(.text)
    _btod_d2e                                0x0800aacf   Thumb Code    62  btod.o(CL$$btod_d2e)
    _d2e_denorm_low                          0x0800ab0d   Thumb Code    70  btod.o(CL$$btod_d2e_denorm_low)
    _d2e_norm_op1                            0x0800ab53   Thumb Code    96  btod.o(CL$$btod_d2e_norm_op1)
    __btod_div_common                        0x0800abb3   Thumb Code   696  btod.o(CL$$btod_div_common)
    _e2d                                     0x0800aeed   Thumb Code    80  btod.o(CL$$btod_e2d)
    _e2e                                     0x0800af41   Thumb Code   198  btod.o(CL$$btod_e2e)
    _btod_ediv                               0x0800b007   Thumb Code    40  btod.o(CL$$btod_ediv)
    _btod_edivd                              0x0800b02f   Thumb Code    40  btod.o(CL$$btod_edivd)
    _btod_emul                               0x0800b057   Thumb Code    40  btod.o(CL$$btod_emul)
    _btod_emuld                              0x0800b07f   Thumb Code    40  btod.o(CL$$btod_emuld)
    __btod_mult_common                       0x0800b0a7   Thumb Code   580  btod.o(CL$$btod_mult_common)
    __ARM_fpclassify                         0x0800b2eb   Thumb Code    40  fpclassify.o(i.__ARM_fpclassify)
    __kernel_poly                            0x0800b313   Thumb Code   170  poly.o(i.__kernel_poly)
    __mathlib_dbl_underflow                  0x0800b3bd   Thumb Code    10  dunder.o(i.__mathlib_dbl_underflow)
    __mathlib_narrow                         0x0800b3cd   Thumb Code    16  narrow.o(i.__mathlib_narrow)
    __mathlib_tofloat                        0x0800b3dd   Thumb Code   132  narrow.o(i.__mathlib_tofloat)
    __support_ldexp                          0x0800b465   Thumb Code    22  ldexp.o(i.__support_ldexp)
    _is_digit                                0x0800b47b   Thumb Code    14  __printf_wp.o(i._is_digit)
    asin                                     0x0800b489   Thumb Code   584  asin.o(i.asin)
    frexp                                    0x0800b705   Thumb Code    80  frexp.o(i.frexp)
    ldexp                                    0x0800b75d   Thumb Code   126  ldexp.o(i.ldexp)
    pow                                      0x0800b7dd   Thumb Code  2510  pow.o(i.pow)
    sqrt                                     0x0800c1bd   Thumb Code    76  sqrt.o(i.sqrt)
    _get_lc_numeric                          0x0800c209   Thumb Code    44  lc_numeric_c.o(locale$$code)
    _get_lc_ctype                            0x0800c235   Thumb Code    44  lc_ctype_c.o(locale$$code)
    __aeabi_d2f                              0x0800c261   Thumb Code     0  d2f.o(x$fpl$d2f)
    _d2f                                     0x0800c261   Thumb Code    98  d2f.o(x$fpl$d2f)
    __aeabi_dadd                             0x0800c2c5   Thumb Code     0  daddsub_clz.o(x$fpl$dadd)
    _dadd                                    0x0800c2c5   Thumb Code   332  daddsub_clz.o(x$fpl$dadd)
    __fpl_dcheck_NaN1                        0x0800c415   Thumb Code    10  dcheck1.o(x$fpl$dcheck1)
    __fpl_dcmp_Inf                           0x0800c425   Thumb Code    24  dcmpi.o(x$fpl$dcmpinf)
    __aeabi_ddiv                             0x0800c43d   Thumb Code     0  ddiv.o(x$fpl$ddiv)
    _ddiv                                    0x0800c43d   Thumb Code   552  ddiv.o(x$fpl$ddiv)
    __aeabi_cdcmpeq                          0x0800c6ed   Thumb Code     0  deqf.o(x$fpl$deqf)
    _dcmpeq                                  0x0800c6ed   Thumb Code   120  deqf.o(x$fpl$deqf)
    __aeabi_d2uiz                            0x0800c765   Thumb Code     0  dfixu.o(x$fpl$dfixu)
    _dfixu                                   0x0800c765   Thumb Code    90  dfixu.o(x$fpl$dfixu)
    __aeabi_i2d                              0x0800c7bf   Thumb Code     0  dflt_clz.o(x$fpl$dflt)
    _dflt                                    0x0800c7bf   Thumb Code    46  dflt_clz.o(x$fpl$dflt)
    __aeabi_ui2d                             0x0800c7ed   Thumb Code     0  dflt_clz.o(x$fpl$dfltu)
    _dfltu                                   0x0800c7ed   Thumb Code    38  dflt_clz.o(x$fpl$dfltu)
    __aeabi_cdcmple                          0x0800c815   Thumb Code     0  dleqf.o(x$fpl$dleqf)
    _dcmple                                  0x0800c815   Thumb Code   120  dleqf.o(x$fpl$dleqf)
    __fpl_dcmple_InfNaN                      0x0800c877   Thumb Code     0  dleqf.o(x$fpl$dleqf)
    __aeabi_dmul                             0x0800c88d   Thumb Code     0  dmul.o(x$fpl$dmul)
    _dmul                                    0x0800c88d   Thumb Code   332  dmul.o(x$fpl$dmul)
    __fpl_dnaninf                            0x0800c9e1   Thumb Code   156  dnaninf.o(x$fpl$dnaninf)
    __fpl_dretinf                            0x0800ca7d   Thumb Code    12  dretinf.o(x$fpl$dretinf)
    __aeabi_cdrcmple                         0x0800ca89   Thumb Code     0  drleqf.o(x$fpl$drleqf)
    _drcmple                                 0x0800ca89   Thumb Code   108  drleqf.o(x$fpl$drleqf)
    __aeabi_drsub                            0x0800caf5   Thumb Code     0  daddsub_clz.o(x$fpl$drsb)
    _drsb                                    0x0800caf5   Thumb Code    22  daddsub_clz.o(x$fpl$drsb)
    _dsqrt                                   0x0800cb0d   Thumb Code   456  dsqrt_noumaal.o(x$fpl$dsqrt)
    __aeabi_dsub                             0x0800ccd9   Thumb Code     0  daddsub_clz.o(x$fpl$dsub)
    _dsub                                    0x0800ccd9   Thumb Code   464  daddsub_clz.o(x$fpl$dsub)
    __aeabi_f2d                              0x0800cead   Thumb Code     0  f2d.o(x$fpl$f2d)
    _f2d                                     0x0800cead   Thumb Code    86  f2d.o(x$fpl$f2d)
    __aeabi_fadd                             0x0800cf05   Thumb Code     0  faddsub_clz.o(x$fpl$fadd)
    _fadd                                    0x0800cf05   Thumb Code   196  faddsub_clz.o(x$fpl$fadd)
    __fpl_fcmp_Inf                           0x0800cfc9   Thumb Code    24  fcmpi.o(x$fpl$fcmpinf)
    __aeabi_cfcmpeq                          0x0800cfe1   Thumb Code     0  feqf.o(x$fpl$feqf)
    _fcmpeq                                  0x0800cfe1   Thumb Code   104  feqf.o(x$fpl$feqf)
    __aeabi_f2uiz                            0x0800d049   Thumb Code     0  ffixu.o(x$fpl$ffixu)
    _ffixu                                   0x0800d049   Thumb Code    62  ffixu.o(x$fpl$ffixu)
    __aeabi_ui2f                             0x0800d089   Thumb Code     0  fflt_clz.o(x$fpl$ffltu)
    _ffltu                                   0x0800d089   Thumb Code    38  fflt_clz.o(x$fpl$ffltu)
    __aeabi_cfcmple                          0x0800d0b1   Thumb Code     0  fleqf.o(x$fpl$fleqf)
    _fcmple                                  0x0800d0b1   Thumb Code   104  fleqf.o(x$fpl$fleqf)
    __fpl_fcmple_InfNaN                      0x0800d103   Thumb Code     0  fleqf.o(x$fpl$fleqf)
    __aeabi_fmul                             0x0800d119   Thumb Code     0  fmul.o(x$fpl$fmul)
    _fmul                                    0x0800d119   Thumb Code   258  fmul.o(x$fpl$fmul)
    __fpl_fnaninf                            0x0800d21b   Thumb Code   140  fnaninf.o(x$fpl$fnaninf)
    __fpl_fretinf                            0x0800d2a7   Thumb Code    10  fretinf.o(x$fpl$fretinf)
    __aeabi_cfrcmple                         0x0800d2b1   Thumb Code     0  frleqf.o(x$fpl$frleqf)
    _frcmple                                 0x0800d2b1   Thumb Code    98  frleqf.o(x$fpl$frleqf)
    __aeabi_frsub                            0x0800d313   Thumb Code     0  faddsub_clz.o(x$fpl$frsb)
    _frsb                                    0x0800d313   Thumb Code    20  faddsub_clz.o(x$fpl$frsb)
    __aeabi_fsub                             0x0800d329   Thumb Code     0  faddsub_clz.o(x$fpl$fsub)
    _fsub                                    0x0800d329   Thumb Code   234  faddsub_clz.o(x$fpl$fsub)
    _printf_fp_dec                           0x0800d413   Thumb Code     4  printf1.o(x$fpl$printf1)
    __fpl_return_NaN                         0x0800d417   Thumb Code   100  retnan.o(x$fpl$retnan)
    __ARM_scalbn                             0x0800d47b   Thumb Code    92  scalbn.o(x$fpl$scalbn)
    _scanf_real                              0x0800d4d7   Thumb Code     4  scanf1.o(x$fpl$scanf1)
    _scanf_hex_real                          0x0800d4db   Thumb Code     4  scanf2.o(x$fpl$scanf2)
    _scanf_infnan                            0x0800d4df   Thumb Code     4  scanf2.o(x$fpl$scanf2)
    __fpl_cmpreturn                          0x0800d4e3   Thumb Code    48  trapv.o(x$fpl$trapveneer)
    __I$use$fp                               0x0800d512   Number         0  usenofp.o(x$fpl$usenofp)
    usart_baud_rate                          0x0800d514   Data          76  tb_global.o(.constdata)
    __mathlib_zero                           0x0800d678   Data           8  qnan.o(.constdata)
    Region$$Table$$Base                      0x0800d714   Number         0  anon$$obj.o(Region$$Table)
    Region$$Table$$Limit                     0x0800d734   Number         0  anon$$obj.o(Region$$Table)
    __aeabi_HUGE_VAL                         0x0800d734   Data           0  fpconst.o(c$$dinf)
    __aeabi_HUGE_VALL                        0x0800d734   Data           0  fpconst.o(c$$dinf)
    __aeabi_INFINITY                         0x0800d734   Data           0  fpconst.o(c$$dinf)
    __dInf                                   0x0800d734   Data           0  fpconst.o(c$$dinf)
    __huge_val                               0x0800d734   Data           0  fpconst.o(c$$dinf)
    __ctype                                  0x0800d765   Data           0  lc_ctype_c.o(locale$$data)
    FLAG_DRA                                 0x20000000   Data           1  main.o(.data)
    FLAG_DEA                                 0x20000001   Data           1  main.o(.data)
    FLAG_DRS                                 0x20000002   Data           1  main.o(.data)
    FLAG_DGT                                 0x20000003   Data           1  main.o(.data)
    FLAG_DST                                 0x20000004   Data           1  main.o(.data)
    FLAG_DGS                                 0x20000005   Data           1  main.o(.data)
    FLAG_DAT                                 0x20000006   Data           1  main.o(.data)
    FLAG_DOC                                 0x20000007   Data           1  main.o(.data)
    FLAG_DBG                                 0x20000008   Data           1  main.o(.data)
    FLAG_ACTION_OK                           0x20000009   Data           1  main.o(.data)
    FLAG_UART_OUT                            0x2000000a   Data           1  main.o(.data)
    car_dw_p_max                             0x2000000b   Data           1  main.o(.data)
    car_dw_p_min                             0x2000000c   Data           1  main.o(.data)
    msdelay                                  0x20000010   Data           4  main.o(.data)
    dj_group_addr_save_base                  0x20000014   Data           2  main.o(.data)
    dj_group_addr_save_end                   0x20000016   Data           2  main.o(.data)
    dj_group_all_space                       0x20000018   Data           2  main.o(.data)
    do_dj_cur_group_index                    0x2000001a   Data           2  main.o(.data)
    do_dj_cur_group_start                    0x2000001c   Data           1  main.o(.data)
    car_left_pwm                             0x20000054   Data           2  main.o(.data)
    car_right_pwm                            0x20000056   Data           2  main.o(.data)
    car_left_dir                             0x20000058   Data           1  main.o(.data)
    car_right_dir                            0x20000059   Data           1  main.o(.data)
    car_left_pwm_bak                         0x2000005a   Data           2  main.o(.data)
    car_right_pwm_bak                        0x2000005c   Data           2  main.o(.data)
    djg_bak                                  0x2000005e   Data           2  main.o(.data)
    sdelay                                   0x20000060   Data           2  main.o(.data)
    djg_start                                0x20000064   Data           4  main.o(.data)
    djg_start_bak                            0x20000068   Data           4  main.o(.data)
    djg_end                                  0x2000006c   Data           4  main.o(.data)
    djg_end_bak                              0x20000070   Data           4  main.o(.data)
    dgtimes                                  0x20000074   Data           4  main.o(.data)
    dgtimes_bak                              0x20000078   Data           4  main.o(.data)
    i                                        0x2000007c   Data           2  main.o(.data)
    j                                        0x2000007e   Data           2  main.o(.data)
    key_ir_value                             0x20000080   Data           1  main.o(.data)
    pc0_adc                                  0x20000082   Data           2  main.o(.data)
    pc1_adc                                  0x20000084   Data           2  main.o(.data)
    SystemCoreClock                          0x20000088   Data           4  system_stm32f10x.o(.data)
    AHBPrescTable                            0x2000008c   Data          16  system_stm32f10x.o(.data)
    tim1_cycle                               0x200000b0   Data           2  tb_global.o(.data)
    tim8_cycle                               0x200000b2   Data           2  tb_global.o(.data)
    IR_Key_g                                 0x200000b4   Data           4  tb_global.o(.data)
    IR_count                                 0x200000b8   Data           4  tb_global.o(.data)
    duoji_doing_io                           0x200000bc   Data           4  tb_global.o(.data)
    duoji_index1                             0x200000c0   Data           1  tb_global.o(.data)
    duoji_index2                             0x200000c1   Data           1  tb_global.o(.data)
    duoji_index3                             0x200000c2   Data           1  tb_global.o(.data)
    duoji_index4                             0x200000c3   Data           1  tb_global.o(.data)
    flag_handle_vpwm1                        0x200000c4   Data           1  tb_global.o(.data)
    flag_handle_vpwm2                        0x200000c5   Data           1  tb_global.o(.data)
    flag_handle_vpwm3                        0x200000c6   Data           1  tb_global.o(.data)
    flag_handle_vpwm4                        0x200000c7   Data           1  tb_global.o(.data)
    systick_ms                               0x200000c8   Data           4  tb_global.o(.data)
    ADC_ConvertedValue                       0x200000dc   Data           4  adc.o(.data)
    ps2_buf                                  0x200000e0   Data           9  main.o(.bss)
    tb_usart1_data                           0x200000f8   Data        2064  tb_global.o(.bss)
    tb_usart2_data                           0x20000908   Data        2064  tb_global.o(.bss)
    duoji_doing                              0x20001118   Data         512  tb_global.o(.bss)
    cmd_return                               0x20001318   Data        1024  tb_global.o(.bss)
    eeprom_info                              0x20001718   Data         632  tb_global.o(.bss)
    parse_buf                                0x20001990   Data        1024  tb_global.o(.bss)
    bak_buf                                  0x20001d90   Data        1024  tb_global.o(.bss)
    temp_buf                                 0x20002190   Data        1024  tb_global.o(.bss)
    key_buf                                  0x20002590   Data        1024  tb_global.o(.bss)
    input_cmd_buf                            0x20002990   Data        1024  tb_global.o(.bss)
    __libspace_start                         0x20002d90   Data          96  libspace.o(.bss)
    __temporary_stack_top$libspace           0x20002df0   Data           0  libspace.o(.bss)



==============================================================================

Memory Map of the image

  Image Entry point : 0x08000131

  Load Region LR_IROM1 (Base: 0x08000000, Size: 0x0000d948, Max: 0x00040000, ABSOLUTE)

    Execution Region ER_IROM1 (Base: 0x08000000, Size: 0x0000d868, Max: 0x00040000, ABSOLUTE)

    Base Addr    Size         Type   Attr      Idx    E Section Name        Object

    0x08000000   0x00000130   Data   RO          290    RESET               startup_stm32f10x_hd.o
    0x08000130   0x00000008   Code   RO          543  * !!!main             c_w.l(__main.o)
    0x08000138   0x00000034   Code   RO          932    !!!scatter          c_w.l(__scatter.o)
    0x0800016c   0x0000001a   Code   RO          934    !!handler_copy      c_w.l(__scatter_copy.o)
    0x08000186   0x00000002   PAD
    0x08000188   0x0000001c   Code   RO          936    !!handler_zi        c_w.l(__scatter_zi.o)
    0x080001a4   0x00000000   Code   RO          526    .ARM.Collect$$_printf_percent$$00000000  c_w.l(_printf_percent.o)
    0x080001a4   0x00000006   Code   RO          525    .ARM.Collect$$_printf_percent$$00000003  c_w.l(_printf_f.o)
    0x080001aa   0x00000006   Code   RO          523    .ARM.Collect$$_printf_percent$$00000009  c_w.l(_printf_d.o)
    0x080001b0   0x00000006   Code   RO          524    .ARM.Collect$$_printf_percent$$0000000A  c_w.l(_printf_u.o)
    0x080001b6   0x00000006   Code   RO          522    .ARM.Collect$$_printf_percent$$0000000C  c_w.l(_printf_x.o)
    0x080001bc   0x00000006   Code   RO          521    .ARM.Collect$$_printf_percent$$00000014  c_w.l(_printf_s.o)
    0x080001c2   0x00000004   Code   RO          630    .ARM.Collect$$_printf_percent$$00000017  c_w.l(_printf_percent_end.o)
    0x080001c6   0x00000002   Code   RO          781    .ARM.Collect$$libinit$$00000000  c_w.l(libinit.o)
    0x080001c8   0x00000000   Code   RO          783    .ARM.Collect$$libinit$$00000002  c_w.l(libinit2.o)
    0x080001c8   0x00000000   Code   RO          786    .ARM.Collect$$libinit$$00000008  c_w.l(libinit2.o)
    0x080001c8   0x00000000   Code   RO          788    .ARM.Collect$$libinit$$0000000A  c_w.l(libinit2.o)
    0x080001c8   0x00000000   Code   RO          790    .ARM.Collect$$libinit$$0000000C  c_w.l(libinit2.o)
    0x080001c8   0x00000006   Code   RO          791    .ARM.Collect$$libinit$$0000000D  c_w.l(libinit2.o)
    0x080001ce   0x00000000   Code   RO          793    .ARM.Collect$$libinit$$0000000F  c_w.l(libinit2.o)
    0x080001ce   0x0000000c   Code   RO          794    .ARM.Collect$$libinit$$00000010  c_w.l(libinit2.o)
    0x080001da   0x00000000   Code   RO          795    .ARM.Collect$$libinit$$00000011  c_w.l(libinit2.o)
    0x080001da   0x00000000   Code   RO          797    .ARM.Collect$$libinit$$00000013  c_w.l(libinit2.o)
    0x080001da   0x0000000a   Code   RO          798    .ARM.Collect$$libinit$$00000014  c_w.l(libinit2.o)
    0x080001e4   0x00000000   Code   RO          799    .ARM.Collect$$libinit$$00000015  c_w.l(libinit2.o)
    0x080001e4   0x00000000   Code   RO          801    .ARM.Collect$$libinit$$00000017  c_w.l(libinit2.o)
    0x080001e4   0x00000000   Code   RO          803    .ARM.Collect$$libinit$$00000019  c_w.l(libinit2.o)
    0x080001e4   0x00000000   Code   RO          805    .ARM.Collect$$libinit$$0000001B  c_w.l(libinit2.o)
    0x080001e4   0x00000000   Code   RO          807    .ARM.Collect$$libinit$$0000001D  c_w.l(libinit2.o)
    0x080001e4   0x00000000   Code   RO          809    .ARM.Collect$$libinit$$0000001F  c_w.l(libinit2.o)
    0x080001e4   0x00000000   Code   RO          811    .ARM.Collect$$libinit$$00000021  c_w.l(libinit2.o)
    0x080001e4   0x00000000   Code   RO          813    .ARM.Collect$$libinit$$00000023  c_w.l(libinit2.o)
    0x080001e4   0x00000000   Code   RO          817    .ARM.Collect$$libinit$$0000002A  c_w.l(libinit2.o)
    0x080001e4   0x00000000   Code   RO          819    .ARM.Collect$$libinit$$0000002C  c_w.l(libinit2.o)
    0x080001e4   0x00000000   Code   RO          821    .ARM.Collect$$libinit$$0000002E  c_w.l(libinit2.o)
    0x080001e4   0x00000000   Code   RO          823    .ARM.Collect$$libinit$$00000030  c_w.l(libinit2.o)
    0x080001e4   0x00000002   Code   RO          824    .ARM.Collect$$libinit$$00000031  c_w.l(libinit2.o)
    0x080001e6   0x00000002   Code   RO          881    .ARM.Collect$$libshutdown$$00000000  c_w.l(libshutdown.o)
    0x080001e8   0x00000000   Code   RO          893    .ARM.Collect$$libshutdown$$00000003  c_w.l(libshutdown2.o)
    0x080001e8   0x00000000   Code   RO          896    .ARM.Collect$$libshutdown$$00000006  c_w.l(libshutdown2.o)
    0x080001e8   0x00000000   Code   RO          899    .ARM.Collect$$libshutdown$$00000009  c_w.l(libshutdown2.o)
    0x080001e8   0x00000000   Code   RO          901    .ARM.Collect$$libshutdown$$0000000B  c_w.l(libshutdown2.o)
    0x080001e8   0x00000000   Code   RO          904    .ARM.Collect$$libshutdown$$0000000E  c_w.l(libshutdown2.o)
    0x080001e8   0x00000002   Code   RO          905    .ARM.Collect$$libshutdown$$0000000F  c_w.l(libshutdown2.o)
    0x080001ea   0x00000000   Code   RO          617    .ARM.Collect$$rtentry$$00000000  c_w.l(rtentry.o)
    0x080001ea   0x00000000   Code   RO          678    .ARM.Collect$$rtentry$$00000002  c_w.l(rtentry2.o)
    0x080001ea   0x00000006   Code   RO          690    .ARM.Collect$$rtentry$$00000004  c_w.l(rtentry4.o)
    0x080001f0   0x00000000   Code   RO          680    .ARM.Collect$$rtentry$$00000009  c_w.l(rtentry2.o)
    0x080001f0   0x00000004   Code   RO          681    .ARM.Collect$$rtentry$$0000000A  c_w.l(rtentry2.o)
    0x080001f4   0x00000000   Code   RO          683    .ARM.Collect$$rtentry$$0000000C  c_w.l(rtentry2.o)
    0x080001f4   0x00000008   Code   RO          684    .ARM.Collect$$rtentry$$0000000D  c_w.l(rtentry2.o)
    0x080001fc   0x00000002   Code   RO          833    .ARM.Collect$$rtexit$$00000000  c_w.l(rtexit.o)
    0x080001fe   0x00000000   Code   RO          859    .ARM.Collect$$rtexit$$00000002  c_w.l(rtexit2.o)
    0x080001fe   0x00000004   Code   RO          860    .ARM.Collect$$rtexit$$00000003  c_w.l(rtexit2.o)
    0x08000202   0x00000006   Code   RO          861    .ARM.Collect$$rtexit$$00000004  c_w.l(rtexit2.o)
    0x08000208   0x00000018   Code   RO            1    .text               stm32f10x_it.o
    0x08000220   0x00003f3c   Code   RO           78    .text               main.o
    0x0800415c   0x000001dc   Code   RO          148    .text               system_stm32f10x.o
    0x08004338   0x00000358   Code   RO          166    .text               stm32f10x_gpio.o
    0x08004690   0x000003a4   Code   RO          178    .text               stm32f10x_rcc.o
    0x08004a34   0x000000dc   Code   RO          192    .text               misc.o
    0x08004b10   0x00000408   Code   RO          204    .text               stm32f10x_usart.o
    0x08004f18   0x00000404   Code   RO          216    .text               stm32f10x_i2c.o
    0x0800531c   0x00000e1a   Code   RO          228    .text               stm32f10x_tim.o
    0x08006136   0x00000002   PAD
    0x08006138   0x0000030c   Code   RO          240    .text               stm32f10x_spi.o
    0x08006444   0x0000044e   Code   RO          252    .text               stm32f10x_adc.o
    0x08006892   0x00000002   PAD
    0x08006894   0x00000250   Code   RO          264    .text               stm32f10x_dma.o
    0x08006ae4   0x00000040   Code   RO          291    .text               startup_stm32f10x_hd.o
    0x08006b24   0x00000104   Code   RO          295    .text               tb_gpio.o
    0x08006c28   0x0000005e   Code   RO          307    .text               tb_rcc.o
    0x08006c86   0x00000002   PAD
    0x08006c88   0x00000160   Code   RO          319    .text               tb_global.o
    0x08006de8   0x00000050   Code   RO          339    .text               tb_delay.o
    0x08006e38   0x0000048c   Code   RO          351    .text               tb_usart.o
    0x080072c4   0x00000a50   Code   RO          363    .text               tb_timer.o
    0x08007d14   0x0000073c   Code   RO          379    .text               i2c_mpu6050.o
    0x08008450   0x00000144   Code   RO          394    .text               ps2_sony.o
    0x08008594   0x000001cc   Code   RO          406    .text               spi_hc595.o
    0x08008760   0x00000128   Code   RO          418    .text               adc.o
    0x08008888   0x00000658   Code   RO          436    .text               i2c_at24cxx_io.o
    0x08008ee0   0x00000028   Code   RO          470    .text               c_w.l(noretval__2sprintf.o)
    0x08008f08   0x00000052   Code   RO          474    .text               c_w.l(_printf_pad.o)
    0x08008f5a   0x00000052   Code   RO          476    .text               c_w.l(_printf_str.o)
    0x08008fac   0x00000078   Code   RO          478    .text               c_w.l(_printf_dec.o)
    0x08009024   0x0000005c   Code   RO          483    .text               c_w.l(_printf_hex_int.o)
    0x08009080   0x0000013c   Code   RO          513    .text               c_w.l(__printf_flags_wp.o)
    0x080091bc   0x0000003c   Code   RO          527    .text               c_w.l(__0sscanf.o)
    0x080091f8   0x00000150   Code   RO          529    .text               c_w.l(_scanf_int.o)
    0x08009348   0x00000048   Code   RO          531    .text               c_w.l(strcpy.o)
    0x08009390   0x0000003e   Code   RO          533    .text               c_w.l(strlen.o)
    0x080093ce   0x0000008a   Code   RO          535    .text               c_w.l(rt_memcpy_v6.o)
    0x08009458   0x00000044   Code   RO          537    .text               c_w.l(rt_memclr.o)
    0x0800949c   0x0000004e   Code   RO          539    .text               c_w.l(rt_memclr_w.o)
    0x080094ea   0x00000006   Code   RO          541    .text               c_w.l(heapauxi.o)
    0x080094f0   0x00000016   Code   RO          618    .text               c_w.l(_rserrno.o)
    0x08009506   0x000000b8   Code   RO          620    .text               c_w.l(_printf_intcommon.o)
    0x080095be   0x00000420   Code   RO          622    .text               c_w.l(_printf_fp_dec.o)
    0x080099de   0x00000002   PAD
    0x080099e0   0x00000030   Code   RO          624    .text               c_w.l(_printf_char_common.o)
    0x08009a10   0x0000000a   Code   RO          626    .text               c_w.l(_sputc.o)
    0x08009a1a   0x0000002c   Code   RO          628    .text               c_w.l(_printf_char.o)
    0x08009a46   0x0000001c   Code   RO          631    .text               c_w.l(_chval.o)
    0x08009a62   0x00000002   PAD
    0x08009a64   0x000004a4   Code   RO          633    .text               c_w.l(scanf_fp.o)
    0x08009f08   0x0000002c   Code   RO          635    .text               c_w.l(scanf_char.o)
    0x08009f34   0x00000040   Code   RO          637    .text               c_w.l(_sgetc.o)
    0x08009f74   0x00000064   Code   RO          639    .text               c_w.l(rt_memcpy_w.o)
    0x08009fd8   0x00000008   Code   RO          695    .text               c_w.l(rt_locale_intlibspace.o)
    0x08009fe0   0x00000008   Code   RO          700    .text               c_w.l(rt_errno_addr_intlibspace.o)
    0x08009fe8   0x0000008a   Code   RO          702    .text               c_w.l(lludiv10.o)
    0x0800a072   0x00000012   Code   RO          704    .text               c_w.l(isspace.o)
    0x0800a084   0x00000080   Code   RO          706    .text               c_w.l(_printf_fp_infnan.o)
    0x0800a104   0x00000370   Code   RO          710    .text               c_w.l(_scanf.o)
    0x0800a474   0x000000e4   Code   RO          712    .text               c_w.l(bigflt0.o)
    0x0800a558   0x00000008   Code   RO          761    .text               c_w.l(libspace.o)
    0x0800a560   0x0000004a   Code   RO          764    .text               c_w.l(sys_stackheap_outer.o)
    0x0800a5aa   0x00000002   PAD
    0x0800a5ac   0x00000010   Code   RO          766    .text               c_w.l(rt_ctype_table.o)
    0x0800a5bc   0x00000314   Code   RO          768    .text               c_w.l(scanf_hexfp.o)
    0x0800a8d0   0x0000013c   Code   RO          770    .text               c_w.l(scanf_infnan.o)
    0x0800aa0c   0x0000000c   Code   RO          772    .text               c_w.l(exit.o)
    0x0800aa18   0x00000080   Code   RO          774    .text               c_w.l(strcmpv7m.o)
    0x0800aa98   0x00000026   Code   RO          835    .text               c_w.l(llshl.o)
    0x0800aabe   0x00000002   PAD
    0x0800aac0   0x0000000c   Code   RO          871    .text               c_w.l(sys_exit.o)
    0x0800aacc   0x00000002   Code   RO          882    .text               c_w.l(use_no_semi.o)
    0x0800aace   0x00000000   Code   RO          884    .text               c_w.l(indicate_semi.o)
    0x0800aace   0x0000003e   Code   RO          715    CL$$btod_d2e        c_w.l(btod.o)
    0x0800ab0c   0x00000046   Code   RO          717    CL$$btod_d2e_denorm_low  c_w.l(btod.o)
    0x0800ab52   0x00000060   Code   RO          716    CL$$btod_d2e_norm_op1  c_w.l(btod.o)
    0x0800abb2   0x00000338   Code   RO          725    CL$$btod_div_common  c_w.l(btod.o)
    0x0800aeea   0x00000002   PAD
    0x0800aeec   0x00000054   Code   RO          723    CL$$btod_e2d        c_w.l(btod.o)
    0x0800af40   0x000000c6   Code   RO          722    CL$$btod_e2e        c_w.l(btod.o)
    0x0800b006   0x00000028   Code   RO          719    CL$$btod_ediv       c_w.l(btod.o)
    0x0800b02e   0x00000028   Code   RO          721    CL$$btod_edivd      c_w.l(btod.o)
    0x0800b056   0x00000028   Code   RO          718    CL$$btod_emul       c_w.l(btod.o)
    0x0800b07e   0x00000028   Code   RO          720    CL$$btod_emuld      c_w.l(btod.o)
    0x0800b0a6   0x00000244   Code   RO          724    CL$$btod_mult_common  c_w.l(btod.o)
    0x0800b2ea   0x00000028   Code   RO          664    i.__ARM_fpclassify  m_ws.l(fpclassify.o)
    0x0800b312   0x000000aa   Code   RO          666    i.__kernel_poly     m_ws.l(poly.o)
    0x0800b3bc   0x00000010   Code   RO          662    i.__mathlib_dbl_underflow  m_ws.l(dunder.o)
    0x0800b3cc   0x00000010   Code   RO          755    i.__mathlib_narrow  m_ws.l(narrow.o)
    0x0800b3dc   0x00000088   Code   RO          756    i.__mathlib_tofloat  m_ws.l(narrow.o)
    0x0800b464   0x00000016   Code   RO          847    i.__support_ldexp   m_ws.l(ldexp.o)
    0x0800b47a   0x0000000e   Code   RO          511    i._is_digit         c_w.l(__printf_wp.o)
    0x0800b488   0x0000027c   Code   RO          598    i.asin              m_ws.l(asin.o)
    0x0800b704   0x00000058   Code   RO          830    i.frexp             m_ws.l(frexp.o)
    0x0800b75c   0x0000007e   Code   RO          848    i.ldexp             m_ws.l(ldexp.o)
    0x0800b7da   0x00000002   PAD
    0x0800b7dc   0x000009e0   Code   RO          608    i.pow               m_ws.l(pow.o)
    0x0800c1bc   0x0000004c   Code   RO          670    i.sqrt              m_ws.l(sqrt.o)
    0x0800c208   0x0000002c   Code   RO          738    locale$$code        c_w.l(lc_numeric_c.o)
    0x0800c234   0x0000002c   Code   RO          838    locale$$code        c_w.l(lc_ctype_c.o)
    0x0800c260   0x00000062   Code   RO          545    x$fpl$d2f           fz_ws.l(d2f.o)
    0x0800c2c2   0x00000002   PAD
    0x0800c2c4   0x00000150   Code   RO          641    x$fpl$dadd          fz_ws.l(daddsub_clz.o)
    0x0800c414   0x00000010   Code   RO          740    x$fpl$dcheck1       fz_ws.l(dcheck1.o)
    0x0800c424   0x00000018   Code   RO          647    x$fpl$dcmpinf       fz_ws.l(dcmpi.o)
    0x0800c43c   0x000002b0   Code   RO          548    x$fpl$ddiv          fz_ws.l(ddiv.o)
    0x0800c6ec   0x00000078   Code   RO          825    x$fpl$deqf          fz_ws.l(deqf.o)
    0x0800c764   0x0000005a   Code   RO          551    x$fpl$dfixu         fz_ws.l(dfixu.o)
    0x0800c7be   0x0000002e   Code   RO          556    x$fpl$dflt          fz_ws.l(dflt_clz.o)
    0x0800c7ec   0x00000026   Code   RO          555    x$fpl$dfltu         fz_ws.l(dflt_clz.o)
    0x0800c812   0x00000002   PAD
    0x0800c814   0x00000078   Code   RO          561    x$fpl$dleqf         fz_ws.l(dleqf.o)
    0x0800c88c   0x00000154   Code   RO          563    x$fpl$dmul          fz_ws.l(dmul.o)
    0x0800c9e0   0x0000009c   Code   RO          649    x$fpl$dnaninf       fz_ws.l(dnaninf.o)
    0x0800ca7c   0x0000000c   Code   RO          651    x$fpl$dretinf       fz_ws.l(dretinf.o)
    0x0800ca88   0x0000006c   Code   RO          565    x$fpl$drleqf        fz_ws.l(drleqf.o)
    0x0800caf4   0x00000016   Code   RO          642    x$fpl$drsb          fz_ws.l(daddsub_clz.o)
    0x0800cb0a   0x00000002   PAD
    0x0800cb0c   0x000001cc   Code   RO          742    x$fpl$dsqrt         fz_ws.l(dsqrt_noumaal.o)
    0x0800ccd8   0x000001d4   Code   RO          643    x$fpl$dsub          fz_ws.l(daddsub_clz.o)
    0x0800ceac   0x00000056   Code   RO          567    x$fpl$f2d           fz_ws.l(f2d.o)
    0x0800cf02   0x00000002   PAD
    0x0800cf04   0x000000c4   Code   RO          569    x$fpl$fadd          fz_ws.l(faddsub_clz.o)
    0x0800cfc8   0x00000018   Code   RO          653    x$fpl$fcmpinf       fz_ws.l(fcmpi.o)
    0x0800cfe0   0x00000068   Code   RO          575    x$fpl$feqf          fz_ws.l(feqf.o)
    0x0800d048   0x0000003e   Code   RO          577    x$fpl$ffixu         fz_ws.l(ffixu.o)
    0x0800d086   0x00000002   PAD
    0x0800d088   0x00000026   Code   RO          581    x$fpl$ffltu         fz_ws.l(fflt_clz.o)
    0x0800d0ae   0x00000002   PAD
    0x0800d0b0   0x00000068   Code   RO          587    x$fpl$fleqf         fz_ws.l(fleqf.o)
    0x0800d118   0x00000102   Code   RO          589    x$fpl$fmul          fz_ws.l(fmul.o)
    0x0800d21a   0x0000008c   Code   RO          655    x$fpl$fnaninf       fz_ws.l(fnaninf.o)
    0x0800d2a6   0x0000000a   Code   RO          657    x$fpl$fretinf       fz_ws.l(fretinf.o)
    0x0800d2b0   0x00000062   Code   RO          591    x$fpl$frleqf        fz_ws.l(frleqf.o)
    0x0800d312   0x00000014   Code   RO          570    x$fpl$frsb          fz_ws.l(faddsub_clz.o)
    0x0800d326   0x00000002   PAD
    0x0800d328   0x000000ea   Code   RO          571    x$fpl$fsub          fz_ws.l(faddsub_clz.o)
    0x0800d412   0x00000004   Code   RO          593    x$fpl$printf1       fz_ws.l(printf1.o)
    0x0800d416   0x00000064   Code   RO          827    x$fpl$retnan        fz_ws.l(retnan.o)
    0x0800d47a   0x0000005c   Code   RO          659    x$fpl$scalbn        fz_ws.l(scalbn.o)
    0x0800d4d6   0x00000004   Code   RO          595    x$fpl$scanf1        fz_ws.l(scanf1.o)
    0x0800d4da   0x00000008   Code   RO          749    x$fpl$scanf2        fz_ws.l(scanf2.o)
    0x0800d4e2   0x00000030   Code   RO          844    x$fpl$trapveneer    fz_ws.l(trapv.o)
    0x0800d512   0x00000000   Code   RO          661    x$fpl$usenofp       fz_ws.l(usenofp.o)
    0x0800d512   0x00000002   PAD
    0x0800d514   0x0000004c   Data   RO          321    .constdata          tb_global.o
    0x0800d560   0x00000028   Data   RO          484    .constdata          c_w.l(_printf_hex_int.o)
    0x0800d588   0x00000011   Data   RO          514    .constdata          c_w.l(__printf_flags_wp.o)
    0x0800d599   0x00000007   PAD
    0x0800d5a0   0x00000050   Data   RO          599    .constdata          m_ws.l(asin.o)
    0x0800d5f0   0x00000088   Data   RO          609    .constdata          m_ws.l(pow.o)
    0x0800d678   0x00000008   Data   RO          668    .constdata          m_ws.l(qnan.o)
    0x0800d680   0x00000094   Data   RO          713    .constdata          c_w.l(bigflt0.o)
    0x0800d714   0x00000020   Data   RO          930    Region$$Table       anon$$obj.o
    0x0800d734   0x00000008   Data   RO          744    c$$dinf             fz_ws.l(fpconst.o)
    0x0800d73c   0x0000001c   Data   RO          737    locale$$data        c_w.l(lc_numeric_c.o)
    0x0800d758   0x00000110   Data   RO          837    locale$$data        c_w.l(lc_ctype_c.o)


    Execution Region RW_IRAM1 (Base: 0x20000000, Size: 0x000033f0, Max: 0x0000c000, ABSOLUTE)

    Base Addr    Size         Type   Attr      Idx    E Section Name        Object

    0x20000000   0x00000086   Data   RW           80    .data               main.o
    0x20000086   0x00000002   PAD
    0x20000088   0x00000014   Data   RW          149    .data               system_stm32f10x.o
    0x2000009c   0x00000014   Data   RW          179    .data               stm32f10x_rcc.o
    0x200000b0   0x0000001c   Data   RW          322    .data               tb_global.o
    0x200000cc   0x0000000f   Data   RW          364    .data               tb_timer.o
    0x200000db   0x00000001   PAD
    0x200000dc   0x00000004   Data   RW          419    .data               adc.o
    0x200000e0   0x00000018   Zero   RW           79    .bss                main.o
    0x200000f8   0x00002c98   Zero   RW          320    .bss                tb_global.o
    0x20002d90   0x00000060   Zero   RW          762    .bss                c_w.l(libspace.o)
    0x20002df0   0x00000200   Zero   RW          289    HEAP                startup_stm32f10x_hd.o
    0x20002ff0   0x00000400   Zero   RW          288    STACK               startup_stm32f10x_hd.o


==============================================================================

Image component sizes


      Code (inc. data)   RO Data    RW Data    ZI Data      Debug   Object Name

       296         18          0          4          0       1561   adc.o
         0          0          0          0          0         32   core_cm3.o
      1624          6          0          0          0       5387   i2c_at24cxx_io.o
      1852         92          0          0          0       3582   i2c_mpu6050.o
     16188       3464          0        134         24      38043   main.o
       220         20          0          0          0       1677   misc.o
       324          6          0          0          0       1133   ps2_sony.o
       460         12          0          0          0       2271   spi_hc595.o
        64         26        304          0       1536        752   startup_stm32f10x_hd.o
      1102         26          0          0          0      10709   stm32f10x_adc.o
       592          8          0          0          0       4206   stm32f10x_dma.o
       856         40          0          0          0       5525   stm32f10x_gpio.o
      1028         16          0          0          0       8983   stm32f10x_i2c.o
        24          0          0          0          0     292204   stm32f10x_it.o
       932         44          0         20          0       8640   stm32f10x_rcc.o
       780         14          0          0          0       6402   stm32f10x_spi.o
      3610         88          0          0          0      22008   stm32f10x_tim.o
      1032         22          0          0          0       8244   stm32f10x_usart.o
       476         36          0         20          0       1839   system_stm32f10x.o
        80          0          0          0          0       1053   tb_delay.o
       352         56         76         28      11416       6842   tb_global.o
       260         18          0          0          0       1316   tb_gpio.o
        94          0          0          0          0        478   tb_rcc.o
      2640        170          0         15          0       5332   tb_timer.o
      1164         26          0          0          0       4130   tb_usart.o

    ----------------------------------------------------------------------
     36056       4208        412        224      12976     442349   Object Totals
         0          0         32          0          0          0   (incl. Generated)
         6          0          0          3          0          0   (incl. Padding)

    ----------------------------------------------------------------------

      Code (inc. data)   RO Data    RW Data    ZI Data      Debug   Library Member Name

        60          8          0          0          0         84   __0sscanf.o
         8          0          0          0          0         68   __main.o
       316          6         17          0          0         92   __printf_flags_wp.o
        14          0          0          0          0         68   __printf_wp.o
        52          8          0          0          0          0   __scatter.o
        26          0          0          0          0          0   __scatter_copy.o
        28          0          0          0          0          0   __scatter_zi.o
        28          0          0          0          0         68   _chval.o
        44          0          0          0          0        108   _printf_char.o
        48          6          0          0          0         96   _printf_char_common.o
         6          0          0          0          0          0   _printf_d.o
       120         18          0          0          0         92   _printf_dec.o
         6          0          0          0          0          0   _printf_f.o
      1056          0          0          0          0        216   _printf_fp_dec.o
       128         16          0          0          0         84   _printf_fp_infnan.o
        92          4         40          0          0         88   _printf_hex_int.o
       184          0          0          0          0         88   _printf_intcommon.o
        82          0          0          0          0        108   _printf_pad.o
         0          0          0          0          0          0   _printf_percent.o
         4          0          0          0          0          0   _printf_percent_end.o
         6          0          0          0          0          0   _printf_s.o
        82          0          0          0          0         80   _printf_str.o
         6          0          0          0          0          0   _printf_u.o
         6          0          0          0          0          0   _printf_x.o
        22          0          0          0          0        100   _rserrno.o
       880          4          0          0          0        100   _scanf.o
       336          0          0          0          0         96   _scanf_int.o
        64          0          0          0          0         84   _sgetc.o
        10          0          0          0          0         68   _sputc.o
       228          6        148          0          0         96   bigflt0.o
      2074        132          0          0          0        940   btod.o
        12          0          0          0          0         72   exit.o
         6          0          0          0          0        152   heapauxi.o
         0          0          0          0          0          0   indicate_semi.o
        18          0          0          0          0         76   isspace.o
        44         10        272          0          0         76   lc_ctype_c.o
        44         10         28          0          0         76   lc_numeric_c.o
         2          0          0          0          0          0   libinit.o
        30          0          0          0          0          0   libinit2.o
         2          0          0          0          0          0   libshutdown.o
         2          0          0          0          0          0   libshutdown2.o
         8          4          0          0         96         68   libspace.o
        38          0          0          0          0         68   llshl.o
       138          0          0          0          0         80   lludiv10.o
        40          6          0          0          0         84   noretval__2sprintf.o
        16          4          0          0          0         76   rt_ctype_table.o
         8          4          0          0          0         68   rt_errno_addr_intlibspace.o
         8          4          0          0          0         68   rt_locale_intlibspace.o
        68          0          0          0          0         68   rt_memclr.o
        78          0          0          0          0         80   rt_memclr_w.o
       138          0          0          0          0         68   rt_memcpy_v6.o
       100          0          0          0          0         80   rt_memcpy_w.o
         0          0          0          0          0          0   rtentry.o
        12          0          0          0          0          0   rtentry2.o
         6          0          0          0          0          0   rtentry4.o
         2          0          0          0          0          0   rtexit.o
        10          0          0          0          0          0   rtexit2.o
        44          8          0          0          0         84   scanf_char.o
      1188         12          0          0          0        148   scanf_fp.o
       788         12          0          0          0        100   scanf_hexfp.o
       316         18          0          0          0        100   scanf_infnan.o
       128          0          0          0          0         68   strcmpv7m.o
        72          0          0          0          0         80   strcpy.o
        62          0          0          0          0         76   strlen.o
        12          4          0          0          0         68   sys_exit.o
        74          0          0          0          0         80   sys_stackheap_outer.o
         2          0          0          0          0         68   use_no_semi.o
        98          4          0          0          0         92   d2f.o
       826         16          0          0          0        348   daddsub_clz.o
        16          4          0          0          0         68   dcheck1.o
        24          0          0          0          0         68   dcmpi.o
       688        140          0          0          0        208   ddiv.o
       120          4          0          0          0         92   deqf.o
        90          4          0          0          0         92   dfixu.o
        84          0          0          0          0        136   dflt_clz.o
       120          4          0          0          0         92   dleqf.o
       340         12          0          0          0        104   dmul.o
       156          4          0          0          0         92   dnaninf.o
        12          0          0          0          0         68   dretinf.o
       108          0          0          0          0         80   drleqf.o
       460         56          0          0          0        120   dsqrt_noumaal.o
        86          4          0          0          0         84   f2d.o
       450          8          0          0          0        236   faddsub_clz.o
        24          0          0          0          0         68   fcmpi.o
       104          4          0          0          0         84   feqf.o
        62          4          0          0          0         84   ffixu.o
        38          0          0          0          0         68   fflt_clz.o
       104          4          0          0          0         84   fleqf.o
       258          4          0          0          0         84   fmul.o
       140          4          0          0          0         84   fnaninf.o
         0          0          8          0          0          0   fpconst.o
        10          0          0          0          0         68   fretinf.o
        98          0          0          0          0         68   frleqf.o
         4          0          0          0          0         68   printf1.o
       100          0          0          0          0         68   retnan.o
        92          0          0          0          0         68   scalbn.o
         4          0          0          0          0         68   scanf1.o
         8          0          0          0          0         84   scanf2.o
        48          0          0          0          0         68   trapv.o
         0          0          0          0          0          0   usenofp.o
       636         52         80          0          0        168   asin.o
        16          6          0          0          0         68   dunder.o
        40          0          0          0          0         68   fpclassify.o
        88          8          0          0          0         76   frexp.o
       148          0          0          0          0        160   ldexp.o
       152          4          0          0          0        160   narrow.o
       170          0          0          0          0         96   poly.o
      2528        190        136          0          0        332   pow.o
         0          0          8          0          0          0   qnan.o
        76          0          0          0          0         84   sqrt.o

    ----------------------------------------------------------------------
     18188        846        744          0         96       9264   Library Totals
        30          2          7          0          0          0   (incl. Padding)

    ----------------------------------------------------------------------

      Code (inc. data)   RO Data    RW Data    ZI Data      Debug   Library Name

      9532        304        505          0         96       4956   c_w.l
      4772        280          8          0          0       3096   fz_ws.l
      3854        260        224          0          0       1212   m_ws.l

    ----------------------------------------------------------------------
     18188        846        744          0         96       9264   Library Totals

    ----------------------------------------------------------------------

==============================================================================


      Code (inc. data)   RO Data    RW Data    ZI Data      Debug   

     54244       5054       1156        224      13072     443813   Grand Totals
     54244       5054       1156        224      13072     443813   ELF Image Totals
     54244       5054       1156        224          0          0   ROM Totals

==============================================================================

    Total RO  Size (Code + RO Data)                55400 (  54.10kB)
    Total RW  Size (RW Data + ZI Data)             13296 (  12.98kB)
    Total ROM Size (Code + RO Data + RW Data)      55624 (  54.32kB)

==============================================================================

